Archive member included to satisfy reference by file (symbol)

c:/progra~1/raspbe~1/picosd~1.1/gcc-ar~1/bin/../lib/gcc/arm-none-eabi/10.3.1/thumb/v6-m/nofp\libgcc.a(_dvmd_tls.o)
                              CMakeFiles/gc_adapter_rp2040.dir/C_/Program_Files/Raspberry_Pi/Pico_SDK_v1.5.1/pico-sdk/src/rp2_common/pico_divider/divider.S.obj (__aeabi_idiv0)
c:/progra~1/raspbe~1/picosd~1.1/gcc-ar~1/bin/../lib/gcc/arm-none-eabi/10.3.1/../../../../arm-none-eabi/lib/thumb/v6-m/nofp\libg.a(lib_a-calloc.o)
                              CMakeFiles/gc_adapter_rp2040.dir/C_/Program_Files/Raspberry_Pi/Pico_SDK_v1.5.1/pico-sdk/src/rp2_common/pico_malloc/pico_malloc.c.obj (calloc)
c:/progra~1/raspbe~1/picosd~1.1/gcc-ar~1/bin/../lib/gcc/arm-none-eabi/10.3.1/../../../../arm-none-eabi/lib/thumb/v6-m/nofp\libg.a(lib_a-callocr.o)
                              c:/progra~1/raspbe~1/picosd~1.1/gcc-ar~1/bin/../lib/gcc/arm-none-eabi/10.3.1/../../../../arm-none-eabi/lib/thumb/v6-m/nofp\libg.a(lib_a-calloc.o) (_calloc_r)
c:/progra~1/raspbe~1/picosd~1.1/gcc-ar~1/bin/../lib/gcc/arm-none-eabi/10.3.1/../../../../arm-none-eabi/lib/thumb/v6-m/nofp\libg.a(lib_a-errno.o)
                              c:/progra~1/raspbe~1/picosd~1.1/gcc-ar~1/bin/../lib/gcc/arm-none-eabi/10.3.1/../../../../arm-none-eabi/lib/thumb/v6-m/nofp\libg.a(lib_a-callocr.o) (__errno)
c:/progra~1/raspbe~1/picosd~1.1/gcc-ar~1/bin/../lib/gcc/arm-none-eabi/10.3.1/../../../../arm-none-eabi/lib/thumb/v6-m/nofp\libg.a(lib_a-impure.o)
                              c:/progra~1/raspbe~1/picosd~1.1/gcc-ar~1/bin/../lib/gcc/arm-none-eabi/10.3.1/../../../../arm-none-eabi/lib/thumb/v6-m/nofp\libg.a(lib_a-calloc.o) (_impure_ptr)
c:/progra~1/raspbe~1/picosd~1.1/gcc-ar~1/bin/../lib/gcc/arm-none-eabi/10.3.1/../../../../arm-none-eabi/lib/thumb/v6-m/nofp\libg.a(lib_a-init.o)
                              c:/progra~1/raspbe~1/picosd~1.1/gcc-ar~1/bin/../lib/gcc/arm-none-eabi/10.3.1/../../../../arm-none-eabi/lib/thumb/v6-m/nofp/crt0.o (__libc_init_array)
c:/progra~1/raspbe~1/picosd~1.1/gcc-ar~1/bin/../lib/gcc/arm-none-eabi/10.3.1/../../../../arm-none-eabi/lib/thumb/v6-m/nofp\libg.a(lib_a-malloc.o)
                              CMakeFiles/gc_adapter_rp2040.dir/C_/Program_Files/Raspberry_Pi/Pico_SDK_v1.5.1/pico-sdk/src/rp2_common/pico_malloc/pico_malloc.c.obj (malloc)
c:/progra~1/raspbe~1/picosd~1.1/gcc-ar~1/bin/../lib/gcc/arm-none-eabi/10.3.1/../../../../arm-none-eabi/lib/thumb/v6-m/nofp\libg.a(lib_a-mallocr.o)
                              c:/progra~1/raspbe~1/picosd~1.1/gcc-ar~1/bin/../lib/gcc/arm-none-eabi/10.3.1/../../../../arm-none-eabi/lib/thumb/v6-m/nofp\libg.a(lib_a-callocr.o) (_malloc_r)
c:/progra~1/raspbe~1/picosd~1.1/gcc-ar~1/bin/../lib/gcc/arm-none-eabi/10.3.1/../../../../arm-none-eabi/lib/thumb/v6-m/nofp\libg.a(lib_a-mlock.o)
                              c:/progra~1/raspbe~1/picosd~1.1/gcc-ar~1/bin/../lib/gcc/arm-none-eabi/10.3.1/../../../../arm-none-eabi/lib/thumb/v6-m/nofp\libg.a(lib_a-mallocr.o) (__malloc_lock)
c:/progra~1/raspbe~1/picosd~1.1/gcc-ar~1/bin/../lib/gcc/arm-none-eabi/10.3.1/../../../../arm-none-eabi/lib/thumb/v6-m/nofp\libg.a(lib_a-realloc.o)
                              CMakeFiles/gc_adapter_rp2040.dir/C_/Program_Files/Raspberry_Pi/Pico_SDK_v1.5.1/pico-sdk/src/rp2_common/pico_malloc/pico_malloc.c.obj (realloc)
c:/progra~1/raspbe~1/picosd~1.1/gcc-ar~1/bin/../lib/gcc/arm-none-eabi/10.3.1/../../../../arm-none-eabi/lib/thumb/v6-m/nofp\libg.a(lib_a-reallocr.o)
                              c:/progra~1/raspbe~1/picosd~1.1/gcc-ar~1/bin/../lib/gcc/arm-none-eabi/10.3.1/../../../../arm-none-eabi/lib/thumb/v6-m/nofp\libg.a(lib_a-realloc.o) (_realloc_r)
c:/progra~1/raspbe~1/picosd~1.1/gcc-ar~1/bin/../lib/gcc/arm-none-eabi/10.3.1/../../../../arm-none-eabi/lib/thumb/v6-m/nofp\libg.a(lib_a-sbrkr.o)
                              c:/progra~1/raspbe~1/picosd~1.1/gcc-ar~1/bin/../lib/gcc/arm-none-eabi/10.3.1/../../../../arm-none-eabi/lib/thumb/v6-m/nofp\libg.a(lib_a-mallocr.o) (_sbrk_r)
c:/progra~1/raspbe~1/picosd~1.1/gcc-ar~1/bin/../lib/gcc/arm-none-eabi/10.3.1/../../../../arm-none-eabi/lib/thumb/v6-m/nofp\libg.a(lib_a-strlen-stub.o)
                              CMakeFiles/gc_adapter_rp2040.dir/src/usb/adapter_usb.c.obj (strlen)
c:/progra~1/raspbe~1/picosd~1.1/gcc-ar~1/bin/../lib/gcc/arm-none-eabi/10.3.1/../../../../arm-none-eabi/lib/thumb/v6-m/nofp\libg.a(lib_a-freer.o)
                              c:/progra~1/raspbe~1/picosd~1.1/gcc-ar~1/bin/../lib/gcc/arm-none-eabi/10.3.1/../../../../arm-none-eabi/lib/thumb/v6-m/nofp\libg.a(lib_a-malloc.o) (_free_r)
c:/progra~1/raspbe~1/picosd~1.1/gcc-ar~1/bin/../lib/gcc/arm-none-eabi/10.3.1/../../../../arm-none-eabi/lib/thumb/v6-m/nofp\libg.a(lib_a-lock.o)
                              c:/progra~1/raspbe~1/picosd~1.1/gcc-ar~1/bin/../lib/gcc/arm-none-eabi/10.3.1/../../../../arm-none-eabi/lib/thumb/v6-m/nofp\libg.a(lib_a-mlock.o) (__retarget_lock_acquire_recursive)
[...]
Memory Configuration

Name             Origin             Length             Attributes
FLASH            0x10000000         0x00200000         xr
RAM              0x20000000         0x00040000         xrw
SCRATCH_X        0x20040000         0x00001000         xrw
SCRATCH_Y        0x20041000         0x00001000         xrw
*default*        0x00000000         0xffffffff

Linker script and memory map

LOAD c:/progra~1/raspbe~1/picosd~1.1/gcc-ar~1/bin/../lib/gcc/arm-none-eabi/10.3.1/thumb/v6-m/nofp/crti.o
LOAD c:/progra~1/raspbe~1/picosd~1.1/gcc-ar~1/bin/../lib/gcc/arm-none-eabi/10.3.1/thumb/v6-m/nofp/crtbegin.o
LOAD c:/progra~1/raspbe~1/picosd~1.1/gcc-ar~1/bin/../lib/gcc/arm-none-eabi/10.3.1/../../../../arm-none-eabi/lib/thumb/v6-m/nofp/crt0.o

.flash_begin    0x10000000        0x0
                0x10000000                __flash_binary_start = .

.boot2          0x10000000      0x100
                0x10000000                __boot2_start__ = .
 *(.boot2)
 .boot2         0x10000000      0x100 C:\Users\Mitch\AppData\Local\Temp\cci1DT5f.o
                0x10000100                __boot2_end__ = .
                0x00000001                ASSERT (((__boot2_end__ - __boot2_start__) == 0x100), ERROR: Pico second stage bootloader must be 256 bytes in size)

.text           0x10000100     0x8e08
                0x10000100                __logical_binary_start = .
 *(.vectors)
 .vectors       0x10000100       0xd4 CMakeFiles/gc_adapter_rp2040.dir/C_/Program_Files/Raspberry_Pi/Pico_SDK_v1.5.1/pico-sdk/src/rp2_common/pico_standard_link/crt0.S.obj
                0x10000100                __VECTOR_TABLE
                0x10000100                __vectors
                0x100001c0                isr_invalid
                0x100001c0                __default_isrs_start
                0x100001c2                isr_nmi
                0x100001c4                isr_hardfault
                0x100001c6                isr_svcall
                0x100001c8                isr_pendsv
                0x100001ca                isr_systick
                0x100001cc                isr_irq23
                0x100001cc                isr_irq18
                0x100001cc                isr_irq11
                0x100001cc                isr_irq28
                0x100001cc                isr_irq19
                0x100001cc                isr_irq0
                0x100001cc                isr_irq6
                0x100001cc                isr_irq5
                0x100001cc                isr_irq12
                0x100001cc                isr_irq22
                0x100001cc                isr_irq31
                0x100001cc                isr_irq17
                0x100001cc                isr_irq27
                0x100001cc                isr_irq30
                0x100001cc                isr_irq2
                0x100001cc                isr_irq10
                0x100001cc                isr_irq8
                0x100001cc                isr_irq24
                0x100001cc                isr_irq1
                0x100001cc                isr_irq7
                0x100001cc                isr_irq21
                0x100001cc                isr_irq20
                0x100001cc                isr_irq15
                0x100001cc                isr_irq25
                0x100001cc                isr_irq13
                0x100001cc                __unhandled_user_irq
                0x100001cc                isr_irq4
                0x100001cc                isr_irq16
                0x100001cc                isr_irq29
                0x100001cc                isr_irq26
                0x100001cc                __default_isrs_end
                0x100001cc                isr_irq3
                0x100001cc                isr_irq14
                0x100001cc                isr_irq9
                0x100001d2                unhandled_user_irq_num_in_r0
 *(.binary_info_header)
 .binary_info_header
                0x100001d4       0x14 CMakeFiles/gc_adapter_rp2040.dir/C_/Program_Files/Raspberry_Pi/Pico_SDK_v1.5.1/pico-sdk/src/rp2_common/pico_standard_link/crt0.S.obj
                0x100001e8                __binary_info_header_end = .
 *(.reset)
 .reset         0x100001e8       0xa0 CMakeFiles/gc_adapter_rp2040.dir/C_/Program_Files/Raspberry_Pi/Pico_SDK_v1.5.1/pico-sdk/src/rp2_common/pico_standard_link/crt0.S.obj
                0x100001e8                _entry_point
 .reset         0x10000288       0x30 CMakeFiles/gc_adapter_rp2040.dir/C_/Program_Files/Raspberry_Pi/Pico_SDK_v1.5.1/pico-sdk/src/rp2_common/pico_standard_link/binary_info.c.obj
 *(.init)
 .init          0x100002b8        0x4 c:/progra~1/raspbe~1/picosd~1.1/gcc-ar~1/bin/../lib/gcc/arm-none-eabi/10.3.1/thumb/v6-m/nofp/crti.o
                0x100002b8                _init
 *(EXCLUDE_FILE(*libm.a: *libc.a:*lib_a-mem*.o *libgcc.a:) .text*)
 .text          0x100002bc       0x48 c:/progra~1/raspbe~1/picosd~1.1/gcc-ar~1/bin/../lib/gcc/arm-none-eabi/10.3.1/thumb/v6-m/nofp/crtbegin.o
 .text.reset_usb_boot
                0x10000304       0x18 CMakeFiles/gc_adapter_rp2040.dir/src/main.c.obj
 .text.adapter_hardware_setup
                0x1000031c       0x38 CMakeFiles/gc_adapter_rp2040.dir/src/main.c.obj
                0x1000031c                adapter_hardware_setup
 .text.main     0x10000354       0x70 CMakeFiles/gc_adapter_rp2040.dir/src/main.c.obj
                0x10000354                main
 .text._rgb_update_all
                0x100003c4       0x28 CMakeFiles/gc_adapter_rp2040.dir/src/utilities/rgb.c.obj
                0x100003c4                _rgb_update_all
 .text._rgb_blend
                0x100003ec       0xac CMakeFiles/gc_adapter_rp2040.dir/src/utilities/rgb.c.obj
                0x100003ec                _rgb_blend
 .text._rgb_animate_step
                0x10000498       0x98 CMakeFiles/gc_adapter_rp2040.dir/src/utilities/rgb.c.obj
                0x10000498                _rgb_animate_step
 .text.rgb_set_dirty
                0x10000530        0xc CMakeFiles/gc_adapter_rp2040.dir/src/utilities/rgb.c.obj
                0x10000530                rgb_set_dirty
 .text.rgb_set_all
                0x1000053c       0x18 CMakeFiles/gc_adapter_rp2040.dir/src/utilities/rgb.c.obj
                0x1000053c                rgb_set_all
 .text.rgb_init
                0x10000554      0x134 CMakeFiles/gc_adapter_rp2040.dir/src/utilities/rgb.c.obj
                0x10000554                rgb_init
 .text.rgb_task
                0x10000688       0x48 CMakeFiles/gc_adapter_rp2040.dir/src/utilities/rgb.c.obj
                0x10000688                rgb_task
 .text.tud_descriptor_bos_cb
                0x100006d0        0x8 CMakeFiles/gc_adapter_rp2040.dir/src/usb/desc_bos.c.obj
                0x100006d0                tud_descriptor_bos_cb
 .text._adapter_usb_set_interval
                0x100006d8        0xc CMakeFiles/gc_adapter_rp2040.dir/src/usb/adapter_usb.c.obj
                0x100006d8                _adapter_usb_set_interval
 .text.adapter_usb_start
                0x100006e4       0x64 CMakeFiles/gc_adapter_rp2040.dir/src/usb/adapter_usb.c.obj
                0x100006e4                adapter_usb_start
 .text.tud_descriptor_device_cb
                0x10000748       0x28 CMakeFiles/gc_adapter_rp2040.dir/src/usb/adapter_usb.c.obj
                0x10000748                tud_descriptor_device_cb
 .text.tud_descriptor_configuration_cb
                0x10000770       0x28 CMakeFiles/gc_adapter_rp2040.dir/src/usb/adapter_usb.c.obj
                0x10000770                tud_descriptor_configuration_cb
 .text.tud_hid_get_report_cb
                0x10000798        0x4 CMakeFiles/gc_adapter_rp2040.dir/src/usb/adapter_usb.c.obj
                0x10000798                tud_hid_get_report_cb
 .text.tud_hid_report_complete_cb
                0x1000079c        0xc CMakeFiles/gc_adapter_rp2040.dir/src/usb/adapter_usb.c.obj
                0x1000079c                tud_hid_report_complete_cb
 .text.tud_hid_set_report_cb
                0x100007a8       0x34 CMakeFiles/gc_adapter_rp2040.dir/src/usb/adapter_usb.c.obj
                0x100007a8                tud_hid_set_report_cb
 .text.tud_hid_descriptor_report_cb
                0x100007dc        0x8 CMakeFiles/gc_adapter_rp2040.dir/src/usb/adapter_usb.c.obj
                0x100007dc                tud_hid_descriptor_report_cb
 .text.usbd_app_driver_get_cb
                0x100007e4       0x1c CMakeFiles/gc_adapter_rp2040.dir/src/usb/adapter_usb.c.obj
                0x100007e4                usbd_app_driver_get_cb
 .text.tud_descriptor_string_cb
                0x10000800       0x58 CMakeFiles/gc_adapter_rp2040.dir/src/usb/adapter_usb.c.obj
                0x10000800                tud_descriptor_string_cb
 .text.tud_vendor_rx_cb
                0x10000858       0x34 CMakeFiles/gc_adapter_rp2040.dir/src/usb/adapter_usb.c.obj
                0x10000858                tud_vendor_rx_cb
 .text.joybus_program_init
                0x1000088c      0x1c4 CMakeFiles/gc_adapter_rp2040.dir/src/adapter.c.obj
 .text._gc_port_data
                0x10000a50       0xe0 CMakeFiles/gc_adapter_rp2040.dir/src/adapter.c.obj
                0x10000a50                _gc_port_data
 .text._gamecube_get_data
                0x10000b30       0x1c CMakeFiles/gc_adapter_rp2040.dir/src/adapter.c.obj
                0x10000b30                _gamecube_get_data
 .text._gamecube_send_probe
                0x10000b4c      0x1e8 CMakeFiles/gc_adapter_rp2040.dir/src/adapter.c.obj
                0x10000b4c                _gamecube_send_probe
 .text.adapter_comms_task
                0x10000d34       0xfc CMakeFiles/gc_adapter_rp2040.dir/src/adapter.c.obj
                0x10000d34                adapter_comms_task
 .text.adapter_init
                0x10000e30       0x38 CMakeFiles/gc_adapter_rp2040.dir/src/adapter.c.obj
                0x10000e30                adapter_init
 .text.settings_save_webindicate
                0x10000e68        0xc CMakeFiles/gc_adapter_rp2040.dir/src/adapter_settings.c.obj
                0x10000e68                settings_save_webindicate
 .text.settings_save
                0x10000e74        0xc CMakeFiles/gc_adapter_rp2040.dir/src/adapter_settings.c.obj
                0x10000e74                settings_save
 .text.xinputd_control_xfer_cb
                0x10000e80        0x4 CMakeFiles/gc_adapter_rp2040.dir/src/usb/xinput_device.c.obj
                0x10000e80                xinputd_control_xfer_cb
 .text.xinputd_reset
                0x10000e84       0x14 CMakeFiles/gc_adapter_rp2040.dir/src/usb/xinput_device.c.obj
                0x10000e84                xinputd_reset
 .text.xinputd_init
                0x10000e98        0xa CMakeFiles/gc_adapter_rp2040.dir/src/usb/xinput_device.c.obj
                0x10000e98                xinputd_init
 *fill*         0x10000ea2        0x2 
 .text.xinputd_open
                0x10000ea4       0x90 CMakeFiles/gc_adapter_rp2040.dir/src/usb/xinput_device.c.obj
                0x10000ea4                xinputd_open
 .text.xinputd_xfer_cb
                0x10000f34       0xa8 CMakeFiles/gc_adapter_rp2040.dir/src/usb/xinput_device.c.obj
                0x10000f34                xinputd_xfer_cb
 .text.tud_xinput_n_getout
                0x10000fdc       0x6c CMakeFiles/gc_adapter_rp2040.dir/src/usb/xinput_device.c.obj
                0x10000fdc                tud_xinput_n_getout
 .text.tud_xinput_n_report
                0x10001048       0x88 CMakeFiles/gc_adapter_rp2040.dir/src/usb/xinput_device.c.obj
                0x10001048                tud_xinput_n_report
 .text.tud_xinput_n_ready
                0x100010d0       0x54 CMakeFiles/gc_adapter_rp2040.dir/src/usb/xinput_device.c.obj
                0x100010d0                tud_xinput_n_ready
 .text.clear_report
                0x10001124       0x18 CMakeFiles/gc_adapter_rp2040.dir/src/switch/switch_commands.c.obj
                0x10001124                clear_report
 .text.set_report_id
                0x1000113c        0xc CMakeFiles/gc_adapter_rp2040.dir/src/switch/switch_commands.c.obj
                0x1000113c                set_report_id
 .text.set_ack  0x10001148       0x10 CMakeFiles/gc_adapter_rp2040.dir/src/switch/switch_commands.c.obj
                0x10001148                set_ack
 .text.set_command
                0x10001158       0x10 CMakeFiles/gc_adapter_rp2040.dir/src/switch/switch_commands.c.obj
                0x10001158                set_command
 .text.set_timer
                0x10001168       0x2c CMakeFiles/gc_adapter_rp2040.dir/src/switch/switch_commands.c.obj
                0x10001168                set_timer
 .text.set_battconn
                0x10001194       0x10 CMakeFiles/gc_adapter_rp2040.dir/src/switch/switch_commands.c.obj
                0x10001194                set_battconn
 .text.set_devinfo
                0x100011a4       0x20 CMakeFiles/gc_adapter_rp2040.dir/src/switch/switch_commands.c.obj
                0x100011a4                set_devinfo
 .text.set_sub_triggertime
                0x100011c4       0x2c CMakeFiles/gc_adapter_rp2040.dir/src/switch/switch_commands.c.obj
                0x100011c4                set_sub_triggertime
 .text.rumble_translate
                0x100011f0        0x2 CMakeFiles/gc_adapter_rp2040.dir/src/switch/switch_commands.c.obj
                0x100011f0                rumble_translate
 *fill*         0x100011f2        0x2 
 .text.info_set_mac
                0x100011f4       0x38 CMakeFiles/gc_adapter_rp2040.dir/src/switch/switch_commands.c.obj
                0x100011f4                info_set_mac
 .text.info_handler
                0x1000122c       0x58 CMakeFiles/gc_adapter_rp2040.dir/src/switch/switch_commands.c.obj
                0x1000122c                info_handler
 .text.pairing_set
                0x10001284       0x9c CMakeFiles/gc_adapter_rp2040.dir/src/switch/switch_commands.c.obj
                0x10001284                pairing_set
 .text.command_handler
                0x10001320      0x23c CMakeFiles/gc_adapter_rp2040.dir/src/switch/switch_commands.c.obj
                0x10001320                command_handler
 .text.report_handler
                0x1000155c       0x2c CMakeFiles/gc_adapter_rp2040.dir/src/switch/switch_commands.c.obj
                0x1000155c                report_handler
 .text._unknown_thing
                0x10001588       0x2c CMakeFiles/gc_adapter_rp2040.dir/src/switch/switch_commands.c.obj
                0x10001588                _unknown_thing
 .text.switch_commands_process
                0x100015b4       0xc0 CMakeFiles/gc_adapter_rp2040.dir/src/switch/switch_commands.c.obj
                0x100015b4                switch_commands_process
 .text.switch_commands_future_handle
                0x10001674       0x34 CMakeFiles/gc_adapter_rp2040.dir/src/switch/switch_commands.c.obj
                0x10001674                switch_commands_future_handle
 .text.switch_commands_bulkset
                0x100016a8       0x1c CMakeFiles/gc_adapter_rp2040.dir/src/switch/switch_commands.c.obj
                0x100016a8                switch_commands_bulkset
 .text.sw_spi_getaddressdata
                0x100016c4      0x168 CMakeFiles/gc_adapter_rp2040.dir/src/switch/switch_spi.c.obj
                0x100016c4                sw_spi_getaddressdata
 .text.sw_spi_readfromaddress
                0x1000182c       0x5c CMakeFiles/gc_adapter_rp2040.dir/src/switch/switch_spi.c.obj
                0x1000182c                sw_spi_readfromaddress
 .text.swpro_hid_report
                0x10001888      0x134 CMakeFiles/gc_adapter_rp2040.dir/src/devices/swpro.c.obj
                0x10001888                swpro_hid_report
 .text.tud_vendor_control_xfer_cb
                0x100019bc       0x8c CMakeFiles/gc_adapter_rp2040.dir/src/devices/swpro.c.obj
                0x100019bc                tud_vendor_control_xfer_cb
 .text.webusb_command_processor
                0x10001a48      0x170 CMakeFiles/gc_adapter_rp2040.dir/src/devices/webusb.c.obj
                0x10001a48                webusb_command_processor
 .text.sign_axis
                0x10001bb8       0x24 CMakeFiles/gc_adapter_rp2040.dir/src/devices/xinput.c.obj
                0x10001bb8                sign_axis
 .text.xinput_hid_report
                0x10001bdc      0x11c CMakeFiles/gc_adapter_rp2040.dir/src/devices/xinput.c.obj
                0x10001bdc                xinput_hid_report
 .text.gpio_set_function
                0x10001cf8       0x30 CMakeFiles/gc_adapter_rp2040.dir/C_/Program_Files/Raspberry_Pi/Pico_SDK_v1.5.1/pico-sdk/src/rp2_common/hardware_gpio/gpio.c.obj
                0x10001cf8                gpio_set_function
 .text.gpio_set_pulls
                0x10001d28       0x34 CMakeFiles/gc_adapter_rp2040.dir/C_/Program_Files/Raspberry_Pi/Pico_SDK_v1.5.1/pico-sdk/src/rp2_common/hardware_gpio/gpio.c.obj
                0x10001d28                gpio_set_pulls
 .text.gpio_init
                0x10001d5c       0x16 CMakeFiles/gc_adapter_rp2040.dir/C_/Program_Files/Raspberry_Pi/Pico_SDK_v1.5.1/pico-sdk/src/rp2_common/hardware_gpio/gpio.c.obj
                0x10001d5c                gpio_init
 *fill*         0x10001d72        0x2 
 .text.running_on_fpga
                0x10001d74       0x14 CMakeFiles/gc_adapter_rp2040.dir/C_/Program_Files/Raspberry_Pi/Pico_SDK_v1.5.1/pico-sdk/src/rp2_common/pico_platform/platform.c.obj
                0x10001d74                running_on_fpga
 .text.hw_claim_lock
                0x10001d88       0x18 CMakeFiles/gc_adapter_rp2040.dir/C_/Program_Files/Raspberry_Pi/Pico_SDK_v1.5.1/pico-sdk/src/rp2_common/hardware_claim/claim.c.obj
                0x10001d88                hw_claim_lock
 .text.hw_claim_unlock
                0x10001da0       0x14 CMakeFiles/gc_adapter_rp2040.dir/C_/Program_Files/Raspberry_Pi/Pico_SDK_v1.5.1/pico-sdk/src/rp2_common/hardware_claim/claim.c.obj
                0x10001da0                hw_claim_unlock
 .text.hw_claim_or_assert
                0x10001db4       0x32 CMakeFiles/gc_adapter_rp2040.dir/C_/Program_Files/Raspberry_Pi/Pico_SDK_v1.5.1/pico-sdk/src/rp2_common/hardware_claim/claim.c.obj
                0x10001db4                hw_claim_or_assert
 .text.hw_claim_unused_from_range
                0x10001de6       0x50 CMakeFiles/gc_adapter_rp2040.dir/C_/Program_Files/Raspberry_Pi/Pico_SDK_v1.5.1/pico-sdk/src/rp2_common/hardware_claim/claim.c.obj
                0x10001de6                hw_claim_unused_from_range
 *fill*         0x10001e36        0x2 
 .text.spin_locks_reset
                0x10001e38       0x20 CMakeFiles/gc_adapter_rp2040.dir/C_/Program_Files/Raspberry_Pi/Pico_SDK_v1.5.1/pico-sdk/src/rp2_common/hardware_sync/sync.c.obj
                0x10001e38                spin_locks_reset
 .text.next_striped_spin_lock_num
                0x10001e58       0x1c CMakeFiles/gc_adapter_rp2040.dir/C_/Program_Files/Raspberry_Pi/Pico_SDK_v1.5.1/pico-sdk/src/rp2_common/hardware_sync/sync.c.obj
                0x10001e58                next_striped_spin_lock_num
 .text.spin_lock_claim_unused
                0x10001e74       0x20 CMakeFiles/gc_adapter_rp2040.dir/C_/Program_Files/Raspberry_Pi/Pico_SDK_v1.5.1/pico-sdk/src/rp2_common/hardware_sync/sync.c.obj
                0x10001e74                spin_lock_claim_unused
 .text.set_raw_irq_handler_and_unlock
                0x10001e94       0x28 CMakeFiles/gc_adapter_rp2040.dir/C_/Program_Files/Raspberry_Pi/Pico_SDK_v1.5.1/pico-sdk/src/rp2_common/hardware_irq/irq.c.obj
 .text.make_branch
                0x10001ebc       0x48 CMakeFiles/gc_adapter_rp2040.dir/C_/Program_Files/Raspberry_Pi/Pico_SDK_v1.5.1/pico-sdk/src/rp2_common/hardware_irq/irq.c.obj
 .text.insert_branch_and_link
                0x10001f04       0x40 CMakeFiles/gc_adapter_rp2040.dir/C_/Program_Files/Raspberry_Pi/Pico_SDK_v1.5.1/pico-sdk/src/rp2_common/hardware_irq/irq.c.obj
 .text.irq_is_enabled
                0x10001f44       0x18 CMakeFiles/gc_adapter_rp2040.dir/C_/Program_Files/Raspberry_Pi/Pico_SDK_v1.5.1/pico-sdk/src/rp2_common/hardware_irq/irq.c.obj
                0x10001f44                irq_is_enabled
 .text.irq_set_mask_enabled
                0x10001f5c       0x20 CMakeFiles/gc_adapter_rp2040.dir/C_/Program_Files/Raspberry_Pi/Pico_SDK_v1.5.1/pico-sdk/src/rp2_common/hardware_irq/irq.c.obj
                0x10001f5c                irq_set_mask_enabled
 .text.irq_set_enabled
                0x10001f7c        0xe CMakeFiles/gc_adapter_rp2040.dir/C_/Program_Files/Raspberry_Pi/Pico_SDK_v1.5.1/pico-sdk/src/rp2_common/hardware_irq/irq.c.obj
                0x10001f7c                irq_set_enabled
 *fill*         0x10001f8a        0x2 
 .text.irq_get_vtable_handler
                0x10001f8c       0x10 CMakeFiles/gc_adapter_rp2040.dir/C_/Program_Files/Raspberry_Pi/Pico_SDK_v1.5.1/pico-sdk/src/rp2_common/hardware_irq/irq.c.obj
                0x10001f8c                irq_get_vtable_handler
 .text.irq_set_exclusive_handler
                0x10001f9c       0x54 CMakeFiles/gc_adapter_rp2040.dir/C_/Program_Files/Raspberry_Pi/Pico_SDK_v1.5.1/pico-sdk/src/rp2_common/hardware_irq/irq.c.obj
                0x10001f9c                irq_set_exclusive_handler
 .text.irq_add_shared_handler
                0x10001ff0      0x234 CMakeFiles/gc_adapter_rp2040.dir/C_/Program_Files/Raspberry_Pi/Pico_SDK_v1.5.1/pico-sdk/src/rp2_common/hardware_irq/irq.c.obj
                0x10001ff0                irq_add_shared_handler
 .text.irq_remove_handler
                0x10002224      0x1ac CMakeFiles/gc_adapter_rp2040.dir/C_/Program_Files/Raspberry_Pi/Pico_SDK_v1.5.1/pico-sdk/src/rp2_common/hardware_irq/irq.c.obj
                0x10002224                irq_remove_handler
 .text.irq_add_tail_to_free_list
                0x100023d0       0xf0 CMakeFiles/gc_adapter_rp2040.dir/C_/Program_Files/Raspberry_Pi/Pico_SDK_v1.5.1/pico-sdk/src/rp2_common/hardware_irq/irq.c.obj
                0x100023d0                irq_add_tail_to_free_list
 .text.irq_init_priorities
                0x100024c0       0x1c CMakeFiles/gc_adapter_rp2040.dir/C_/Program_Files/Raspberry_Pi/Pico_SDK_v1.5.1/pico-sdk/src/rp2_common/hardware_irq/irq.c.obj
                0x100024c0                irq_init_priorities
 .text.lock_init
                0x100024dc       0x10 CMakeFiles/gc_adapter_rp2040.dir/C_/Program_Files/Raspberry_Pi/Pico_SDK_v1.5.1/pico-sdk/src/common/pico_sync/lock_core.c.obj
                0x100024dc                lock_init
 .text.mutex_init
                0x100024ec       0x1a CMakeFiles/gc_adapter_rp2040.dir/C_/Program_Files/Raspberry_Pi/Pico_SDK_v1.5.1/pico-sdk/src/common/pico_sync/mutex.c.obj
                0x100024ec                mutex_init
 .text.recursive_mutex_init
                0x10002506       0x1e CMakeFiles/gc_adapter_rp2040.dir/C_/Program_Files/Raspberry_Pi/Pico_SDK_v1.5.1/pico-sdk/src/common/pico_sync/mutex.c.obj
                0x10002506                recursive_mutex_init
 .text.critical_section_init_with_lock_num
                0x10002524       0x14 CMakeFiles/gc_adapter_rp2040.dir/C_/Program_Files/Raspberry_Pi/Pico_SDK_v1.5.1/pico-sdk/src/common/pico_sync/critical_section.c.obj
                0x10002524                critical_section_init_with_lock_num
 .text.critical_section_init
                0x10002538       0x14 CMakeFiles/gc_adapter_rp2040.dir/C_/Program_Files/Raspberry_Pi/Pico_SDK_v1.5.1/pico-sdk/src/common/pico_sync/critical_section.c.obj
                0x10002538                critical_section_init
 .text.alarm_pool_post_alloc_init
                0x1000254c       0x40 CMakeFiles/gc_adapter_rp2040.dir/C_/Program_Files/Raspberry_Pi/Pico_SDK_v1.5.1/pico-sdk/src/common/pico_time/time.c.obj
 .text.sleep_until_callback
                0x1000258c       0x30 CMakeFiles/gc_adapter_rp2040.dir/C_/Program_Files/Raspberry_Pi/Pico_SDK_v1.5.1/pico-sdk/src/common/pico_time/time.c.obj
 .text.timer_pool_entry_comparator
                0x100025bc       0x7c CMakeFiles/gc_adapter_rp2040.dir/C_/Program_Files/Raspberry_Pi/Pico_SDK_v1.5.1/pico-sdk/src/common/pico_time/time.c.obj
                0x100025bc                timer_pool_entry_comparator
 .text.ph_add_child_node
                0x10002638       0xa4 CMakeFiles/gc_adapter_rp2040.dir/C_/Program_Files/Raspberry_Pi/Pico_SDK_v1.5.1/pico-sdk/src/common/pico_time/time.c.obj
 .text.ph_merge_nodes
                0x100026dc       0x3e CMakeFiles/gc_adapter_rp2040.dir/C_/Program_Files/Raspberry_Pi/Pico_SDK_v1.5.1/pico-sdk/src/common/pico_time/time.c.obj
 *fill*         0x1000271a        0x2 
 .text.add_alarm_under_lock
                0x1000271c      0x174 CMakeFiles/gc_adapter_rp2040.dir/C_/Program_Files/Raspberry_Pi/Pico_SDK_v1.5.1/pico-sdk/src/common/pico_time/time.c.obj
 .text.alarm_pool_alarm_callback
                0x10002890      0x33c CMakeFiles/gc_adapter_rp2040.dir/C_/Program_Files/Raspberry_Pi/Pico_SDK_v1.5.1/pico-sdk/src/common/pico_time/time.c.obj
 .text.alarm_pool_init_default
                0x10002bcc       0x40 CMakeFiles/gc_adapter_rp2040.dir/C_/Program_Files/Raspberry_Pi/Pico_SDK_v1.5.1/pico-sdk/src/common/pico_time/time.c.obj
                0x10002bcc                alarm_pool_init_default
 .text.alarm_pool_get_default
                0x10002c0c       0x2c CMakeFiles/gc_adapter_rp2040.dir/C_/Program_Files/Raspberry_Pi/Pico_SDK_v1.5.1/pico-sdk/src/common/pico_time/time.c.obj
                0x10002c0c                alarm_pool_get_default
 .text.alarm_pool_add_alarm_at
                0x10002c38      0x168 CMakeFiles/gc_adapter_rp2040.dir/C_/Program_Files/Raspberry_Pi/Pico_SDK_v1.5.1/pico-sdk/src/common/pico_time/time.c.obj
                0x10002c38                alarm_pool_add_alarm_at
 .text.alarm_pool_cancel_alarm
                0x10002da0       0xf8 CMakeFiles/gc_adapter_rp2040.dir/C_/Program_Files/Raspberry_Pi/Pico_SDK_v1.5.1/pico-sdk/src/common/pico_time/time.c.obj
                0x10002da0                alarm_pool_cancel_alarm
 .text.alarm_pool_core_num
                0x10002e98        0x4 CMakeFiles/gc_adapter_rp2040.dir/C_/Program_Files/Raspberry_Pi/Pico_SDK_v1.5.1/pico-sdk/src/common/pico_time/time.c.obj
                0x10002e98                alarm_pool_core_num
 .text.sleep_until
                0x10002e9c       0xfc CMakeFiles/gc_adapter_rp2040.dir/C_/Program_Files/Raspberry_Pi/Pico_SDK_v1.5.1/pico-sdk/src/common/pico_time/time.c.obj
                0x10002e9c                sleep_until
 .text.sleep_us
                0x10002f98       0x58 CMakeFiles/gc_adapter_rp2040.dir/C_/Program_Files/Raspberry_Pi/Pico_SDK_v1.5.1/pico-sdk/src/common/pico_time/time.c.obj
                0x10002f98                sleep_us
 .text.sleep_ms
                0x10002ff0       0x14 CMakeFiles/gc_adapter_rp2040.dir/C_/Program_Files/Raspberry_Pi/Pico_SDK_v1.5.1/pico-sdk/src/common/pico_time/time.c.obj
                0x10002ff0                sleep_ms
 .text.best_effort_wfe_or_timeout
                0x10003004       0xac CMakeFiles/gc_adapter_rp2040.dir/C_/Program_Files/Raspberry_Pi/Pico_SDK_v1.5.1/pico-sdk/src/common/pico_time/time.c.obj
                0x10003004                best_effort_wfe_or_timeout
 .text.hardware_alarm_irq_handler
                0x100030b0       0x90 CMakeFiles/gc_adapter_rp2040.dir/C_/Program_Files/Raspberry_Pi/Pico_SDK_v1.5.1/pico-sdk/src/rp2_common/hardware_timer/timer.c.obj
 .text.hardware_alarm_claim
                0x10003140       0x18 CMakeFiles/gc_adapter_rp2040.dir/C_/Program_Files/Raspberry_Pi/Pico_SDK_v1.5.1/pico-sdk/src/rp2_common/hardware_timer/timer.c.obj
                0x10003140                hardware_alarm_claim
 .text.time_us_64
                0x10003158       0x18 CMakeFiles/gc_adapter_rp2040.dir/C_/Program_Files/Raspberry_Pi/Pico_SDK_v1.5.1/pico-sdk/src/rp2_common/hardware_timer/timer.c.obj
                0x10003158                time_us_64
 .text.busy_wait_until
                0x10003170       0x28 CMakeFiles/gc_adapter_rp2040.dir/C_/Program_Files/Raspberry_Pi/Pico_SDK_v1.5.1/pico-sdk/src/rp2_common/hardware_timer/timer.c.obj
                0x10003170                busy_wait_until
 .text.hardware_alarm_set_callback
                0x10003198       0x90 CMakeFiles/gc_adapter_rp2040.dir/C_/Program_Files/Raspberry_Pi/Pico_SDK_v1.5.1/pico-sdk/src/rp2_common/hardware_timer/timer.c.obj
                0x10003198                hardware_alarm_set_callback
 .text.hardware_alarm_set_target
                0x10003228       0xe8 CMakeFiles/gc_adapter_rp2040.dir/C_/Program_Files/Raspberry_Pi/Pico_SDK_v1.5.1/pico-sdk/src/rp2_common/hardware_timer/timer.c.obj
                0x10003228                hardware_alarm_set_target
 .text.hardware_alarm_cancel
                0x10003310       0x40 CMakeFiles/gc_adapter_rp2040.dir/C_/Program_Files/Raspberry_Pi/Pico_SDK_v1.5.1/pico-sdk/src/rp2_common/hardware_timer/timer.c.obj
                0x10003310                hardware_alarm_cancel
 .text.ph_add_child_node
                0x10003350       0xa4 CMakeFiles/gc_adapter_rp2040.dir/C_/Program_Files/Raspberry_Pi/Pico_SDK_v1.5.1/pico-sdk/src/common/pico_util/pheap.c.obj
 .text.ph_merge_nodes
                0x100033f4       0x3e CMakeFiles/gc_adapter_rp2040.dir/C_/Program_Files/Raspberry_Pi/Pico_SDK_v1.5.1/pico-sdk/src/common/pico_util/pheap.c.obj
 *fill*         0x10003432        0x2 
 .text.ph_clear
                0x10003434       0x70 CMakeFiles/gc_adapter_rp2040.dir/C_/Program_Files/Raspberry_Pi/Pico_SDK_v1.5.1/pico-sdk/src/common/pico_util/pheap.c.obj
                0x10003434                ph_clear
 .text.ph_post_alloc_init
                0x100034a4        0xe CMakeFiles/gc_adapter_rp2040.dir/C_/Program_Files/Raspberry_Pi/Pico_SDK_v1.5.1/pico-sdk/src/common/pico_util/pheap.c.obj
                0x100034a4                ph_post_alloc_init
 *fill*         0x100034b2        0x2 
 .text.ph_merge_two_pass
                0x100034b4       0xa8 CMakeFiles/gc_adapter_rp2040.dir/C_/Program_Files/Raspberry_Pi/Pico_SDK_v1.5.1/pico-sdk/src/common/pico_util/pheap.c.obj
                0x100034b4                ph_merge_two_pass
 .text.ph_remove_any_head
                0x1000355c      0x128 CMakeFiles/gc_adapter_rp2040.dir/C_/Program_Files/Raspberry_Pi/Pico_SDK_v1.5.1/pico-sdk/src/common/pico_util/pheap.c.obj
 .text.ph_remove_head
                0x10003684       0x14 CMakeFiles/gc_adapter_rp2040.dir/C_/Program_Files/Raspberry_Pi/Pico_SDK_v1.5.1/pico-sdk/src/common/pico_util/pheap.c.obj
                0x10003684                ph_remove_head
 .text.ph_remove_and_free_node
                0x10003698       0xf8 CMakeFiles/gc_adapter_rp2040.dir/C_/Program_Files/Raspberry_Pi/Pico_SDK_v1.5.1/pico-sdk/src/common/pico_util/pheap.c.obj
                0x10003698                ph_remove_and_free_node
 .text.clock_configure
                0x10003790      0x108 CMakeFiles/gc_adapter_rp2040.dir/C_/Program_Files/Raspberry_Pi/Pico_SDK_v1.5.1/pico-sdk/src/rp2_common/hardware_clocks/clocks.c.obj
                0x10003790                clock_configure
 .text.clocks_init
                0x10003898      0x100 CMakeFiles/gc_adapter_rp2040.dir/C_/Program_Files/Raspberry_Pi/Pico_SDK_v1.5.1/pico-sdk/src/rp2_common/hardware_clocks/clocks.c.obj
                0x10003898                clocks_init
 .text.clock_get_hz
                0x10003998        0xc CMakeFiles/gc_adapter_rp2040.dir/C_/Program_Files/Raspberry_Pi/Pico_SDK_v1.5.1/pico-sdk/src/rp2_common/hardware_clocks/clocks.c.obj
                0x10003998                clock_get_hz
 .text.pll_init
                0x100039a4      0x120 CMakeFiles/gc_adapter_rp2040.dir/C_/Program_Files/Raspberry_Pi/Pico_SDK_v1.5.1/pico-sdk/src/rp2_common/hardware_pll/pll.c.obj
                0x100039a4                pll_init
 .text.watchdog_start_tick
                0x10003ac4       0x10 CMakeFiles/gc_adapter_rp2040.dir/C_/Program_Files/Raspberry_Pi/Pico_SDK_v1.5.1/pico-sdk/src/rp2_common/hardware_watchdog/watchdog.c.obj
                0x10003ac4                watchdog_start_tick
 .text.xosc_init
                0x10003ad4       0x2c CMakeFiles/gc_adapter_rp2040.dir/C_/Program_Files/Raspberry_Pi/Pico_SDK_v1.5.1/pico-sdk/src/rp2_common/hardware_xosc/xosc.c.obj
                0x10003ad4                xosc_init
 .text._exit    0x10003b00        0x4 CMakeFiles/gc_adapter_rp2040.dir/C_/Program_Files/Raspberry_Pi/Pico_SDK_v1.5.1/pico-sdk/src/rp2_common/pico_runtime/runtime.c.obj
                0x10003b00                _exit
 .text.exit     0x10003b04        0x6 CMakeFiles/gc_adapter_rp2040.dir/C_/Program_Files/Raspberry_Pi/Pico_SDK_v1.5.1/pico-sdk/src/rp2_common/pico_runtime/runtime.c.obj
                0x10003b04                exit
 *fill*         0x10003b0a        0x2 
 .text.__assert_func
                0x10003b0c       0x3c CMakeFiles/gc_adapter_rp2040.dir/C_/Program_Files/Raspberry_Pi/Pico_SDK_v1.5.1/pico-sdk/src/rp2_common/pico_runtime/runtime.c.obj
                0x10003b0c                __assert_func
 .text.runtime_init
                0x10003b48       0xf8 CMakeFiles/gc_adapter_rp2040.dir/C_/Program_Files/Raspberry_Pi/Pico_SDK_v1.5.1/pico-sdk/src/rp2_common/pico_runtime/runtime.c.obj
                0x10003b48                runtime_init
 .text.panic    0x10003c40       0x30 CMakeFiles/gc_adapter_rp2040.dir/C_/Program_Files/Raspberry_Pi/Pico_SDK_v1.5.1/pico-sdk/src/rp2_common/pico_runtime/runtime.c.obj
                0x10003c40                panic
 .text._out_null
                0x10003c70        0x2 CMakeFiles/gc_adapter_rp2040.dir/C_/Program_Files/Raspberry_Pi/Pico_SDK_v1.5.1/pico-sdk/src/rp2_common/pico_printf/printf.c.obj
 .text._out_fct
                0x10003c72        0xe CMakeFiles/gc_adapter_rp2040.dir/C_/Program_Files/Raspberry_Pi/Pico_SDK_v1.5.1/pico-sdk/src/rp2_common/pico_printf/printf.c.obj
 .text._atoi    0x10003c80       0x24 CMakeFiles/gc_adapter_rp2040.dir/C_/Program_Files/Raspberry_Pi/Pico_SDK_v1.5.1/pico-sdk/src/rp2_common/pico_printf/printf.c.obj
 .text._out_rev
                0x10003ca4       0xae CMakeFiles/gc_adapter_rp2040.dir/C_/Program_Files/Raspberry_Pi/Pico_SDK_v1.5.1/pico-sdk/src/rp2_common/pico_printf/printf.c.obj
 .text._ntoa_format
                0x10003d52      0x112 CMakeFiles/gc_adapter_rp2040.dir/C_/Program_Files/Raspberry_Pi/Pico_SDK_v1.5.1/pico-sdk/src/rp2_common/pico_printf/printf.c.obj
 .text._ntoa_long
                0x10003e64       0xbc CMakeFiles/gc_adapter_rp2040.dir/C_/Program_Files/Raspberry_Pi/Pico_SDK_v1.5.1/pico-sdk/src/rp2_common/pico_printf/printf.c.obj
 .text._ntoa_long_long
                0x10003f20       0xe2 CMakeFiles/gc_adapter_rp2040.dir/C_/Program_Files/Raspberry_Pi/Pico_SDK_v1.5.1/pico-sdk/src/rp2_common/pico_printf/printf.c.obj
 *fill*         0x10004002        0x2 
 .text._etoa    0x10004004      0x414 CMakeFiles/gc_adapter_rp2040.dir/C_/Program_Files/Raspberry_Pi/Pico_SDK_v1.5.1/pico-sdk/src/rp2_common/pico_printf/printf.c.obj
 .text._ftoa    0x10004418      0x354 CMakeFiles/gc_adapter_rp2040.dir/C_/Program_Files/Raspberry_Pi/Pico_SDK_v1.5.1/pico-sdk/src/rp2_common/pico_printf/printf.c.obj
 .text._vsnprintf
                0x1000476c      0x624 CMakeFiles/gc_adapter_rp2040.dir/C_/Program_Files/Raspberry_Pi/Pico_SDK_v1.5.1/pico-sdk/src/rp2_common/pico_printf/printf.c.obj
 .text.vfctprintf
                0x10004d90       0x20 CMakeFiles/gc_adapter_rp2040.dir/C_/Program_Files/Raspberry_Pi/Pico_SDK_v1.5.1/pico-sdk/src/rp2_common/pico_printf/printf.c.obj
                0x10004d90                vfctprintf
 .text          0x10004db0       0x10 CMakeFiles/gc_adapter_rp2040.dir/C_/Program_Files/Raspberry_Pi/Pico_SDK_v1.5.1/pico-sdk/src/rp2_common/pico_bit_ops/bit_ops_aeabi.S.obj
 .text.rom_func_lookup
                0x10004dc0       0x10 CMakeFiles/gc_adapter_rp2040.dir/C_/Program_Files/Raspberry_Pi/Pico_SDK_v1.5.1/pico-sdk/src/rp2_common/pico_bootrom/bootrom.c.obj
                0x10004dc0                rom_func_lookup
 .text.rom_data_lookup
                0x10004dd0       0x10 CMakeFiles/gc_adapter_rp2040.dir/C_/Program_Files/Raspberry_Pi/Pico_SDK_v1.5.1/pico-sdk/src/rp2_common/pico_bootrom/bootrom.c.obj
                0x10004dd0                rom_data_lookup
 .text.rom_funcs_lookup
                0x10004de0       0x36 CMakeFiles/gc_adapter_rp2040.dir/C_/Program_Files/Raspberry_Pi/Pico_SDK_v1.5.1/pico-sdk/src/rp2_common/pico_bootrom/bootrom.c.obj
                0x10004de0                rom_funcs_lookup
 *fill*         0x10004e16        0x2 
 .text.__wrap___aeabi_idiv
                0x10004e18       0x50 CMakeFiles/gc_adapter_rp2040.dir/C_/Program_Files/Raspberry_Pi/Pico_SDK_v1.5.1/pico-sdk/src/rp2_common/pico_divider/divider.S.obj
                0x10004e18                __wrap___aeabi_idivmod
                0x10004e18                divmod_s32s32
                0x10004e18                div_s32s32
                0x10004e18                __wrap___aeabi_idiv
                0x10004e20                divmod_s32s32_unsafe
                0x10004e4c                divmod_s32s32_savestate
 .text.__wrap___aeabi_uidiv
                0x10004e68       0x4c CMakeFiles/gc_adapter_rp2040.dir/C_/Program_Files/Raspberry_Pi/Pico_SDK_v1.5.1/pico-sdk/src/rp2_common/pico_divider/divider.S.obj
                0x10004e68                __wrap___aeabi_uidiv
                0x10004e68                __wrap___aeabi_uidivmod
                0x10004e68                div_u32u32
                0x10004e68                divmod_u32u32
                0x10004e70                divmod_u32u32_unsafe
                0x10004e98                divmod_u32u32_savestate
 .text.__wrap___aeabi_ldiv
                0x10004eb4      0x424 CMakeFiles/gc_adapter_rp2040.dir/C_/Program_Files/Raspberry_Pi/Pico_SDK_v1.5.1/pico-sdk/src/rp2_common/pico_divider/divider.S.obj
                0x10004eb4                div_s64s64
                0x10004eb4                divmod_s64s64
                0x10004eb4                __wrap___aeabi_ldivmod
                0x10004ee4                divmod_u64u64
                0x10004ee4                div_u64u64
                0x10004ee4                __wrap___aeabi_uldivmod
                0x10004ef4                divmod_u64u64_savestate
                0x10004f14                divmod_s64s64_unsafe
                0x10004f9c                divmod_u64u64_unsafe
 .text.__wrap___aeabi_darithmetic
                0x100052d8       0x80 CMakeFiles/gc_adapter_rp2040.dir/C_/Program_Files/Raspberry_Pi/Pico_SDK_v1.5.1/pico-sdk/src/rp2_common/pico_double/double_aeabi.S.obj
                0x100052d8                __wrap___aeabi_drsub
                0x100052de                __wrap___aeabi_dsub
                0x100052f0                __wrap___aeabi_dadd
                0x10005302                __wrap___aeabi_ddiv
                0x1000533e                __wrap___aeabi_dmul
 .text.__wrap___aeabi_cdcmple
                0x10005358       0x6c CMakeFiles/gc_adapter_rp2040.dir/C_/Program_Files/Raspberry_Pi/Pico_SDK_v1.5.1/pico-sdk/src/rp2_common/pico_double/double_aeabi.S.obj
                0x10005358                __wrap___aeabi_cdrcmple
                0x10005368                __wrap___aeabi_cdcmpeq
                0x10005368                __wrap___aeabi_cdcmple
 .text.__wrap___aeabi_dcmplt
                0x100053c4        0xc CMakeFiles/gc_adapter_rp2040.dir/C_/Program_Files/Raspberry_Pi/Pico_SDK_v1.5.1/pico-sdk/src/rp2_common/pico_double/double_aeabi.S.obj
                0x100053c4                __wrap___aeabi_dcmplt
 .text.__wrap___aeabi_dcmple
                0x100053d0       0x10 CMakeFiles/gc_adapter_rp2040.dir/C_/Program_Files/Raspberry_Pi/Pico_SDK_v1.5.1/pico-sdk/src/rp2_common/pico_double/double_aeabi.S.obj
                0x100053d0                __wrap___aeabi_dcmple
 .text.__wrap___aeabi_dcmpge
                0x100053e0       0x10 CMakeFiles/gc_adapter_rp2040.dir/C_/Program_Files/Raspberry_Pi/Pico_SDK_v1.5.1/pico-sdk/src/rp2_common/pico_double/double_aeabi.S.obj
                0x100053e0                __wrap___aeabi_dcmpge
 .text.__wrap___aeabi_dcmpgt
                0x100053f0        0xa CMakeFiles/gc_adapter_rp2040.dir/C_/Program_Files/Raspberry_Pi/Pico_SDK_v1.5.1/pico-sdk/src/rp2_common/pico_double/double_aeabi.S.obj
                0x100053f0                __wrap___aeabi_dcmpgt
 .text.__wrap___aeabi_dcmpun
                0x100053fa       0x1c CMakeFiles/gc_adapter_rp2040.dir/C_/Program_Files/Raspberry_Pi/Pico_SDK_v1.5.1/pico-sdk/src/rp2_common/pico_double/double_aeabi.S.obj
                0x100053fa                __wrap___aeabi_dcmpun
 *fill*         0x10005416        0x2 
 .text.__wrap___aeabi_i2d
                0x10005418       0x38 CMakeFiles/gc_adapter_rp2040.dir/C_/Program_Files/Raspberry_Pi/Pico_SDK_v1.5.1/pico-sdk/src/rp2_common/pico_double/double_aeabi.S.obj
                0x10005418                __wrap___aeabi_ui2d
                0x10005420                __wrap___aeabi_i2d
 .text.__wrap___aeabi_d2iz
                0x10005450       0x48 CMakeFiles/gc_adapter_rp2040.dir/C_/Program_Files/Raspberry_Pi/Pico_SDK_v1.5.1/pico-sdk/src/rp2_common/pico_double/double_aeabi.S.obj
                0x10005450                double2int_z
                0x10005450                __wrap___aeabi_d2iz
 .text.__wrap___aeabi_d2uiz
                0x10005498       0x18 CMakeFiles/gc_adapter_rp2040.dir/C_/Program_Files/Raspberry_Pi/Pico_SDK_v1.5.1/pico-sdk/src/rp2_common/pico_double/double_aeabi.S.obj
                0x10005498                __wrap___aeabi_d2uiz
                0x10005498                double2uint
 .text.__aeabi_double_init
                0x100054b0       0xc8 CMakeFiles/gc_adapter_rp2040.dir/C_/Program_Files/Raspberry_Pi/Pico_SDK_v1.5.1/pico-sdk/src/rp2_common/pico_double/double_init_rom.c.obj
                0x100054b0                __aeabi_double_init
 .text.double_table_shim_on_use_helper
                0x10005578       0x34 CMakeFiles/gc_adapter_rp2040.dir/C_/Program_Files/Raspberry_Pi/Pico_SDK_v1.5.1/pico-sdk/src/rp2_common/pico_double/double_v1_rom_shim.S.obj
                0x10005578                double_table_shim_on_use_helper
 .text.__wrap___aeabi_dsub
                0x100055ac       0x10 CMakeFiles/gc_adapter_rp2040.dir/C_/Program_Files/Raspberry_Pi/Pico_SDK_v1.5.1/pico-sdk/src/rp2_common/pico_double/double_v1_rom_shim.S.obj
                0x100055ac                drsub_shim
                0x100055b2                dsub_shim
 .text.dadd_shim
                0x100055bc      0x15c CMakeFiles/gc_adapter_rp2040.dir/C_/Program_Files/Raspberry_Pi/Pico_SDK_v1.5.1/pico-sdk/src/rp2_common/pico_double/double_v1_rom_shim.S.obj
                0x100055bc                dadd_shim
 .text.dmul_shim
                0x10005718      0x15c CMakeFiles/gc_adapter_rp2040.dir/C_/Program_Files/Raspberry_Pi/Pico_SDK_v1.5.1/pico-sdk/src/rp2_common/pico_double/double_v1_rom_shim.S.obj
                0x10005718                dmul_shim
 .text.ddiv_shim
                0x10005874      0x1b0 CMakeFiles/gc_adapter_rp2040.dir/C_/Program_Files/Raspberry_Pi/Pico_SDK_v1.5.1/pico-sdk/src/rp2_common/pico_double/double_v1_rom_shim.S.obj
                0x10005874                ddiv_shim
 .text.double2uint_shim
                0x10005a24        0xe CMakeFiles/gc_adapter_rp2040.dir/C_/Program_Files/Raspberry_Pi/Pico_SDK_v1.5.1/pico-sdk/src/rp2_common/pico_double/double_v1_rom_shim.S.obj
                0x10005a24                double2uint_shim
                0x10005a26                double2ufix_shim
 *fill*         0x10005a32        0x2 
 .text.double2uint64_shim
                0x10005a34       0x70 CMakeFiles/gc_adapter_rp2040.dir/C_/Program_Files/Raspberry_Pi/Pico_SDK_v1.5.1/pico-sdk/src/rp2_common/pico_double/double_v1_rom_shim.S.obj
                0x10005a34                double2uint64_shim
                0x10005a36                double2ufix64_shim
                0x10005a56                d2fix_a
 .text.dunpacks
                0x10005aa4       0x3c CMakeFiles/gc_adapter_rp2040.dir/C_/Program_Files/Raspberry_Pi/Pico_SDK_v1.5.1/pico-sdk/src/rp2_common/pico_double/double_v1_rom_shim.S.obj
                0x10005aa4                dunpacks
 .text.__aeabi_lmul
                0x10005ae0       0x32 CMakeFiles/gc_adapter_rp2040.dir/C_/Program_Files/Raspberry_Pi/Pico_SDK_v1.5.1/pico-sdk/src/rp2_common/pico_int64_ops/pico_int64_ops_aeabi.S.obj
                0x10005ae0                __wrap___aeabi_lmul
 *fill*         0x10005b12        0x2 
 .text.__wrap___aeabi_farithmetic
                0x10005b14       0x58 CMakeFiles/gc_adapter_rp2040.dir/C_/Program_Files/Raspberry_Pi/Pico_SDK_v1.5.1/pico-sdk/src/rp2_common/pico_float/float_aeabi.S.obj
                0x10005b14                __wrap___aeabi_frsub
                0x10005b1a                __wrap___aeabi_fsub
                0x10005b24                __wrap___aeabi_fadd
                0x10005b2e                __wrap___aeabi_fdiv
                0x10005b5a                __wrap___aeabi_fmul
 .text.__wrap___aeabi_ui2f
                0x10005b6c        0xa CMakeFiles/gc_adapter_rp2040.dir/C_/Program_Files/Raspberry_Pi/Pico_SDK_v1.5.1/pico-sdk/src/rp2_common/pico_float/float_aeabi.S.obj
                0x10005b6c                __wrap___aeabi_ui2f
 *fill*         0x10005b76        0x2 
 .text.__wrap___aeabi_i2f
                0x10005b78       0x44 CMakeFiles/gc_adapter_rp2040.dir/C_/Program_Files/Raspberry_Pi/Pico_SDK_v1.5.1/pico-sdk/src/rp2_common/pico_float/float_aeabi.S.obj
                0x10005b78                __wrap___aeabi_i2f
 .text.__wrap___aeabi_f2uiz
                0x10005bbc       0x10 CMakeFiles/gc_adapter_rp2040.dir/C_/Program_Files/Raspberry_Pi/Pico_SDK_v1.5.1/pico-sdk/src/rp2_common/pico_float/float_aeabi.S.obj
                0x10005bbc                __wrap___aeabi_f2uiz
 .text.__aeabi_float_init
                0x10005bcc       0xfc CMakeFiles/gc_adapter_rp2040.dir/C_/Program_Files/Raspberry_Pi/Pico_SDK_v1.5.1/pico-sdk/src/rp2_common/pico_float/float_init_rom.c.obj
                0x10005bcc                __aeabi_float_init
 .text.float_table_shim_on_use_helper
                0x10005cc8       0x34 CMakeFiles/gc_adapter_rp2040.dir/C_/Program_Files/Raspberry_Pi/Pico_SDK_v1.5.1/pico-sdk/src/rp2_common/pico_float/float_v1_rom_shim.S.obj
                0x10005cc8                float_table_shim_on_use_helper
 .text          0x10005cfc       0x10 CMakeFiles/gc_adapter_rp2040.dir/C_/Program_Files/Raspberry_Pi/Pico_SDK_v1.5.1/pico-sdk/src/rp2_common/pico_mem_ops/mem_ops_aeabi.S.obj
                0x10005cfc                __aeabi_mem_init
 .text.memset   0x10005d0c        0xc CMakeFiles/gc_adapter_rp2040.dir/C_/Program_Files/Raspberry_Pi/Pico_SDK_v1.5.1/pico-sdk/src/rp2_common/pico_mem_ops/mem_ops_aeabi.S.obj
                0x10005d0c                __wrap_memset
 .text.memcpy   0x10005d18        0xc CMakeFiles/gc_adapter_rp2040.dir/C_/Program_Files/Raspberry_Pi/Pico_SDK_v1.5.1/pico-sdk/src/rp2_common/pico_mem_ops/mem_ops_aeabi.S.obj
                0x10005d18                __wrap_memcpy
                0x10005d18                __wrap___aeabi_memcpy
 .text.stdio_out_chars_no_crlf
                0x10005d24        0xe CMakeFiles/gc_adapter_rp2040.dir/C_/Program_Files/Raspberry_Pi/Pico_SDK_v1.5.1/pico-sdk/src/rp2_common/pico_stdio/stdio.c.obj
 *fill*         0x10005d32        0x2 
 .text.stdio_out_chars_crlf
                0x10005d34       0x80 CMakeFiles/gc_adapter_rp2040.dir/C_/Program_Files/Raspberry_Pi/Pico_SDK_v1.5.1/pico-sdk/src/rp2_common/pico_stdio/stdio.c.obj
 .text.stdio_stack_buffer_flush
                0x10005db4       0x44 CMakeFiles/gc_adapter_rp2040.dir/C_/Program_Files/Raspberry_Pi/Pico_SDK_v1.5.1/pico-sdk/src/rp2_common/pico_stdio/stdio.c.obj
 .text.stdio_buffered_printer
                0x10005df8       0x20 CMakeFiles/gc_adapter_rp2040.dir/C_/Program_Files/Raspberry_Pi/Pico_SDK_v1.5.1/pico-sdk/src/rp2_common/pico_stdio/stdio.c.obj
 .text.stdout_serialize_begin
                0x10005e18       0x5c CMakeFiles/gc_adapter_rp2040.dir/C_/Program_Files/Raspberry_Pi/Pico_SDK_v1.5.1/pico-sdk/src/rp2_common/pico_stdio/stdio.c.obj
                0x10005e18                stdout_serialize_begin
 .text.stdout_serialize_end
                0x10005e74       0x10 CMakeFiles/gc_adapter_rp2040.dir/C_/Program_Files/Raspberry_Pi/Pico_SDK_v1.5.1/pico-sdk/src/rp2_common/pico_stdio/stdio.c.obj
                0x10005e74                stdout_serialize_end
 .text.stdio_put_string
                0x10005e84       0x98 CMakeFiles/gc_adapter_rp2040.dir/C_/Program_Files/Raspberry_Pi/Pico_SDK_v1.5.1/pico-sdk/src/rp2_common/pico_stdio/stdio.c.obj
 .text.__wrap_putchar
                0x10005f1c       0x1c CMakeFiles/gc_adapter_rp2040.dir/C_/Program_Files/Raspberry_Pi/Pico_SDK_v1.5.1/pico-sdk/src/rp2_common/pico_stdio/stdio.c.obj
                0x10005f1c                __wrap_putchar
 .text.stdio_set_driver_enabled
                0x10005f38       0x2c CMakeFiles/gc_adapter_rp2040.dir/C_/Program_Files/Raspberry_Pi/Pico_SDK_v1.5.1/pico-sdk/src/rp2_common/pico_stdio/stdio.c.obj
                0x10005f38                stdio_set_driver_enabled
 .text.stdio_flush
                0x10005f64       0x20 CMakeFiles/gc_adapter_rp2040.dir/C_/Program_Files/Raspberry_Pi/Pico_SDK_v1.5.1/pico-sdk/src/rp2_common/pico_stdio/stdio.c.obj
                0x10005f64                stdio_flush
 .text.__wrap_puts
                0x10005f84       0x1e CMakeFiles/gc_adapter_rp2040.dir/C_/Program_Files/Raspberry_Pi/Pico_SDK_v1.5.1/pico-sdk/src/rp2_common/pico_stdio/stdio.c.obj
                0x10005f84                __wrap_puts
 *fill*         0x10005fa2        0x2 
 .text.__wrap_vprintf
                0x10005fa4       0x40 CMakeFiles/gc_adapter_rp2040.dir/C_/Program_Files/Raspberry_Pi/Pico_SDK_v1.5.1/pico-sdk/src/rp2_common/pico_stdio/stdio.c.obj
                0x10005fa4                __wrap_vprintf
 .text.__wrap_printf
                0x10005fe4       0x18 CMakeFiles/gc_adapter_rp2040.dir/C_/Program_Files/Raspberry_Pi/Pico_SDK_v1.5.1/pico-sdk/src/rp2_common/pico_stdio/stdio.c.obj
                0x10005fe4                __wrap_printf
 .text.stdio_init_all
                0x10005ffc        0x8 CMakeFiles/gc_adapter_rp2040.dir/C_/Program_Files/Raspberry_Pi/Pico_SDK_v1.5.1/pico-sdk/src/rp2_common/pico_stdio/stdio.c.obj
                0x10005ffc                stdio_init_all
 .text.stdio_usb_set_chars_available_callback
                0x10006004       0x14 CMakeFiles/gc_adapter_rp2040.dir/C_/Program_Files/Raspberry_Pi/Pico_SDK_v1.5.1/pico-sdk/src/rp2_common/pico_stdio_usb/stdio_usb.c.obj
                0x10006004                stdio_usb_set_chars_available_callback
 .text.tud_cdc_rx_cb
                0x10006018       0x20 CMakeFiles/gc_adapter_rp2040.dir/C_/Program_Files/Raspberry_Pi/Pico_SDK_v1.5.1/pico-sdk/src/rp2_common/pico_stdio_usb/stdio_usb.c.obj
                0x10006018                tud_cdc_rx_cb
 .text.stdio_usb_init
                0x10006038       0x68 CMakeFiles/gc_adapter_rp2040.dir/C_/Program_Files/Raspberry_Pi/Pico_SDK_v1.5.1/pico-sdk/src/rp2_common/pico_stdio_usb/stdio_usb.c.obj
                0x10006038                stdio_usb_init
 .text.stdio_usb_connected
                0x100060a0        0xa CMakeFiles/gc_adapter_rp2040.dir/C_/Program_Files/Raspberry_Pi/Pico_SDK_v1.5.1/pico-sdk/src/rp2_common/pico_stdio_usb/stdio_usb.c.obj
                0x100060a0                stdio_usb_connected
 *fill*         0x100060aa        0x2 
 .text.stdio_usb_in_chars
                0x100060ac       0xc4 CMakeFiles/gc_adapter_rp2040.dir/C_/Program_Files/Raspberry_Pi/Pico_SDK_v1.5.1/pico-sdk/src/rp2_common/pico_stdio_usb/stdio_usb.c.obj
                0x100060ac                stdio_usb_in_chars
 .text.stdio_usb_out_chars
                0x10006170      0x114 CMakeFiles/gc_adapter_rp2040.dir/C_/Program_Files/Raspberry_Pi/Pico_SDK_v1.5.1/pico-sdk/src/rp2_common/pico_stdio_usb/stdio_usb.c.obj
 .text._retrieve_unique_id_on_boot
                0x10006284       0x10 CMakeFiles/gc_adapter_rp2040.dir/C_/Program_Files/Raspberry_Pi/Pico_SDK_v1.5.1/pico-sdk/src/rp2_common/pico_unique_id/unique_id.c.obj
 .text.flash_get_unique_id
                0x10006294       0x46 CMakeFiles/gc_adapter_rp2040.dir/C_/Program_Files/Raspberry_Pi/Pico_SDK_v1.5.1/pico-sdk/src/rp2_common/hardware_flash/flash.c.obj
                0x10006294                flash_get_unique_id
 *fill*         0x100062da        0x2 
 .text.hw_endpoint_get_by_addr
                0x100062dc       0x18 CMakeFiles/gc_adapter_rp2040.dir/C_/Program_Files/Raspberry_Pi/Pico_SDK_v1.5.1/pico-sdk/lib/tinyusb/src/portable/raspberrypi/rp2040/dcd_rp2040.c.obj
 .text._hw_endpoint_alloc
                0x100062f4       0x70 CMakeFiles/gc_adapter_rp2040.dir/C_/Program_Files/Raspberry_Pi/Pico_SDK_v1.5.1/pico-sdk/lib/tinyusb/src/portable/raspberrypi/rp2040/dcd_rp2040.c.obj
 .text.hw_endpoint_init
                0x10006364       0x88 CMakeFiles/gc_adapter_rp2040.dir/C_/Program_Files/Raspberry_Pi/Pico_SDK_v1.5.1/pico-sdk/lib/tinyusb/src/portable/raspberrypi/rp2040/dcd_rp2040.c.obj
 .text.hw_endpoint_xfer
                0x100063ec       0x14 CMakeFiles/gc_adapter_rp2040.dir/C_/Program_Files/Raspberry_Pi/Pico_SDK_v1.5.1/pico-sdk/lib/tinyusb/src/portable/raspberrypi/rp2040/dcd_rp2040.c.obj
 .text.dcd_int_enable
                0x10006400       0x2c CMakeFiles/gc_adapter_rp2040.dir/C_/Program_Files/Raspberry_Pi/Pico_SDK_v1.5.1/pico-sdk/lib/tinyusb/src/portable/raspberrypi/rp2040/dcd_rp2040.c.obj
                0x10006400                dcd_int_enable
 .text.dcd_set_address
                0x1000642c       0x2c CMakeFiles/gc_adapter_rp2040.dir/C_/Program_Files/Raspberry_Pi/Pico_SDK_v1.5.1/pico-sdk/lib/tinyusb/src/portable/raspberrypi/rp2040/dcd_rp2040.c.obj
                0x1000642c                dcd_set_address
 .text.dcd_remote_wakeup
                0x10006458       0x38 CMakeFiles/gc_adapter_rp2040.dir/C_/Program_Files/Raspberry_Pi/Pico_SDK_v1.5.1/pico-sdk/lib/tinyusb/src/portable/raspberrypi/rp2040/dcd_rp2040.c.obj
                0x10006458                dcd_remote_wakeup
 .text.dcd_connect
                0x10006490       0x10 CMakeFiles/gc_adapter_rp2040.dir/C_/Program_Files/Raspberry_Pi/Pico_SDK_v1.5.1/pico-sdk/lib/tinyusb/src/portable/raspberrypi/rp2040/dcd_rp2040.c.obj
                0x10006490                dcd_connect
 .text.dcd_init
                0x100064a0       0x80 CMakeFiles/gc_adapter_rp2040.dir/C_/Program_Files/Raspberry_Pi/Pico_SDK_v1.5.1/pico-sdk/lib/tinyusb/src/portable/raspberrypi/rp2040/dcd_rp2040.c.obj
                0x100064a0                dcd_init
 .text.dcd_edpt0_status_complete
                0x10006520       0x1c CMakeFiles/gc_adapter_rp2040.dir/C_/Program_Files/Raspberry_Pi/Pico_SDK_v1.5.1/pico-sdk/lib/tinyusb/src/portable/raspberrypi/rp2040/dcd_rp2040.c.obj
                0x10006520                dcd_edpt0_status_complete
 .text.dcd_edpt_open
                0x1000653c       0x40 CMakeFiles/gc_adapter_rp2040.dir/C_/Program_Files/Raspberry_Pi/Pico_SDK_v1.5.1/pico-sdk/lib/tinyusb/src/portable/raspberrypi/rp2040/dcd_rp2040.c.obj
                0x1000653c                dcd_edpt_open
 .text.dcd_edpt_close_all
                0x1000657c        0x8 CMakeFiles/gc_adapter_rp2040.dir/C_/Program_Files/Raspberry_Pi/Pico_SDK_v1.5.1/pico-sdk/lib/tinyusb/src/portable/raspberrypi/rp2040/dcd_rp2040.c.obj
                0x1000657c                dcd_edpt_close_all
 .text.dcd_edpt_xfer
                0x10006584       0x34 CMakeFiles/gc_adapter_rp2040.dir/C_/Program_Files/Raspberry_Pi/Pico_SDK_v1.5.1/pico-sdk/lib/tinyusb/src/portable/raspberrypi/rp2040/dcd_rp2040.c.obj
                0x10006584                dcd_edpt_xfer
 .text.dcd_edpt_stall
                0x100065b8       0x2c CMakeFiles/gc_adapter_rp2040.dir/C_/Program_Files/Raspberry_Pi/Pico_SDK_v1.5.1/pico-sdk/lib/tinyusb/src/portable/raspberrypi/rp2040/dcd_rp2040.c.obj
                0x100065b8                dcd_edpt_stall
 .text.dcd_edpt_clear_stall
                0x100065e4       0x20 CMakeFiles/gc_adapter_rp2040.dir/C_/Program_Files/Raspberry_Pi/Pico_SDK_v1.5.1/pico-sdk/lib/tinyusb/src/portable/raspberrypi/rp2040/dcd_rp2040.c.obj
                0x100065e4                dcd_edpt_clear_stall
 .text.rp2040_usb_init
                0x10006604       0x4c CMakeFiles/gc_adapter_rp2040.dir/C_/Program_Files/Raspberry_Pi/Pico_SDK_v1.5.1/pico-sdk/lib/tinyusb/src/portable/raspberrypi/rp2040/rp2040_usb.c.obj
                0x10006604                rp2040_usb_init
 .text.hw_endpoint_xfer_start
                0x10006650       0x50 CMakeFiles/gc_adapter_rp2040.dir/C_/Program_Files/Raspberry_Pi/Pico_SDK_v1.5.1/pico-sdk/lib/tinyusb/src/portable/raspberrypi/rp2040/rp2040_usb.c.obj
                0x10006650                hw_endpoint_xfer_start
 .text.configuration_reset
                0x100066a0       0x88 CMakeFiles/gc_adapter_rp2040.dir/C_/Program_Files/Raspberry_Pi/Pico_SDK_v1.5.1/pico-sdk/lib/tinyusb/src/device/usbd.c.obj
 .text.usbd_reset
                0x10006728        0xc CMakeFiles/gc_adapter_rp2040.dir/C_/Program_Files/Raspberry_Pi/Pico_SDK_v1.5.1/pico-sdk/lib/tinyusb/src/device/usbd.c.obj
 .text.invoke_class_control
                0x10006734       0x1a CMakeFiles/gc_adapter_rp2040.dir/C_/Program_Files/Raspberry_Pi/Pico_SDK_v1.5.1/pico-sdk/lib/tinyusb/src/device/usbd.c.obj
 *fill*         0x1000674e        0x2 
 .text.process_set_config
                0x10006750      0x184 CMakeFiles/gc_adapter_rp2040.dir/C_/Program_Files/Raspberry_Pi/Pico_SDK_v1.5.1/pico-sdk/lib/tinyusb/src/device/usbd.c.obj
 .text.process_get_descriptor
                0x100068d4       0xdc CMakeFiles/gc_adapter_rp2040.dir/C_/Program_Files/Raspberry_Pi/Pico_SDK_v1.5.1/pico-sdk/lib/tinyusb/src/device/usbd.c.obj
 .text.tud_mounted
                0x100069b0       0x10 CMakeFiles/gc_adapter_rp2040.dir/C_/Program_Files/Raspberry_Pi/Pico_SDK_v1.5.1/pico-sdk/lib/tinyusb/src/device/usbd.c.obj
                0x100069b0                tud_mounted
 .text.tud_suspended
                0x100069c0       0x10 CMakeFiles/gc_adapter_rp2040.dir/C_/Program_Files/Raspberry_Pi/Pico_SDK_v1.5.1/pico-sdk/lib/tinyusb/src/device/usbd.c.obj
                0x100069c0                tud_suspended
 .text.tud_remote_wakeup
                0x100069d0       0x34 CMakeFiles/gc_adapter_rp2040.dir/C_/Program_Files/Raspberry_Pi/Pico_SDK_v1.5.1/pico-sdk/lib/tinyusb/src/device/usbd.c.obj
                0x100069d0                tud_remote_wakeup
 .text.tud_inited
                0x10006a04       0x14 CMakeFiles/gc_adapter_rp2040.dir/C_/Program_Files/Raspberry_Pi/Pico_SDK_v1.5.1/pico-sdk/lib/tinyusb/src/device/usbd.c.obj
                0x10006a04                tud_inited
 .text.tud_init
                0x10006a18       0xd0 CMakeFiles/gc_adapter_rp2040.dir/C_/Program_Files/Raspberry_Pi/Pico_SDK_v1.5.1/pico-sdk/lib/tinyusb/src/device/usbd.c.obj
                0x10006a18                tud_init
 .text.usbd_defer_func
                0x10006ae8       0x2a CMakeFiles/gc_adapter_rp2040.dir/C_/Program_Files/Raspberry_Pi/Pico_SDK_v1.5.1/pico-sdk/lib/tinyusb/src/device/usbd.c.obj
                0x10006ae8                usbd_defer_func
 *fill*         0x10006b12        0x2 
 .text.usbd_edpt_open
                0x10006b14       0x34 CMakeFiles/gc_adapter_rp2040.dir/C_/Program_Files/Raspberry_Pi/Pico_SDK_v1.5.1/pico-sdk/lib/tinyusb/src/device/usbd.c.obj
                0x10006b14                usbd_edpt_open
 .text.usbd_open_edpt_pair
                0x10006b48       0x62 CMakeFiles/gc_adapter_rp2040.dir/C_/Program_Files/Raspberry_Pi/Pico_SDK_v1.5.1/pico-sdk/lib/tinyusb/src/device/usbd.c.obj
                0x10006b48                usbd_open_edpt_pair
 *fill*         0x10006baa        0x2 
 .text.usbd_edpt_claim
                0x10006bac       0x28 CMakeFiles/gc_adapter_rp2040.dir/C_/Program_Files/Raspberry_Pi/Pico_SDK_v1.5.1/pico-sdk/lib/tinyusb/src/device/usbd.c.obj
                0x10006bac                usbd_edpt_claim
 .text.usbd_edpt_release
                0x10006bd4       0x28 CMakeFiles/gc_adapter_rp2040.dir/C_/Program_Files/Raspberry_Pi/Pico_SDK_v1.5.1/pico-sdk/lib/tinyusb/src/device/usbd.c.obj
                0x10006bd4                usbd_edpt_release
 .text.usbd_edpt_xfer
                0x10006bfc       0x78 CMakeFiles/gc_adapter_rp2040.dir/C_/Program_Files/Raspberry_Pi/Pico_SDK_v1.5.1/pico-sdk/lib/tinyusb/src/device/usbd.c.obj
                0x10006bfc                usbd_edpt_xfer
 .text.usbd_edpt_busy
                0x10006c74       0x1c CMakeFiles/gc_adapter_rp2040.dir/C_/Program_Files/Raspberry_Pi/Pico_SDK_v1.5.1/pico-sdk/lib/tinyusb/src/device/usbd.c.obj
                0x10006c74                usbd_edpt_busy
 .text.usbd_edpt_stall
                0x10006c90       0x48 CMakeFiles/gc_adapter_rp2040.dir/C_/Program_Files/Raspberry_Pi/Pico_SDK_v1.5.1/pico-sdk/lib/tinyusb/src/device/usbd.c.obj
                0x10006c90                usbd_edpt_stall
 .text.usbd_edpt_clear_stall
                0x10006cd8       0x48 CMakeFiles/gc_adapter_rp2040.dir/C_/Program_Files/Raspberry_Pi/Pico_SDK_v1.5.1/pico-sdk/lib/tinyusb/src/device/usbd.c.obj
                0x10006cd8                usbd_edpt_clear_stall
 .text.usbd_edpt_stalled
                0x10006d20       0x1c CMakeFiles/gc_adapter_rp2040.dir/C_/Program_Files/Raspberry_Pi/Pico_SDK_v1.5.1/pico-sdk/lib/tinyusb/src/device/usbd.c.obj
                0x10006d20                usbd_edpt_stalled
 .text.process_control_request
                0x10006d3c      0x37c CMakeFiles/gc_adapter_rp2040.dir/C_/Program_Files/Raspberry_Pi/Pico_SDK_v1.5.1/pico-sdk/lib/tinyusb/src/device/usbd.c.obj
 .text.tud_task_ext
                0x100070b8      0x1b8 CMakeFiles/gc_adapter_rp2040.dir/C_/Program_Files/Raspberry_Pi/Pico_SDK_v1.5.1/pico-sdk/lib/tinyusb/src/device/usbd.c.obj
                0x100070b8                tud_task_ext
 .text._data_stage_xact
                0x10007270       0x58 CMakeFiles/gc_adapter_rp2040.dir/C_/Program_Files/Raspberry_Pi/Pico_SDK_v1.5.1/pico-sdk/lib/tinyusb/src/device/usbd_control.c.obj
 .text.tud_control_status
                0x100072c8       0x38 CMakeFiles/gc_adapter_rp2040.dir/C_/Program_Files/Raspberry_Pi/Pico_SDK_v1.5.1/pico-sdk/lib/tinyusb/src/device/usbd_control.c.obj
                0x100072c8                tud_control_status
 .text.tud_control_xfer
                0x10007300       0x74 CMakeFiles/gc_adapter_rp2040.dir/C_/Program_Files/Raspberry_Pi/Pico_SDK_v1.5.1/pico-sdk/lib/tinyusb/src/device/usbd_control.c.obj
                0x10007300                tud_control_xfer
 .text.usbd_control_reset
                0x10007374       0x14 CMakeFiles/gc_adapter_rp2040.dir/C_/Program_Files/Raspberry_Pi/Pico_SDK_v1.5.1/pico-sdk/lib/tinyusb/src/device/usbd_control.c.obj
                0x10007374                usbd_control_reset
 .text.usbd_control_set_complete_callback
                0x10007388        0xc CMakeFiles/gc_adapter_rp2040.dir/C_/Program_Files/Raspberry_Pi/Pico_SDK_v1.5.1/pico-sdk/lib/tinyusb/src/device/usbd_control.c.obj
                0x10007388                usbd_control_set_complete_callback
 .text.usbd_control_set_request
                0x10007394       0x1c CMakeFiles/gc_adapter_rp2040.dir/C_/Program_Files/Raspberry_Pi/Pico_SDK_v1.5.1/pico-sdk/lib/tinyusb/src/device/usbd_control.c.obj
                0x10007394                usbd_control_set_request
 .text.usbd_control_xfer_cb
                0x100073b0       0xcc CMakeFiles/gc_adapter_rp2040.dir/C_/Program_Files/Raspberry_Pi/Pico_SDK_v1.5.1/pico-sdk/lib/tinyusb/src/device/usbd_control.c.obj
                0x100073b0                usbd_control_xfer_cb
 .text._prep_out_transaction
                0x1000747c       0x48 CMakeFiles/gc_adapter_rp2040.dir/C_/Program_Files/Raspberry_Pi/Pico_SDK_v1.5.1/pico-sdk/lib/tinyusb/src/class/cdc/cdc_device.c.obj
 .text.tud_cdc_n_connected
                0x100074c4       0x48 CMakeFiles/gc_adapter_rp2040.dir/C_/Program_Files/Raspberry_Pi/Pico_SDK_v1.5.1/pico-sdk/lib/tinyusb/src/class/cdc/cdc_device.c.obj
                0x100074c4                tud_cdc_n_connected
 .text.tud_cdc_n_available
                0x1000750c       0x20 CMakeFiles/gc_adapter_rp2040.dir/C_/Program_Files/Raspberry_Pi/Pico_SDK_v1.5.1/pico-sdk/lib/tinyusb/src/class/cdc/cdc_device.c.obj
                0x1000750c                tud_cdc_n_available
 .text.tud_cdc_n_read
                0x1000752c       0x30 CMakeFiles/gc_adapter_rp2040.dir/C_/Program_Files/Raspberry_Pi/Pico_SDK_v1.5.1/pico-sdk/lib/tinyusb/src/class/cdc/cdc_device.c.obj
                0x1000752c                tud_cdc_n_read
 .text.tud_cdc_n_write_flush
                0x1000755c       0xc8 CMakeFiles/gc_adapter_rp2040.dir/C_/Program_Files/Raspberry_Pi/Pico_SDK_v1.5.1/pico-sdk/lib/tinyusb/src/class/cdc/cdc_device.c.obj
                0x1000755c                tud_cdc_n_write_flush
 .text.tud_cdc_n_write
                0x10007624       0x3c CMakeFiles/gc_adapter_rp2040.dir/C_/Program_Files/Raspberry_Pi/Pico_SDK_v1.5.1/pico-sdk/lib/tinyusb/src/class/cdc/cdc_device.c.obj
                0x10007624                tud_cdc_n_write
 .text.tud_cdc_n_write_available
                0x10007660       0x20 CMakeFiles/gc_adapter_rp2040.dir/C_/Program_Files/Raspberry_Pi/Pico_SDK_v1.5.1/pico-sdk/lib/tinyusb/src/class/cdc/cdc_device.c.obj
                0x10007660                tud_cdc_n_write_available
 .text.cdcd_init
                0x10007680       0xc0 CMakeFiles/gc_adapter_rp2040.dir/C_/Program_Files/Raspberry_Pi/Pico_SDK_v1.5.1/pico-sdk/lib/tinyusb/src/class/cdc/cdc_device.c.obj
                0x10007680                cdcd_init
 .text.cdcd_reset
                0x10007740       0x50 CMakeFiles/gc_adapter_rp2040.dir/C_/Program_Files/Raspberry_Pi/Pico_SDK_v1.5.1/pico-sdk/lib/tinyusb/src/class/cdc/cdc_device.c.obj
                0x10007740                cdcd_reset
 .text.cdcd_open
                0x10007790       0xd8 CMakeFiles/gc_adapter_rp2040.dir/C_/Program_Files/Raspberry_Pi/Pico_SDK_v1.5.1/pico-sdk/lib/tinyusb/src/class/cdc/cdc_device.c.obj
                0x10007790                cdcd_open
 .text.cdcd_control_xfer_cb
                0x10007868      0x130 CMakeFiles/gc_adapter_rp2040.dir/C_/Program_Files/Raspberry_Pi/Pico_SDK_v1.5.1/pico-sdk/lib/tinyusb/src/class/cdc/cdc_device.c.obj
                0x10007868                cdcd_control_xfer_cb
 .text.cdcd_xfer_cb
                0x10007998      0x12c CMakeFiles/gc_adapter_rp2040.dir/C_/Program_Files/Raspberry_Pi/Pico_SDK_v1.5.1/pico-sdk/lib/tinyusb/src/class/cdc/cdc_device.c.obj
                0x10007998                cdcd_xfer_cb
 .text.tud_hid_n_ready
                0x10007ac4       0x50 CMakeFiles/gc_adapter_rp2040.dir/C_/Program_Files/Raspberry_Pi/Pico_SDK_v1.5.1/pico-sdk/lib/tinyusb/src/class/hid/hid_device.c.obj
                0x10007ac4                tud_hid_n_ready
 .text.tud_hid_n_report
                0x10007b14       0x84 CMakeFiles/gc_adapter_rp2040.dir/C_/Program_Files/Raspberry_Pi/Pico_SDK_v1.5.1/pico-sdk/lib/tinyusb/src/class/hid/hid_device.c.obj
                0x10007b14                tud_hid_n_report
 .text.hidd_reset
                0x10007b98       0x14 CMakeFiles/gc_adapter_rp2040.dir/C_/Program_Files/Raspberry_Pi/Pico_SDK_v1.5.1/pico-sdk/lib/tinyusb/src/class/hid/hid_device.c.obj
                0x10007b98                hidd_reset
 .text.hidd_init
                0x10007bac        0xa CMakeFiles/gc_adapter_rp2040.dir/C_/Program_Files/Raspberry_Pi/Pico_SDK_v1.5.1/pico-sdk/lib/tinyusb/src/class/hid/hid_device.c.obj
                0x10007bac                hidd_init
 *fill*         0x10007bb6        0x2 
 .text.hidd_open
                0x10007bb8       0xc0 CMakeFiles/gc_adapter_rp2040.dir/C_/Program_Files/Raspberry_Pi/Pico_SDK_v1.5.1/pico-sdk/lib/tinyusb/src/class/hid/hid_device.c.obj
                0x10007bb8                hidd_open
 .text.hidd_control_xfer_cb
                0x10007c78      0x278 CMakeFiles/gc_adapter_rp2040.dir/C_/Program_Files/Raspberry_Pi/Pico_SDK_v1.5.1/pico-sdk/lib/tinyusb/src/class/hid/hid_device.c.obj
                0x10007c78                hidd_control_xfer_cb
 .text.hidd_xfer_cb
                0x10007ef0       0x84 CMakeFiles/gc_adapter_rp2040.dir/C_/Program_Files/Raspberry_Pi/Pico_SDK_v1.5.1/pico-sdk/lib/tinyusb/src/class/hid/hid_device.c.obj
                0x10007ef0                hidd_xfer_cb
 .text._prep_out_transaction
                0x10007f74       0x2c CMakeFiles/gc_adapter_rp2040.dir/C_/Program_Files/Raspberry_Pi/Pico_SDK_v1.5.1/pico-sdk/lib/tinyusb/src/class/vendor/vendor_device.c.obj
 .text.maybe_transmit
                0x10007fa0       0x3e CMakeFiles/gc_adapter_rp2040.dir/C_/Program_Files/Raspberry_Pi/Pico_SDK_v1.5.1/pico-sdk/lib/tinyusb/src/class/vendor/vendor_device.c.obj
 *fill*         0x10007fde        0x2 
 .text.tud_vendor_n_read
                0x10007fe0       0x2c CMakeFiles/gc_adapter_rp2040.dir/C_/Program_Files/Raspberry_Pi/Pico_SDK_v1.5.1/pico-sdk/lib/tinyusb/src/class/vendor/vendor_device.c.obj
                0x10007fe0                tud_vendor_n_read
 .text.tud_vendor_n_write
                0x1000800c       0x3c CMakeFiles/gc_adapter_rp2040.dir/C_/Program_Files/Raspberry_Pi/Pico_SDK_v1.5.1/pico-sdk/lib/tinyusb/src/class/vendor/vendor_device.c.obj
                0x1000800c                tud_vendor_n_write
 .text.tud_vendor_n_flush
                0x10008048       0x1c CMakeFiles/gc_adapter_rp2040.dir/C_/Program_Files/Raspberry_Pi/Pico_SDK_v1.5.1/pico-sdk/lib/tinyusb/src/class/vendor/vendor_device.c.obj
                0x10008048                tud_vendor_n_flush
 .text.vendord_init
                0x10008064       0xa8 CMakeFiles/gc_adapter_rp2040.dir/C_/Program_Files/Raspberry_Pi/Pico_SDK_v1.5.1/pico-sdk/lib/tinyusb/src/class/vendor/vendor_device.c.obj
                0x10008064                vendord_init
 .text.vendord_reset
                0x1000810c       0x40 CMakeFiles/gc_adapter_rp2040.dir/C_/Program_Files/Raspberry_Pi/Pico_SDK_v1.5.1/pico-sdk/lib/tinyusb/src/class/vendor/vendor_device.c.obj
                0x1000810c                vendord_reset
 .text.vendord_open
                0x1000814c       0xd4 CMakeFiles/gc_adapter_rp2040.dir/C_/Program_Files/Raspberry_Pi/Pico_SDK_v1.5.1/pico-sdk/lib/tinyusb/src/class/vendor/vendor_device.c.obj
                0x1000814c                vendord_open
 .text.vendord_xfer_cb
                0x10008220       0x7c CMakeFiles/gc_adapter_rp2040.dir/C_/Program_Files/Raspberry_Pi/Pico_SDK_v1.5.1/pico-sdk/lib/tinyusb/src/class/vendor/vendor_device.c.obj
                0x10008220                vendord_xfer_cb
 .text.tusb_init
                0x1000829c        0xa CMakeFiles/gc_adapter_rp2040.dir/C_/Program_Files/Raspberry_Pi/Pico_SDK_v1.5.1/pico-sdk/lib/tinyusb/src/tusb.c.obj
                0x1000829c                tusb_init
 .text.tusb_inited
                0x100082a6        0xe CMakeFiles/gc_adapter_rp2040.dir/C_/Program_Files/Raspberry_Pi/Pico_SDK_v1.5.1/pico-sdk/lib/tinyusb/src/tusb.c.obj
                0x100082a6                tusb_inited
 .text.tu_edpt_claim
                0x100082b4       0x50 CMakeFiles/gc_adapter_rp2040.dir/C_/Program_Files/Raspberry_Pi/Pico_SDK_v1.5.1/pico-sdk/lib/tinyusb/src/tusb.c.obj
                0x100082b4                tu_edpt_claim
 .text.tu_edpt_release
                0x10008304       0x3c CMakeFiles/gc_adapter_rp2040.dir/C_/Program_Files/Raspberry_Pi/Pico_SDK_v1.5.1/pico-sdk/lib/tinyusb/src/tusb.c.obj
                0x10008304                tu_edpt_release
 .text.tu_edpt_validate
                0x10008340       0x78 CMakeFiles/gc_adapter_rp2040.dir/C_/Program_Files/Raspberry_Pi/Pico_SDK_v1.5.1/pico-sdk/lib/tinyusb/src/tusb.c.obj
                0x10008340                tu_edpt_validate
 .text.tu_edpt_bind_driver
                0x100083b8       0x26 CMakeFiles/gc_adapter_rp2040.dir/C_/Program_Files/Raspberry_Pi/Pico_SDK_v1.5.1/pico-sdk/lib/tinyusb/src/tusb.c.obj
                0x100083b8                tu_edpt_bind_driver
 .text.advance_index
                0x100083de       0x1a CMakeFiles/gc_adapter_rp2040.dir/C_/Program_Files/Raspberry_Pi/Pico_SDK_v1.5.1/pico-sdk/lib/tinyusb/src/common/tusb_fifo.c.obj
 .text._tu_fifo_peek
                0x100083f8       0x56 CMakeFiles/gc_adapter_rp2040.dir/C_/Program_Files/Raspberry_Pi/Pico_SDK_v1.5.1/pico-sdk/lib/tinyusb/src/common/tusb_fifo.c.obj
 .text._ff_pull_const_addr
                0x1000844e       0x4c CMakeFiles/gc_adapter_rp2040.dir/C_/Program_Files/Raspberry_Pi/Pico_SDK_v1.5.1/pico-sdk/lib/tinyusb/src/common/tusb_fifo.c.obj
 .text._ff_pull_n
                0x1000849a      0x110 CMakeFiles/gc_adapter_rp2040.dir/C_/Program_Files/Raspberry_Pi/Pico_SDK_v1.5.1/pico-sdk/lib/tinyusb/src/common/tusb_fifo.c.obj
 .text._tu_fifo_peek_n
                0x100085aa       0x6a CMakeFiles/gc_adapter_rp2040.dir/C_/Program_Files/Raspberry_Pi/Pico_SDK_v1.5.1/pico-sdk/lib/tinyusb/src/common/tusb_fifo.c.obj
 .text._tu_fifo_read_n
                0x10008614       0x4e CMakeFiles/gc_adapter_rp2040.dir/C_/Program_Files/Raspberry_Pi/Pico_SDK_v1.5.1/pico-sdk/lib/tinyusb/src/common/tusb_fifo.c.obj
 .text._ff_push_const_addr
                0x10008662       0x40 CMakeFiles/gc_adapter_rp2040.dir/C_/Program_Files/Raspberry_Pi/Pico_SDK_v1.5.1/pico-sdk/lib/tinyusb/src/common/tusb_fifo.c.obj
 .text._ff_push_n
                0x100086a2      0x10c CMakeFiles/gc_adapter_rp2040.dir/C_/Program_Files/Raspberry_Pi/Pico_SDK_v1.5.1/pico-sdk/lib/tinyusb/src/common/tusb_fifo.c.obj
 .text._tu_fifo_write_n
                0x100087ae       0xf0 CMakeFiles/gc_adapter_rp2040.dir/C_/Program_Files/Raspberry_Pi/Pico_SDK_v1.5.1/pico-sdk/lib/tinyusb/src/common/tusb_fifo.c.obj
 .text.tu_fifo_config
                0x1000889e       0x7c CMakeFiles/gc_adapter_rp2040.dir/C_/Program_Files/Raspberry_Pi/Pico_SDK_v1.5.1/pico-sdk/lib/tinyusb/src/common/tusb_fifo.c.obj
                0x1000889e                tu_fifo_config
 .text.tu_fifo_count
                0x1000891a       0x2a CMakeFiles/gc_adapter_rp2040.dir/C_/Program_Files/Raspberry_Pi/Pico_SDK_v1.5.1/pico-sdk/lib/tinyusb/src/common/tusb_fifo.c.obj
                0x1000891a                tu_fifo_count
 .text.tu_fifo_empty
                0x10008944       0x10 CMakeFiles/gc_adapter_rp2040.dir/C_/Program_Files/Raspberry_Pi/Pico_SDK_v1.5.1/pico-sdk/lib/tinyusb/src/common/tusb_fifo.c.obj
                0x10008944                tu_fifo_empty
 .text.tu_fifo_full
                0x10008954       0x28 CMakeFiles/gc_adapter_rp2040.dir/C_/Program_Files/Raspberry_Pi/Pico_SDK_v1.5.1/pico-sdk/lib/tinyusb/src/common/tusb_fifo.c.obj
                0x10008954                tu_fifo_full
 .text.tu_fifo_remaining
                0x1000897c       0x2c CMakeFiles/gc_adapter_rp2040.dir/C_/Program_Files/Raspberry_Pi/Pico_SDK_v1.5.1/pico-sdk/lib/tinyusb/src/common/tusb_fifo.c.obj
                0x1000897c                tu_fifo_remaining
 .text.tu_fifo_read
                0x100089a8       0x42 CMakeFiles/gc_adapter_rp2040.dir/C_/Program_Files/Raspberry_Pi/Pico_SDK_v1.5.1/pico-sdk/lib/tinyusb/src/common/tusb_fifo.c.obj
                0x100089a8                tu_fifo_read
 .text.tu_fifo_read_n
                0x100089ea        0xa CMakeFiles/gc_adapter_rp2040.dir/C_/Program_Files/Raspberry_Pi/Pico_SDK_v1.5.1/pico-sdk/lib/tinyusb/src/common/tusb_fifo.c.obj
                0x100089ea                tu_fifo_read_n
 .text.tu_fifo_write
                0x100089f4       0x64 CMakeFiles/gc_adapter_rp2040.dir/C_/Program_Files/Raspberry_Pi/Pico_SDK_v1.5.1/pico-sdk/lib/tinyusb/src/common/tusb_fifo.c.obj
                0x100089f4                tu_fifo_write
 .text.tu_fifo_write_n
                0x10008a58        0xa CMakeFiles/gc_adapter_rp2040.dir/C_/Program_Files/Raspberry_Pi/Pico_SDK_v1.5.1/pico-sdk/lib/tinyusb/src/common/tusb_fifo.c.obj
                0x10008a58                tu_fifo_write_n
 .text.tu_fifo_clear
                0x10008a62       0x3e CMakeFiles/gc_adapter_rp2040.dir/C_/Program_Files/Raspberry_Pi/Pico_SDK_v1.5.1/pico-sdk/lib/tinyusb/src/common/tusb_fifo.c.obj
                0x10008a62                tu_fifo_clear
 .text.tu_fifo_set_overwritable
                0x10008aa0       0x46 CMakeFiles/gc_adapter_rp2040.dir/C_/Program_Files/Raspberry_Pi/Pico_SDK_v1.5.1/pico-sdk/lib/tinyusb/src/common/tusb_fifo.c.obj
                0x10008aa0                tu_fifo_set_overwritable
 *fill*         0x10008ae6        0x2 
 .text._pio_can_add_program_at_offset
                0x10008ae8       0x3c CMakeFiles/gc_adapter_rp2040.dir/C_/Program_Files/Raspberry_Pi/Pico_SDK_v1.5.1/pico-sdk/src/rp2_common/hardware_pio/pio.c.obj
 .text._pio_find_offset_for_program
                0x10008b24       0x7c CMakeFiles/gc_adapter_rp2040.dir/C_/Program_Files/Raspberry_Pi/Pico_SDK_v1.5.1/pico-sdk/src/rp2_common/hardware_pio/pio.c.obj
 .text._pio_add_program_at_offset
                0x10008ba0       0x78 CMakeFiles/gc_adapter_rp2040.dir/C_/Program_Files/Raspberry_Pi/Pico_SDK_v1.5.1/pico-sdk/src/rp2_common/hardware_pio/pio.c.obj
 .text.pio_add_program
                0x10008c18       0x38 CMakeFiles/gc_adapter_rp2040.dir/C_/Program_Files/Raspberry_Pi/Pico_SDK_v1.5.1/pico-sdk/src/rp2_common/hardware_pio/pio.c.obj
                0x10008c18                pio_add_program
 .text.pio_sm_set_consecutive_pindirs
                0x10008c50       0xa4 CMakeFiles/gc_adapter_rp2040.dir/C_/Program_Files/Raspberry_Pi/Pico_SDK_v1.5.1/pico-sdk/src/rp2_common/hardware_pio/pio.c.obj
                0x10008c50                pio_sm_set_consecutive_pindirs
 .text.pio_sm_init
                0x10008cf4       0xe4 CMakeFiles/gc_adapter_rp2040.dir/C_/Program_Files/Raspberry_Pi/Pico_SDK_v1.5.1/pico-sdk/src/rp2_common/hardware_pio/pio.c.obj
                0x10008cf4                pio_sm_init
 .text.strlen   0x10008dd8       0x5c c:/progra~1/raspbe~1/picosd~1.1/gcc-ar~1/bin/../lib/gcc/arm-none-eabi/10.3.1/../../../../arm-none-eabi/lib/thumb/v6-m/nofp\libg.a(lib_a-strlen-stub.o)
                0x10008dd8                strlen
 *(.fini)
 .fini          0x10008e34        0x4 c:/progra~1/raspbe~1/picosd~1.1/gcc-ar~1/bin/../lib/gcc/arm-none-eabi/10.3.1/thumb/v6-m/nofp/crti.o
                0x10008e34                _fini
 .fini.__stub   0x10008e38       0xd0 linker stubs
 *crtbegin.o(.ctors)
 *crtbegin?.o(.ctors)
 *(EXCLUDE_FILE(*crtend.o *crtend?.o) .ctors)
 *(SORT_BY_NAME(.ctors.*))
 *(.ctors)
 *crtbegin.o(.dtors)
 *crtbegin?.o(.dtors)
 *(EXCLUDE_FILE(*crtend.o *crtend?.o) .dtors)
 *(SORT_BY_NAME(.dtors.*))
 *(.dtors)
 *(.eh_frame*)
 .eh_frame      0x10008f08        0x0 c:/progra~1/raspbe~1/picosd~1.1/gcc-ar~1/bin/../lib/gcc/arm-none-eabi/10.3.1/thumb/v6-m/nofp/crtbegin.o
                0x10008f08                . = ALIGN (0x4)

.glue_7         0x10008f08        0x0
 .glue_7        0x10008f08        0x0 linker stubs

.glue_7t        0x10008f08        0x0
 .glue_7t       0x10008f08        0x0 linker stubs

.vfp11_veneer   0x10008f08        0x0
 .vfp11_veneer  0x10008f08        0x0 linker stubs

.v4_bx          0x10008f08        0x0
 .v4_bx         0x10008f08        0x0 linker stubs

.iplt           0x10008f08        0x0
 .iplt          0x10008f08        0x0 c:/progra~1/raspbe~1/picosd~1.1/gcc-ar~1/bin/../lib/gcc/arm-none-eabi/10.3.1/thumb/v6-m/nofp/crtbegin.o

.rodata         0x10008f08     0x2310
 *(EXCLUDE_FILE(*libm.a: *libc.a:*lib_a-mem*.o *libgcc.a:) .rodata*)
 .rodata.ws2812_program
                0x10008f08        0x6 CMakeFiles/gc_adapter_rp2040.dir/src/utilities/rgb.c.obj
 *fill*         0x10008f0e        0x2 
 .rodata.ws2812_program_instructions
                0x10008f10        0x8 CMakeFiles/gc_adapter_rp2040.dir/src/utilities/rgb.c.obj
 .rodata.desc_bos
                0x10008f18       0x39 CMakeFiles/gc_adapter_rp2040.dir/src/usb/desc_bos.c.obj
                0x10008f18                desc_bos
 *fill*         0x10008f51        0x3 
 .rodata.desc_ms_os_20
                0x10008f54       0xb2 CMakeFiles/gc_adapter_rp2040.dir/src/usb/desc_bos.c.obj
                0x10008f54                desc_ms_os_20
 *fill*         0x10009006        0x2 
 .rodata.tud_vendor_rx_cb.str1.4
                0x10009008       0x16 CMakeFiles/gc_adapter_rp2040.dir/src/usb/adapter_usb.c.obj
 *fill*         0x1000901e        0x2 
 .rodata.joybus_program
                0x10009020        0x6 CMakeFiles/gc_adapter_rp2040.dir/src/adapter.c.obj
 *fill*         0x10009026        0x2 
 .rodata.joybus_program_instructions
                0x10009028       0x2c CMakeFiles/gc_adapter_rp2040.dir/src/adapter.c.obj
 .rodata.str1.4
                0x10009054       0x4f CMakeFiles/gc_adapter_rp2040.dir/src/adapter_defines.c.obj
 *fill*         0x100090a3        0x1 
 .rodata.tud_xinput_driver
                0x100090a4       0x18 CMakeFiles/gc_adapter_rp2040.dir/src/usb/xinput_device.c.obj
                0x100090a4                tud_xinput_driver
 .rodata.xid_configuration_descriptor
                0x100090bc       0xa5 CMakeFiles/gc_adapter_rp2040.dir/src/usb/xinput_device.c.obj
                0x100090bc                xid_configuration_descriptor
 *fill*         0x10009161        0x3 
 .rodata.xid_device_descriptor
                0x10009164       0x12 CMakeFiles/gc_adapter_rp2040.dir/src/usb/xinput_device.c.obj
                0x10009164                xid_device_descriptor
 *fill*         0x10009176        0x2 
 .rodata.info_handler.str1.4
                0x10009178       0x34 CMakeFiles/gc_adapter_rp2040.dir/src/switch/switch_commands.c.obj
 .rodata.command_handler.str1.4
                0x100091ac      0x123 CMakeFiles/gc_adapter_rp2040.dir/src/switch/switch_commands.c.obj
                                0x133 (size before relaxing)
 *fill*         0x100092cf        0x1 
 .rodata.command_handler
                0x100092d0      0x124 CMakeFiles/gc_adapter_rp2040.dir/src/switch/switch_commands.c.obj
 .rodata.report_handler.str1.4
                0x100093f4       0x14 CMakeFiles/gc_adapter_rp2040.dir/src/switch/switch_commands.c.obj
 .rodata        0x10009408       0x18 CMakeFiles/gc_adapter_rp2040.dir/src/switch/switch_commands.c.obj
 .rodata.sw_spi_getaddressdata
                0x10009420      0x2a8 CMakeFiles/gc_adapter_rp2040.dir/src/switch/switch_spi.c.obj
 .rodata.tud_vendor_control_xfer_cb.str1.4
                0x100096c8       0x13 CMakeFiles/gc_adapter_rp2040.dir/src/devices/swpro.c.obj
 *fill*         0x100096db        0x1 
 .rodata.desc_url
                0x100096dc       0x16 CMakeFiles/gc_adapter_rp2040.dir/src/devices/swpro.c.obj
                0x100096dc                desc_url
 *fill*         0x100096f2        0x2 
 .rodata.swpro_configuration_descriptor
                0x100096f4       0xa0 CMakeFiles/gc_adapter_rp2040.dir/src/devices/swpro.c.obj
                0x100096f4                swpro_configuration_descriptor
 .rodata.swpro_device_descriptor
                0x10009794       0x12 CMakeFiles/gc_adapter_rp2040.dir/src/devices/swpro.c.obj
                0x10009794                swpro_device_descriptor
 *fill*         0x100097a6        0x2 
 .rodata.swpro_hid_report_descriptor
                0x100097a8       0xcb CMakeFiles/gc_adapter_rp2040.dir/src/devices/swpro.c.obj
                0x100097a8                swpro_hid_report_descriptor
 *fill*         0x10009873        0x1 
 .rodata.webusb_command_processor.str1.4
                0x10009874      0x1aa CMakeFiles/gc_adapter_rp2040.dir/src/devices/webusb.c.obj
 *fill*         0x10009a1e        0x2 
 .rodata.webusb_command_processor
                0x10009a20       0x7c CMakeFiles/gc_adapter_rp2040.dir/src/devices/webusb.c.obj
 .rodata.serial_configuration_descriptor
                0x10009a9c       0x4b CMakeFiles/gc_adapter_rp2040.dir/src/devices/serial_cdc.c.obj
                0x10009a9c                serial_configuration_descriptor
 *fill*         0x10009ae7        0x1 
 .rodata.serial_device_descriptor
                0x10009ae8       0x12 CMakeFiles/gc_adapter_rp2040.dir/src/devices/serial_cdc.c.obj
                0x10009ae8                serial_device_descriptor
 *fill*         0x10009afa        0x2 
 .rodata.spin_lock_claim_unused.str1.4
                0x10009afc       0x1b CMakeFiles/gc_adapter_rp2040.dir/C_/Program_Files/Raspberry_Pi/Pico_SDK_v1.5.1/pico-sdk/src/rp2_common/hardware_sync/sync.c.obj
 *fill*         0x10009b17        0x1 
 .rodata.make_branch.str1.4
                0x10009b18       0x89 CMakeFiles/gc_adapter_rp2040.dir/C_/Program_Files/Raspberry_Pi/Pico_SDK_v1.5.1/pico-sdk/src/rp2_common/hardware_irq/irq.c.obj
 *fill*         0x10009ba1        0x3 
 .rodata.insert_branch_and_link.str1.4
                0x10009ba4       0x10 CMakeFiles/gc_adapter_rp2040.dir/C_/Program_Files/Raspberry_Pi/Pico_SDK_v1.5.1/pico-sdk/src/rp2_common/hardware_irq/irq.c.obj
 .rodata.irq_set_exclusive_handler.str1.4
                0x10009bb4       0x36 CMakeFiles/gc_adapter_rp2040.dir/C_/Program_Files/Raspberry_Pi/Pico_SDK_v1.5.1/pico-sdk/src/rp2_common/hardware_irq/irq.c.obj
 *fill*         0x10009bea        0x2 
 .rodata.irq_add_shared_handler.str1.4
                0x10009bec       0xd9 CMakeFiles/gc_adapter_rp2040.dir/C_/Program_Files/Raspberry_Pi/Pico_SDK_v1.5.1/pico-sdk/src/rp2_common/hardware_irq/irq.c.obj
 *fill*         0x10009cc5        0x3 
 .rodata.irq_remove_handler.str1.4
                0x10009cc8       0x3a CMakeFiles/gc_adapter_rp2040.dir/C_/Program_Files/Raspberry_Pi/Pico_SDK_v1.5.1/pico-sdk/src/rp2_common/hardware_irq/irq.c.obj
 *fill*         0x10009d02        0x2 
 .rodata.irq_add_tail_to_free_list.str1.4
                0x10009d04       0x3a CMakeFiles/gc_adapter_rp2040.dir/C_/Program_Files/Raspberry_Pi/Pico_SDK_v1.5.1/pico-sdk/src/rp2_common/hardware_irq/irq.c.obj
 *fill*         0x10009d3e        0x2 
 .rodata.__func__.0
                0x10009d40       0x1a CMakeFiles/gc_adapter_rp2040.dir/C_/Program_Files/Raspberry_Pi/Pico_SDK_v1.5.1/pico-sdk/src/rp2_common/hardware_irq/irq.c.obj
 *fill*         0x10009d5a        0x2 
 .rodata.__func__.1
                0x10009d5c       0x17 CMakeFiles/gc_adapter_rp2040.dir/C_/Program_Files/Raspberry_Pi/Pico_SDK_v1.5.1/pico-sdk/src/rp2_common/hardware_irq/irq.c.obj
 *fill*         0x10009d73        0x1 
 .rodata.__func__.2
                0x10009d74       0x13 CMakeFiles/gc_adapter_rp2040.dir/C_/Program_Files/Raspberry_Pi/Pico_SDK_v1.5.1/pico-sdk/src/rp2_common/hardware_irq/irq.c.obj
 *fill*         0x10009d87        0x1 
 .rodata.__func__.3
                0x10009d88        0xc CMakeFiles/gc_adapter_rp2040.dir/C_/Program_Files/Raspberry_Pi/Pico_SDK_v1.5.1/pico-sdk/src/rp2_common/hardware_irq/irq.c.obj
 .rodata.__func__.4
                0x10009d94        0xf CMakeFiles/gc_adapter_rp2040.dir/C_/Program_Files/Raspberry_Pi/Pico_SDK_v1.5.1/pico-sdk/src/rp2_common/hardware_irq/irq.c.obj
 *fill*         0x10009da3        0x1 
 .rodata.__func__.5
                0x10009da4       0x17 CMakeFiles/gc_adapter_rp2040.dir/C_/Program_Files/Raspberry_Pi/Pico_SDK_v1.5.1/pico-sdk/src/rp2_common/hardware_irq/irq.c.obj
 *fill*         0x10009dbb        0x1 
 .rodata.__func__.6
                0x10009dbc       0x1a CMakeFiles/gc_adapter_rp2040.dir/C_/Program_Files/Raspberry_Pi/Pico_SDK_v1.5.1/pico-sdk/src/rp2_common/hardware_irq/irq.c.obj
 *fill*         0x10009dd6        0x2 
 .rodata.str1.4
                0x10009dd8      0x125 CMakeFiles/gc_adapter_rp2040.dir/C_/Program_Files/Raspberry_Pi/Pico_SDK_v1.5.1/pico-sdk/src/common/pico_sync/mutex.c.obj
 *fill*         0x10009efd        0x3 
 .rodata.__func__.1
                0x10009f00        0xb CMakeFiles/gc_adapter_rp2040.dir/C_/Program_Files/Raspberry_Pi/Pico_SDK_v1.5.1/pico-sdk/src/common/pico_sync/mutex.c.obj
 *fill*         0x10009f0b        0x1 
 .rodata.__func__.3
                0x10009f0c       0x18 CMakeFiles/gc_adapter_rp2040.dir/C_/Program_Files/Raspberry_Pi/Pico_SDK_v1.5.1/pico-sdk/src/common/pico_sync/mutex.c.obj
 .rodata.__func__.4
                0x10009f24       0x15 CMakeFiles/gc_adapter_rp2040.dir/C_/Program_Files/Raspberry_Pi/Pico_SDK_v1.5.1/pico-sdk/src/common/pico_sync/mutex.c.obj
 *fill*         0x10009f39        0x3 
 .rodata.repeating_timer_callback.str1.4
                0x10009f3c       0x67 CMakeFiles/gc_adapter_rp2040.dir/C_/Program_Files/Raspberry_Pi/Pico_SDK_v1.5.1/pico-sdk/src/common/pico_time/time.c.obj
 *fill*         0x10009fa3        0x1 
 .rodata.timer_pool_entry_comparator.str1.4
                0x10009fa4       0x22 CMakeFiles/gc_adapter_rp2040.dir/C_/Program_Files/Raspberry_Pi/Pico_SDK_v1.5.1/pico-sdk/src/common/pico_time/time.c.obj
 *fill*         0x10009fc6        0x2 
 .rodata.ph_add_child_node.str1.4
                0x10009fc8       0xb2 CMakeFiles/gc_adapter_rp2040.dir/C_/Program_Files/Raspberry_Pi/Pico_SDK_v1.5.1/pico-sdk/src/common/pico_time/time.c.obj
 *fill*         0x1000a07a        0x2 
 .rodata.add_alarm_under_lock.str1.4
                0x1000a07c       0x28 CMakeFiles/gc_adapter_rp2040.dir/C_/Program_Files/Raspberry_Pi/Pico_SDK_v1.5.1/pico-sdk/src/common/pico_time/time.c.obj
                                 0x2b (size before relaxing)
 .rodata.alarm_pool_alarm_callback.str1.4
                0x1000a0a4       0x98 CMakeFiles/gc_adapter_rp2040.dir/C_/Program_Files/Raspberry_Pi/Pico_SDK_v1.5.1/pico-sdk/src/common/pico_time/time.c.obj
                                0x118 (size before relaxing)
 .rodata.alarm_pool_get_default.str1.4
                0x1000a13c       0x21 CMakeFiles/gc_adapter_rp2040.dir/C_/Program_Files/Raspberry_Pi/Pico_SDK_v1.5.1/pico-sdk/src/common/pico_time/time.c.obj
 *fill*         0x1000a15d        0x3 
 .rodata.alarm_pool_cancel_alarm.str1.4
                0x1000a160       0x27 CMakeFiles/gc_adapter_rp2040.dir/C_/Program_Files/Raspberry_Pi/Pico_SDK_v1.5.1/pico-sdk/src/common/pico_time/time.c.obj
 *fill*         0x1000a187        0x1 
 .rodata.sleep_until.str1.4
                0x1000a188       0x4d CMakeFiles/gc_adapter_rp2040.dir/C_/Program_Files/Raspberry_Pi/Pico_SDK_v1.5.1/pico-sdk/src/common/pico_time/time.c.obj
 *fill*         0x1000a1d5        0x3 
 .rodata.__func__.1
                0x1000a1d8       0x18 CMakeFiles/gc_adapter_rp2040.dir/C_/Program_Files/Raspberry_Pi/Pico_SDK_v1.5.1/pico-sdk/src/common/pico_time/time.c.obj
 .rodata.__func__.10
                0x1000a1f0       0x15 CMakeFiles/gc_adapter_rp2040.dir/C_/Program_Files/Raspberry_Pi/Pico_SDK_v1.5.1/pico-sdk/src/common/pico_time/time.c.obj
 *fill*         0x1000a205        0x3 
 .rodata.__func__.11
                0x1000a208       0x1a CMakeFiles/gc_adapter_rp2040.dir/C_/Program_Files/Raspberry_Pi/Pico_SDK_v1.5.1/pico-sdk/src/common/pico_time/time.c.obj
 *fill*         0x1000a222        0x2 
 .rodata.__func__.12
                0x1000a224        0xa CMakeFiles/gc_adapter_rp2040.dir/C_/Program_Files/Raspberry_Pi/Pico_SDK_v1.5.1/pico-sdk/src/common/pico_time/time.c.obj
 *fill*         0x1000a22e        0x2 
 .rodata.__func__.3
                0x1000a230       0x17 CMakeFiles/gc_adapter_rp2040.dir/C_/Program_Files/Raspberry_Pi/Pico_SDK_v1.5.1/pico-sdk/src/common/pico_time/time.c.obj
 *fill*         0x1000a247        0x1 
 .rodata.__func__.4
                0x1000a248       0x12 CMakeFiles/gc_adapter_rp2040.dir/C_/Program_Files/Raspberry_Pi/Pico_SDK_v1.5.1/pico-sdk/src/common/pico_time/time.c.obj
 *fill*         0x1000a25a        0x2 
 .rodata.__func__.5
                0x1000a25c        0xd CMakeFiles/gc_adapter_rp2040.dir/C_/Program_Files/Raspberry_Pi/Pico_SDK_v1.5.1/pico-sdk/src/common/pico_time/time.c.obj
 *fill*         0x1000a269        0x3 
 .rodata.__func__.6
                0x1000a26c       0x12 CMakeFiles/gc_adapter_rp2040.dir/C_/Program_Files/Raspberry_Pi/Pico_SDK_v1.5.1/pico-sdk/src/common/pico_time/time.c.obj
 *fill*         0x1000a27e        0x2 
 .rodata.__func__.7
                0x1000a280        0xf CMakeFiles/gc_adapter_rp2040.dir/C_/Program_Files/Raspberry_Pi/Pico_SDK_v1.5.1/pico-sdk/src/common/pico_time/time.c.obj
 *fill*         0x1000a28f        0x1 
 .rodata.__func__.8
                0x1000a290        0xc CMakeFiles/gc_adapter_rp2040.dir/C_/Program_Files/Raspberry_Pi/Pico_SDK_v1.5.1/pico-sdk/src/common/pico_time/time.c.obj
 .rodata.__func__.9
                0x1000a29c       0x15 CMakeFiles/gc_adapter_rp2040.dir/C_/Program_Files/Raspberry_Pi/Pico_SDK_v1.5.1/pico-sdk/src/common/pico_time/time.c.obj
 *fill*         0x1000a2b1        0x3 
 .rodata.hardware_alarm_claim.str1.4
                0x1000a2b4       0x22 CMakeFiles/gc_adapter_rp2040.dir/C_/Program_Files/Raspberry_Pi/Pico_SDK_v1.5.1/pico-sdk/src/rp2_common/hardware_timer/timer.c.obj
 *fill*         0x1000a2d6        0x2 
 .rodata.hardware_alarm_set_target.str1.4
                0x1000a2d8       0x81 CMakeFiles/gc_adapter_rp2040.dir/C_/Program_Files/Raspberry_Pi/Pico_SDK_v1.5.1/pico-sdk/src/rp2_common/hardware_timer/timer.c.obj
 *fill*         0x1000a359        0x3 
 .rodata.__func__.0
                0x1000a35c       0x1a CMakeFiles/gc_adapter_rp2040.dir/C_/Program_Files/Raspberry_Pi/Pico_SDK_v1.5.1/pico-sdk/src/rp2_common/hardware_timer/timer.c.obj
 .rodata.ph_add_child_node.str1.4
                0x1000a376       0xb2 CMakeFiles/gc_adapter_rp2040.dir/C_/Program_Files/Raspberry_Pi/Pico_SDK_v1.5.1/pico-sdk/src/common/pico_util/pheap.c.obj
 *fill*         0x1000a376        0x2 
 .rodata.ph_remove_any_head.str1.4
                0x1000a378       0xa8 CMakeFiles/gc_adapter_rp2040.dir/C_/Program_Files/Raspberry_Pi/Pico_SDK_v1.5.1/pico-sdk/src/common/pico_util/pheap.c.obj
                                 0xbc (size before relaxing)
 .rodata.ph_remove_and_free_node.str1.4
                0x1000a420       0x1e CMakeFiles/gc_adapter_rp2040.dir/C_/Program_Files/Raspberry_Pi/Pico_SDK_v1.5.1/pico-sdk/src/common/pico_util/pheap.c.obj
                                 0x26 (size before relaxing)
 *fill*         0x1000a43e        0x2 
 .rodata.__func__.0
                0x1000a440       0x18 CMakeFiles/gc_adapter_rp2040.dir/C_/Program_Files/Raspberry_Pi/Pico_SDK_v1.5.1/pico-sdk/src/common/pico_util/pheap.c.obj
 .rodata.__func__.1
                0x1000a458       0x13 CMakeFiles/gc_adapter_rp2040.dir/C_/Program_Files/Raspberry_Pi/Pico_SDK_v1.5.1/pico-sdk/src/common/pico_util/pheap.c.obj
 *fill*         0x1000a46b        0x1 
 .rodata.__func__.2
                0x1000a46c       0x12 CMakeFiles/gc_adapter_rp2040.dir/C_/Program_Files/Raspberry_Pi/Pico_SDK_v1.5.1/pico-sdk/src/common/pico_util/pheap.c.obj
 *fill*         0x1000a47e        0x2 
 .rodata.__func__.3
                0x1000a480        0xc CMakeFiles/gc_adapter_rp2040.dir/C_/Program_Files/Raspberry_Pi/Pico_SDK_v1.5.1/pico-sdk/src/common/pico_util/pheap.c.obj
 .rodata.clock_configure.str1.4
                0x1000a48c       0x73 CMakeFiles/gc_adapter_rp2040.dir/C_/Program_Files/Raspberry_Pi/Pico_SDK_v1.5.1/pico-sdk/src/rp2_common/hardware_clocks/clocks.c.obj
 *fill*         0x1000a4ff        0x1 
 .rodata.__func__.1
                0x1000a500       0x10 CMakeFiles/gc_adapter_rp2040.dir/C_/Program_Files/Raspberry_Pi/Pico_SDK_v1.5.1/pico-sdk/src/rp2_common/hardware_clocks/clocks.c.obj
 .rodata.pll_init.str1.4