Archive member included to satisfy reference by file (symbol)

c:/progra~1/raspbe~1/picosd~1.1/gcc-ar~1/bin/../lib/gcc/arm-none-eabi/10.3.1/thumb/v6-m/nofp\libgcc.a(_dvmd_tls.o)
                              CMakeFiles/gc_adapter_rp2040.dir/C_/Program_Files/Raspberry_Pi/Pico_SDK_v1.5.1/pico-sdk/src/rp2_common/pico_divider/divider.S.obj (__aeabi_idiv0)
c:/progra~1/raspbe~1/picosd~1.1/gcc-ar~1/bin/../lib/gcc/arm-none-eabi/10.3.1/../../../../arm-none-eabi/lib/thumb/v6-m/nofp\libg.a(lib_a-calloc.o)
                              CMakeFiles/gc_adapter_rp2040.dir/C_/Program_Files/Raspberry_Pi/Pico_SDK_v1.5.1/pico-sdk/src/rp2_common/pico_malloc/pico_malloc.c.obj (calloc)
c:/progra~1/raspbe~1/picosd~1.1/gcc-ar~1/bin/../lib/gcc/arm-none-eabi/10.3.1/../../../../arm-none-eabi/lib/thumb/v6-m/nofp\libg.a(lib_a-callocr.o)
                              c:/progra~1/raspbe~1/picosd~1.1/gcc-ar~1/bin/../lib/gcc/arm-none-eabi/10.3.1/../../../../arm-none-eabi/lib/thumb/v6-m/nofp\libg.a(lib_a-calloc.o) (_calloc_r)
c:/progra~1/raspbe~1/picosd~1.1/gcc-ar~1/bin/../lib/gcc/arm-none-eabi/10.3.1/../../../../arm-none-eabi/lib/thumb/v6-m/nofp\libg.a(lib_a-errno.o)
                              c:/progra~1/raspbe~1/picosd~1.1/gcc-ar~1/bin/../lib/gcc/arm-none-eabi/10.3.1/../../../../arm-none-eabi/lib/thumb/v6-m/nofp\libg.a(lib_a-callocr.o) (__errno)
c:/progra~1/raspbe~1/picosd~1.1/gcc-ar~1/bin/../lib/gcc/arm-none-eabi/10.3.1/../../../../arm-none-eabi/lib/thumb/v6-m/nofp\libg.a(lib_a-impure.o)
                              c:/progra~1/raspbe~1/picosd~1.1/gcc-ar~1/bin/../lib/gcc/arm-none-eabi/10.3.1/../../../../arm-none-eabi/lib/thumb/v6-m/nofp\libg.a(lib_a-calloc.o) (_impure_ptr)
c:/progra~1/raspbe~1/picosd~1.1/gcc-ar~1/bin/../lib/gcc/arm-none-eabi/10.3.1/../../../../arm-none-eabi/lib/thumb/v6-m/nofp\libg.a(lib_a-init.o)
                              c:/progra~1/raspbe~1/picosd~1.1/gcc-ar~1/bin/../lib/gcc/arm-none-eabi/10.3.1/../../../../arm-none-eabi/lib/thumb/v6-m/nofp/crt0.o (__libc_init_array)
c:/progra~1/raspbe~1/picosd~1.1/gcc-ar~1/bin/../lib/gcc/arm-none-eabi/10.3.1/../../../../arm-none-eabi/lib/thumb/v6-m/nofp\libg.a(lib_a-malloc.o)
                              CMakeFiles/gc_adapter_rp2040.dir/C_/Program_Files/Raspberry_Pi/Pico_SDK_v1.5.1/pico-sdk/src/rp2_common/pico_malloc/pico_malloc.c.obj (malloc)
c:/progra~1/raspbe~1/picosd~1.1/gcc-ar~1/bin/../lib/gcc/arm-none-eabi/10.3.1/../../../../arm-none-eabi/lib/thumb/v6-m/nofp\libg.a(lib_a-mallocr.o)
                              c:/progra~1/raspbe~1/picosd~1.1/gcc-ar~1/bin/../lib/gcc/arm-none-eabi/10.3.1/../../../../arm-none-eabi/lib/thumb/v6-m/nofp\libg.a(lib_a-callocr.o) (_malloc_r)
c:/progra~1/raspbe~1/picosd~1.1/gcc-ar~1/bin/../lib/gcc/arm-none-eabi/10.3.1/../../../../arm-none-eabi/lib/thumb/v6-m/nofp\libg.a(lib_a-mlock.o)
                              c:/progra~1/raspbe~1/picosd~1.1/gcc-ar~1/bin/../lib/gcc/arm-none-eabi/10.3.1/../../../../arm-none-eabi/lib/thumb/v6-m/nofp\libg.a(lib_a-mallocr.o) (__malloc_lock)
c:/progra~1/raspbe~1/picosd~1.1/gcc-ar~1/bin/../lib/gcc/arm-none-eabi/10.3.1/../../../../arm-none-eabi/lib/thumb/v6-m/nofp\libg.a(lib_a-realloc.o)
                              CMakeFiles/gc_adapter_rp2040.dir/C_/Program_Files/Raspberry_Pi/Pico_SDK_v1.5.1/pico-sdk/src/rp2_common/pico_malloc/pico_malloc.c.obj (realloc)
c:/progra~1/raspbe~1/picosd~1.1/gcc-ar~1/bin/../lib/gcc/arm-none-eabi/10.3.1/../../../../arm-none-eabi/lib/thumb/v6-m/nofp\libg.a(lib_a-reallocr.o)
                              c:/progra~1/raspbe~1/picosd~1.1/gcc-ar~1/bin/../lib/gcc/arm-none-eabi/10.3.1/../../../../arm-none-eabi/lib/thumb/v6-m/nofp\libg.a(lib_a-realloc.o) (_realloc_r)
c:/progra~1/raspbe~1/picosd~1.1/gcc-ar~1/bin/../lib/gcc/arm-none-eabi/10.3.1/../../../../arm-none-eabi/lib/thumb/v6-m/nofp\libg.a(lib_a-sbrkr.o)
                              c:/progra~1/raspbe~1/picosd~1.1/gcc-ar~1/bin/../lib/gcc/arm-none-eabi/10.3.1/../../../../arm-none-eabi/lib/thumb/v6-m/nofp\libg.a(lib_a-mallocr.o) (_sbrk_r)
c:/progra~1/raspbe~1/picosd~1.1/gcc-ar~1/bin/../lib/gcc/arm-none-eabi/10.3.1/../../../../arm-none-eabi/lib/thumb/v6-m/nofp\libg.a(lib_a-strlen-stub.o)
                              CMakeFiles/gc_adapter_rp2040.dir/common/adapter_tusb.c.obj (strlen)
c:/progra~1/raspbe~1/picosd~1.1/gcc-ar~1/bin/../lib/gcc/arm-none-eabi/10.3.1/../../../../arm-none-eabi/lib/thumb/v6-m/nofp\libg.a(lib_a-freer.o)
                              c:/progra~1/raspbe~1/picosd~1.1/gcc-ar~1/bin/../lib/gcc/arm-none-eabi/10.3.1/../../../../arm-none-eabi/lib/thumb/v6-m/nofp\libg.a(lib_a-malloc.o) (_free_r)
c:/progra~1/raspbe~1/picosd~1.1/gcc-ar~1/bin/../lib/gcc/arm-none-eabi/10.3.1/../../../../arm-none-eabi/lib/thumb/v6-m/nofp\libg.a(lib_a-lock.o)
                              c:/progra~1/raspbe~1/picosd~1.1/gcc-ar~1/bin/../lib/gcc/arm-none-eabi/10.3.1/../../../../arm-none-eabi/lib/thumb/v6-m/nofp\libg.a(lib_a-mlock.o) (__retarget_lock_acquire_recursive)
[...]
Memory Configuration

Name             Origin             Length             Attributes
FLASH            0x10000000         0x00200000         xr
RAM              0x20000000         0x00040000         xrw
SCRATCH_X        0x20040000         0x00001000         xrw
SCRATCH_Y        0x20041000         0x00001000         xrw
*default*        0x00000000         0xffffffff

Linker script and memory map

LOAD c:/progra~1/raspbe~1/picosd~1.1/gcc-ar~1/bin/../lib/gcc/arm-none-eabi/10.3.1/thumb/v6-m/nofp/crti.o
LOAD c:/progra~1/raspbe~1/picosd~1.1/gcc-ar~1/bin/../lib/gcc/arm-none-eabi/10.3.1/thumb/v6-m/nofp/crtbegin.o
LOAD c:/progra~1/raspbe~1/picosd~1.1/gcc-ar~1/bin/../lib/gcc/arm-none-eabi/10.3.1/../../../../arm-none-eabi/lib/thumb/v6-m/nofp/crt0.o

.flash_begin    0x10000000        0x0
                0x10000000                __flash_binary_start = .

.boot2          0x10000000      0x100
                0x10000000                __boot2_start__ = .
 *(.boot2)
 .boot2         0x10000000      0x100 C:\Users\Mitch\AppData\Local\Temp\ccoKwir3.o
                0x10000100                __boot2_end__ = .
                0x00000001                ASSERT (((__boot2_end__ - __boot2_start__) == 0x100), ERROR: Pico second stage bootloader must be 256 bytes in size)

.text           0x10000100     0xa1c8
                0x10000100                __logical_binary_start = .
 *(.vectors)
 .vectors       0x10000100       0xd4 CMakeFiles/gc_adapter_rp2040.dir/C_/Program_Files/Raspberry_Pi/Pico_SDK_v1.5.1/pico-sdk/src/rp2_common/pico_standard_link/crt0.S.obj
                0x10000100                __VECTOR_TABLE
                0x10000100                __vectors
                0x100001c0                isr_invalid
                0x100001c0                __default_isrs_start
                0x100001c2                isr_nmi
                0x100001c4                isr_hardfault
                0x100001c6                isr_svcall
                0x100001c8                isr_pendsv
                0x100001ca                isr_systick
                0x100001cc                isr_irq23
                0x100001cc                isr_irq18
                0x100001cc                isr_irq11
                0x100001cc                isr_irq28
                0x100001cc                isr_irq19
                0x100001cc                isr_irq0
                0x100001cc                isr_irq6
                0x100001cc                isr_irq5
                0x100001cc                isr_irq12
                0x100001cc                isr_irq22
                0x100001cc                isr_irq31
                0x100001cc                isr_irq17
                0x100001cc                isr_irq27
                0x100001cc                isr_irq30
                0x100001cc                isr_irq2
                0x100001cc                isr_irq10
                0x100001cc                isr_irq8
                0x100001cc                isr_irq24
                0x100001cc                isr_irq1
                0x100001cc                isr_irq7
                0x100001cc                isr_irq21
                0x100001cc                isr_irq20
                0x100001cc                isr_irq15
                0x100001cc                isr_irq25
                0x100001cc                isr_irq13
                0x100001cc                __unhandled_user_irq
                0x100001cc                isr_irq4
                0x100001cc                isr_irq16
                0x100001cc                isr_irq29
                0x100001cc                isr_irq26
                0x100001cc                __default_isrs_end
                0x100001cc                isr_irq3
                0x100001cc                isr_irq14
                0x100001cc                isr_irq9
                0x100001d2                unhandled_user_irq_num_in_r0
 *(.binary_info_header)
 .binary_info_header
                0x100001d4       0x14 CMakeFiles/gc_adapter_rp2040.dir/C_/Program_Files/Raspberry_Pi/Pico_SDK_v1.5.1/pico-sdk/src/rp2_common/pico_standard_link/crt0.S.obj
                0x100001e8                __binary_info_header_end = .
 *(.reset)
 .reset         0x100001e8       0xa0 CMakeFiles/gc_adapter_rp2040.dir/C_/Program_Files/Raspberry_Pi/Pico_SDK_v1.5.1/pico-sdk/src/rp2_common/pico_standard_link/crt0.S.obj
                0x100001e8                _entry_point
 .reset         0x10000288       0x30 CMakeFiles/gc_adapter_rp2040.dir/C_/Program_Files/Raspberry_Pi/Pico_SDK_v1.5.1/pico-sdk/src/rp2_common/pico_standard_link/binary_info.c.obj
 *(.init)
 .init          0x100002b8        0x4 c:/progra~1/raspbe~1/picosd~1.1/gcc-ar~1/bin/../lib/gcc/arm-none-eabi/10.3.1/thumb/v6-m/nofp/crti.o
                0x100002b8                _init
 *(EXCLUDE_FILE(*libm.a: *libc.a:*lib_a-mem*.o *libgcc.a:) .text*)
 .text          0x100002bc       0x48 c:/progra~1/raspbe~1/picosd~1.1/gcc-ar~1/bin/../lib/gcc/arm-none-eabi/10.3.1/thumb/v6-m/nofp/crtbegin.o
 .text.cb_adapter_hardware_test
                0x10000304       0x98 CMakeFiles/gc_adapter_rp2040.dir/src/main.c.obj
                0x10000304                cb_adapter_hardware_test
 .text.main     0x1000039c        0xe CMakeFiles/gc_adapter_rp2040.dir/src/main.c.obj
                0x1000039c                main
 *fill*         0x100003aa        0x2 
 .text.joybus_program_init
                0x100003ac      0x1c4 CMakeFiles/gc_adapter_rp2040.dir/src/joybus_itf.c.obj
 .text._gc_port_reset
                0x10000570       0x20 CMakeFiles/gc_adapter_rp2040.dir/src/joybus_itf.c.obj
                0x10000570                _gc_port_reset
 .text._gc_port_data
                0x10000590      0x27c CMakeFiles/gc_adapter_rp2040.dir/src/joybus_itf.c.obj
                0x10000590                _gc_port_data
 .text._gamecube_get_data
                0x1000080c       0x1c CMakeFiles/gc_adapter_rp2040.dir/src/joybus_itf.c.obj
                0x1000080c                _gamecube_get_data
 .text._gamecube_send_probe
                0x10000828      0x1e8 CMakeFiles/gc_adapter_rp2040.dir/src/joybus_itf.c.obj
                0x10000828                _gamecube_send_probe
 .text.joybus_itf_enable_rumble
                0x10000a10       0x28 CMakeFiles/gc_adapter_rp2040.dir/src/joybus_itf.c.obj
                0x10000a10                joybus_itf_enable_rumble
 .text.joybus_itf_poll
                0x10000a38       0x20 CMakeFiles/gc_adapter_rp2040.dir/src/joybus_itf.c.obj
                0x10000a38                joybus_itf_poll
 .text.joybus_itf_init
                0x10000a58       0x58 CMakeFiles/gc_adapter_rp2040.dir/src/joybus_itf.c.obj
                0x10000a58                joybus_itf_init
 .text.rgb_itf_update
                0x10000ab0       0x24 CMakeFiles/gc_adapter_rp2040.dir/src/rgb_itf.c.obj
                0x10000ab0                rgb_itf_update
 .text.rgb_itf_init
                0x10000ad4      0x134 CMakeFiles/gc_adapter_rp2040.dir/src/rgb_itf.c.obj
                0x10000ad4                rgb_itf_init
 .text._rgb_update_all
                0x10000c08       0x10 CMakeFiles/gc_adapter_rp2040.dir/common/utilities/rgb.c.obj
                0x10000c08                _rgb_update_all
 .text._rgb_blend
                0x10000c18       0xac CMakeFiles/gc_adapter_rp2040.dir/common/utilities/rgb.c.obj
                0x10000c18                _rgb_blend
 .text._rgb_animate_step
                0x10000cc4       0x98 CMakeFiles/gc_adapter_rp2040.dir/common/utilities/rgb.c.obj
                0x10000cc4                _rgb_animate_step
 .text.rgb_set_dirty
                0x10000d5c        0xc CMakeFiles/gc_adapter_rp2040.dir/common/utilities/rgb.c.obj
                0x10000d5c                rgb_set_dirty
 .text.rgb_set_instant
                0x10000d68       0x30 CMakeFiles/gc_adapter_rp2040.dir/common/utilities/rgb.c.obj
                0x10000d68                rgb_set_instant
 .text.rgb_set_all
                0x10000d98       0x18 CMakeFiles/gc_adapter_rp2040.dir/common/utilities/rgb.c.obj
                0x10000d98                rgb_set_all
 .text.rgb_set_single
                0x10000db0        0xc CMakeFiles/gc_adapter_rp2040.dir/common/utilities/rgb.c.obj
                0x10000db0                rgb_set_single
 .text.rgb_init
                0x10000dbc        0x8 CMakeFiles/gc_adapter_rp2040.dir/common/utilities/rgb.c.obj
                0x10000dbc                rgb_init
 .text.rgb_task
                0x10000dc4       0x20 CMakeFiles/gc_adapter_rp2040.dir/common/utilities/rgb.c.obj
                0x10000dc4                rgb_task
 .text.joybus_init
                0x10000de4        0x8 CMakeFiles/gc_adapter_rp2040.dir/common/utilities/joybus.c.obj
                0x10000de4                joybus_init
 .text.interval_run
                0x10000dec       0x26 CMakeFiles/gc_adapter_rp2040.dir/common/utilities/interval.c.obj
                0x10000dec                interval_run
 *fill*         0x10000e12        0x2 
 .text.reset_usb_boot
                0x10000e14       0x18 CMakeFiles/gc_adapter_rp2040.dir/common/ll/adapter_ll_rp2040.c.obj
 .text.adapter_ll_write_settings_to_memory
                0x10000e2c       0x14 CMakeFiles/gc_adapter_rp2040.dir/common/ll/adapter_ll_rp2040.c.obj
                0x10000e2c                adapter_ll_write_settings_to_memory
 .text.adapter_ll_load_settings_from_memory
                0x10000e40       0x10 CMakeFiles/gc_adapter_rp2040.dir/common/ll/adapter_ll_rp2040.c.obj
                0x10000e40                adapter_ll_load_settings_from_memory
 .text.adapter_ll_save_check
                0x10000e50       0x74 CMakeFiles/gc_adapter_rp2040.dir/common/ll/adapter_ll_rp2040.c.obj
                0x10000e50                adapter_ll_save_check
 .text.adapter_ll_generate_random_8
                0x10000ec4        0xa CMakeFiles/gc_adapter_rp2040.dir/common/ll/adapter_ll_rp2040.c.obj
                0x10000ec4                adapter_ll_generate_random_8
 *fill*         0x10000ece        0x2 
 .text._scratch_get
                0x10000ed0       0x18 CMakeFiles/gc_adapter_rp2040.dir/common/ll/adapter_ll_rp2040.c.obj
                0x10000ed0                _scratch_get
 .text._scratch_set
                0x10000ee8       0x14 CMakeFiles/gc_adapter_rp2040.dir/common/ll/adapter_ll_rp2040.c.obj
                0x10000ee8                _scratch_set
 .text._software_reset
                0x10000efc       0x14 CMakeFiles/gc_adapter_rp2040.dir/common/ll/adapter_ll_rp2040.c.obj
                0x10000efc                _software_reset
 .text.adapter_ll_reboot_with_memory
                0x10000f10       0x10 CMakeFiles/gc_adapter_rp2040.dir/common/ll/adapter_ll_rp2040.c.obj
                0x10000f10                adapter_ll_reboot_with_memory
 .text.adapter_ll_get_reboot_memory
                0x10000f20        0xe CMakeFiles/gc_adapter_rp2040.dir/common/ll/adapter_ll_rp2040.c.obj
                0x10000f20                adapter_ll_get_reboot_memory
 .text.adapter_ll_reboot_bootloader
                0x10000f2e        0xa CMakeFiles/gc_adapter_rp2040.dir/common/ll/adapter_ll_rp2040.c.obj
                0x10000f2e                adapter_ll_reboot_bootloader
 .text.adapter_ll_gpio_read
                0x10000f38        0xe CMakeFiles/gc_adapter_rp2040.dir/common/ll/adapter_ll_rp2040.c.obj
                0x10000f38                adapter_ll_gpio_read
 .text.adapter_ll_hardware_setup
                0x10000f46       0x4c CMakeFiles/gc_adapter_rp2040.dir/common/ll/adapter_ll_rp2040.c.obj
                0x10000f46                adapter_ll_hardware_setup
 *fill*         0x10000f92        0x2 
 .text.adapter_ll_get_timestamp_us
                0x10000f94        0xc CMakeFiles/gc_adapter_rp2040.dir/common/ll/adapter_ll_rp2040.c.obj
                0x10000f94                adapter_ll_get_timestamp_us
 .text.adapter_ll_usb_task_start
                0x10000fa0        0x2 CMakeFiles/gc_adapter_rp2040.dir/common/ll/adapter_ll_rp2040.c.obj
                0x10000fa0                adapter_ll_usb_task_start
 *fill*         0x10000fa2        0x2 
 .text.tud_descriptor_bos_cb
                0x10000fa4        0x8 CMakeFiles/gc_adapter_rp2040.dir/common/usb/desc_bos.c.obj
                0x10000fa4                tud_descriptor_bos_cb
 .text.adapter_set_interval
                0x10000fac        0xc CMakeFiles/gc_adapter_rp2040.dir/common/adapter.c.obj
                0x10000fac                adapter_set_interval
 .text.adapter_mode_cycle
                0x10000fb8       0x54 CMakeFiles/gc_adapter_rp2040.dir/common/adapter.c.obj
                0x10000fb8                adapter_mode_cycle
 .text.adapter_mode_cycle_task
                0x1000100c       0x90 CMakeFiles/gc_adapter_rp2040.dir/common/adapter.c.obj
                0x1000100c                adapter_mode_cycle_task
 .text.adapter_get_current_mode
                0x1000109c        0xc CMakeFiles/gc_adapter_rp2040.dir/common/adapter.c.obj
                0x1000109c                adapter_get_current_mode
 .text.adapter_usb_start
                0x100010a8       0xa0 CMakeFiles/gc_adapter_rp2040.dir/common/adapter.c.obj
                0x100010a8                adapter_usb_start
 .text.adapter_usb_report
                0x10001148       0x14 CMakeFiles/gc_adapter_rp2040.dir/common/adapter.c.obj
                0x10001148                adapter_usb_report
 .text.adapter_usb_idle
                0x1000115c       0x14 CMakeFiles/gc_adapter_rp2040.dir/common/adapter.c.obj
                0x1000115c                adapter_usb_idle
 .text.adapter_comms_task
                0x10001170       0x40 CMakeFiles/gc_adapter_rp2040.dir/common/adapter.c.obj
                0x10001170                adapter_comms_task
 .text.adapter_main_init
                0x100011b0       0xc8 CMakeFiles/gc_adapter_rp2040.dir/common/adapter.c.obj
                0x100011b0                adapter_main_init
 .text.adapter_main_loop
                0x10001278       0x20 CMakeFiles/gc_adapter_rp2040.dir/common/adapter.c.obj
                0x10001278                adapter_main_loop
 .text.tud_descriptor_device_cb
                0x10001298       0x34 CMakeFiles/gc_adapter_rp2040.dir/common/adapter_tusb.c.obj
                0x10001298                tud_descriptor_device_cb
 .text.tud_descriptor_configuration_cb
                0x100012cc       0x34 CMakeFiles/gc_adapter_rp2040.dir/common/adapter_tusb.c.obj
                0x100012cc                tud_descriptor_configuration_cb
 .text.tud_hid_get_report_cb
                0x10001300        0x4 CMakeFiles/gc_adapter_rp2040.dir/common/adapter_tusb.c.obj
                0x10001300                tud_hid_get_report_cb
 .text.tud_hid_report_complete_cb
                0x10001304        0x8 CMakeFiles/gc_adapter_rp2040.dir/common/adapter_tusb.c.obj
                0x10001304                tud_hid_report_complete_cb
 .text.tud_hid_set_report_cb
                0x1000130c       0xca CMakeFiles/gc_adapter_rp2040.dir/common/adapter_tusb.c.obj
                0x1000130c                tud_hid_set_report_cb
 *fill*         0x100013d6        0x2 
 .text.tud_hid_descriptor_report_cb
                0x100013d8       0x28 CMakeFiles/gc_adapter_rp2040.dir/common/adapter_tusb.c.obj
                0x100013d8                tud_hid_descriptor_report_cb
 .text.usbd_app_driver_get_cb
                0x10001400       0x20 CMakeFiles/gc_adapter_rp2040.dir/common/adapter_tusb.c.obj
                0x10001400                usbd_app_driver_get_cb
 .text.tud_descriptor_string_cb
                0x10001420       0x9c CMakeFiles/gc_adapter_rp2040.dir/common/adapter_tusb.c.obj
                0x10001420                tud_descriptor_string_cb
 .text.tud_vendor_rx_cb
                0x100014bc       0x34 CMakeFiles/gc_adapter_rp2040.dir/common/adapter_tusb.c.obj
                0x100014bc                tud_vendor_rx_cb
 .text.tud_vendor_control_xfer_cb
                0x100014f0       0xd0 CMakeFiles/gc_adapter_rp2040.dir/common/adapter_tusb.c.obj
                0x100014f0                tud_vendor_control_xfer_cb
 .text._generate_mac
                0x100015c0       0x30 CMakeFiles/gc_adapter_rp2040.dir/common/adapter_settings.c.obj
                0x100015c0                _generate_mac
 .text.settings_save
                0x100015f0       0x10 CMakeFiles/gc_adapter_rp2040.dir/common/adapter_settings.c.obj
                0x100015f0                settings_save
 .text.settings_reset_to_default
                0x10001600       0x38 CMakeFiles/gc_adapter_rp2040.dir/common/adapter_settings.c.obj
                0x10001600                settings_reset_to_default
 .text.settings_load
                0x10001638       0x30 CMakeFiles/gc_adapter_rp2040.dir/common/adapter_settings.c.obj
                0x10001638                settings_load
 .text.xinputd_control_xfer_cb
                0x10001668        0x4 CMakeFiles/gc_adapter_rp2040.dir/common/usb/xinput_driver.c.obj
                0x10001668                xinputd_control_xfer_cb
 .text.xinputd_reset
                0x1000166c       0x14 CMakeFiles/gc_adapter_rp2040.dir/common/usb/xinput_driver.c.obj
                0x1000166c                xinputd_reset
 .text.xinputd_init
                0x10001680        0xa CMakeFiles/gc_adapter_rp2040.dir/common/usb/xinput_driver.c.obj
                0x10001680                xinputd_init
 *fill*         0x1000168a        0x2 
 .text.xinputd_open
                0x1000168c       0x9c CMakeFiles/gc_adapter_rp2040.dir/common/usb/xinput_driver.c.obj
                0x1000168c                xinputd_open
 .text.xinputd_xfer_cb
                0x10001728       0xc0 CMakeFiles/gc_adapter_rp2040.dir/common/usb/xinput_driver.c.obj
                0x10001728                xinputd_xfer_cb
 .text.tud_xinput_n_report
                0x100017e8       0x74 CMakeFiles/gc_adapter_rp2040.dir/common/usb/xinput_driver.c.obj
                0x100017e8                tud_xinput_n_report
 .text.tud_xinput_n_ready
                0x1000185c       0x54 CMakeFiles/gc_adapter_rp2040.dir/common/usb/xinput_driver.c.obj
                0x1000185c                tud_xinput_n_ready
 .text.ginputd_reset
                0x100018b0       0x14 CMakeFiles/gc_adapter_rp2040.dir/common/usb/ginput_driver.c.obj
                0x100018b0                ginputd_reset
 .text.ginputd_init
                0x100018c4        0xa CMakeFiles/gc_adapter_rp2040.dir/common/usb/ginput_driver.c.obj
                0x100018c4                ginputd_init
 *fill*         0x100018ce        0x2 
 .text.ginputd_open
                0x100018d0       0xd8 CMakeFiles/gc_adapter_rp2040.dir/common/usb/ginput_driver.c.obj
                0x100018d0                ginputd_open
 .text.ginputd_xfer_cb
                0x100019a8       0x84 CMakeFiles/gc_adapter_rp2040.dir/common/usb/ginput_driver.c.obj
                0x100019a8                ginputd_xfer_cb
 .text.ginputd_control_xfer_cb
                0x10001a2c      0x28c CMakeFiles/gc_adapter_rp2040.dir/common/usb/ginput_driver.c.obj
                0x10001a2c                ginputd_control_xfer_cb
 .text.tud_ginput_n_ready
                0x10001cb8       0x50 CMakeFiles/gc_adapter_rp2040.dir/common/usb/ginput_driver.c.obj
                0x10001cb8                tud_ginput_n_ready
 .text.tud_ginput_ready
                0x10001d08        0xa CMakeFiles/gc_adapter_rp2040.dir/common/usb/ginput_driver.c.obj
                0x10001d08                tud_ginput_ready
 *fill*         0x10001d12        0x2 
 .text.tud_ginput_n_report
                0x10001d14       0x94 CMakeFiles/gc_adapter_rp2040.dir/common/usb/ginput_driver.c.obj
                0x10001d14                tud_ginput_n_report
 .text.tud_ginput_report
                0x10001da8       0x10 CMakeFiles/gc_adapter_rp2040.dir/common/usb/ginput_driver.c.obj
                0x10001da8                tud_ginput_report
 .text.switch_analog_encode
                0x10001db8       0x16 CMakeFiles/gc_adapter_rp2040.dir/common/switch/switch_analog.c.obj
                0x10001db8                switch_analog_encode
 *fill*         0x10001dce        0x2 
 .text.switch_analog_calibration_init
                0x10001dd0       0x50 CMakeFiles/gc_adapter_rp2040.dir/common/switch/switch_analog.c.obj
                0x10001dd0                switch_analog_calibration_init
 .text.clear_report
                0x10001e20       0x18 CMakeFiles/gc_adapter_rp2040.dir/common/switch/switch_commands.c.obj
                0x10001e20                clear_report
 .text.set_report_id
                0x10001e38        0xc CMakeFiles/gc_adapter_rp2040.dir/common/switch/switch_commands.c.obj
                0x10001e38                set_report_id
 .text.set_ack  0x10001e44       0x10 CMakeFiles/gc_adapter_rp2040.dir/common/switch/switch_commands.c.obj
                0x10001e44                set_ack
 .text.set_command
                0x10001e54       0x10 CMakeFiles/gc_adapter_rp2040.dir/common/switch/switch_commands.c.obj
                0x10001e54                set_command
 .text.set_timer
                0x10001e64       0x2c CMakeFiles/gc_adapter_rp2040.dir/common/switch/switch_commands.c.obj
                0x10001e64                set_timer
 .text.set_battconn
                0x10001e90       0x10 CMakeFiles/gc_adapter_rp2040.dir/common/switch/switch_commands.c.obj
                0x10001e90                set_battconn
 .text.set_devinfo
                0x10001ea0       0x20 CMakeFiles/gc_adapter_rp2040.dir/common/switch/switch_commands.c.obj
                0x10001ea0                set_devinfo
 .text.set_sub_triggertime
                0x10001ec0       0x2c CMakeFiles/gc_adapter_rp2040.dir/common/switch/switch_commands.c.obj
                0x10001ec0                set_sub_triggertime
 .text.shouldControllerRumble
                0x10001eec       0x36 CMakeFiles/gc_adapter_rp2040.dir/common/switch/switch_commands.c.obj
                0x10001eec                shouldControllerRumble
 .text.rumble_translate
                0x10001f22       0x14 CMakeFiles/gc_adapter_rp2040.dir/common/switch/switch_commands.c.obj
                0x10001f22                rumble_translate
 *fill*         0x10001f36        0x2 
 .text.info_set_mac
                0x10001f38       0x40 CMakeFiles/gc_adapter_rp2040.dir/common/switch/switch_commands.c.obj
                0x10001f38                info_set_mac
 .text.info_handler
                0x10001f78       0x58 CMakeFiles/gc_adapter_rp2040.dir/common/switch/switch_commands.c.obj
                0x10001f78                info_handler
 .text.pairing_set
                0x10001fd0       0x9c CMakeFiles/gc_adapter_rp2040.dir/common/switch/switch_commands.c.obj
                0x10001fd0                pairing_set
 .text.command_handler
                0x1000206c      0x23c CMakeFiles/gc_adapter_rp2040.dir/common/switch/switch_commands.c.obj
                0x1000206c                command_handler
 .text.report_handler
                0x100022a8       0x44 CMakeFiles/gc_adapter_rp2040.dir/common/switch/switch_commands.c.obj
                0x100022a8                report_handler
 .text._unknown_thing
                0x100022ec       0x2c CMakeFiles/gc_adapter_rp2040.dir/common/switch/switch_commands.c.obj
                0x100022ec                _unknown_thing
 .text.switch_commands_process
                0x10002318       0xc0 CMakeFiles/gc_adapter_rp2040.dir/common/switch/switch_commands.c.obj
                0x10002318                switch_commands_process
 .text.switch_commands_future_handle
                0x100023d8       0x34 CMakeFiles/gc_adapter_rp2040.dir/common/switch/switch_commands.c.obj
                0x100023d8                switch_commands_future_handle
 .text.switch_commands_bulkset
                0x1000240c       0x1c CMakeFiles/gc_adapter_rp2040.dir/common/switch/switch_commands.c.obj
                0x1000240c                switch_commands_bulkset
 .text.sw_spi_getaddressdata
                0x10002428      0x168 CMakeFiles/gc_adapter_rp2040.dir/common/switch/switch_spi.c.obj
                0x10002428                sw_spi_getaddressdata
 .text.sw_spi_readfromaddress
                0x10002590       0x5c CMakeFiles/gc_adapter_rp2040.dir/common/switch/switch_spi.c.obj
                0x10002590                sw_spi_readfromaddress
 .text.gcinput_hid_idle
                0x100025ec       0x1c CMakeFiles/gc_adapter_rp2040.dir/common/devices/gcinput.c.obj
                0x100025ec                gcinput_hid_idle
 .text.gcinput_hid_report
                0x10002608      0x1c0 CMakeFiles/gc_adapter_rp2040.dir/common/devices/gcinput.c.obj
                0x10002608                gcinput_hid_report
 .text.swpro_hid_idle
                0x100027c8       0x6c CMakeFiles/gc_adapter_rp2040.dir/common/devices/swpro.c.obj
                0x100027c8                swpro_hid_idle
 .text.swpro_hid_report
                0x10002834      0x1a8 CMakeFiles/gc_adapter_rp2040.dir/common/devices/swpro.c.obj
                0x10002834                swpro_hid_report
 .text.webusb_set_indicate
                0x100029dc        0xc CMakeFiles/gc_adapter_rp2040.dir/common/devices/webusb.c.obj
                0x100029dc                webusb_set_indicate
 .text.webusb_save_confirm
                0x100029e8       0x48 CMakeFiles/gc_adapter_rp2040.dir/common/devices/webusb.c.obj
                0x100029e8                webusb_save_confirm
 .text.webusb_command_processor
                0x10002a30       0x50 CMakeFiles/gc_adapter_rp2040.dir/common/devices/webusb.c.obj
                0x10002a30                webusb_command_processor
 .text.sign_axis
                0x10002a80       0x60 CMakeFiles/gc_adapter_rp2040.dir/common/devices/xinput.c.obj
                0x10002a80                sign_axis
 .text.xinput_hid_idle
                0x10002ae0       0x6c CMakeFiles/gc_adapter_rp2040.dir/common/devices/xinput.c.obj
                0x10002ae0                xinput_hid_idle
 .text.xinput_hid_report
                0x10002b4c      0x158 CMakeFiles/gc_adapter_rp2040.dir/common/devices/xinput.c.obj
                0x10002b4c                xinput_hid_report
 .text.gpio_set_function
                0x10002ca4       0x30 CMakeFiles/gc_adapter_rp2040.dir/C_/Program_Files/Raspberry_Pi/Pico_SDK_v1.5.1/pico-sdk/src/rp2_common/hardware_gpio/gpio.c.obj
                0x10002ca4                gpio_set_function
 .text.gpio_set_pulls
                0x10002cd4       0x34 CMakeFiles/gc_adapter_rp2040.dir/C_/Program_Files/Raspberry_Pi/Pico_SDK_v1.5.1/pico-sdk/src/rp2_common/hardware_gpio/gpio.c.obj
                0x10002cd4                gpio_set_pulls
 .text.gpio_init
                0x10002d08       0x16 CMakeFiles/gc_adapter_rp2040.dir/C_/Program_Files/Raspberry_Pi/Pico_SDK_v1.5.1/pico-sdk/src/rp2_common/hardware_gpio/gpio.c.obj
                0x10002d08                gpio_init
 *fill*         0x10002d1e        0x2 
 .text.running_on_fpga
                0x10002d20       0x14 CMakeFiles/gc_adapter_rp2040.dir/C_/Program_Files/Raspberry_Pi/Pico_SDK_v1.5.1/pico-sdk/src/rp2_common/pico_platform/platform.c.obj
                0x10002d20                running_on_fpga
 .text.hw_claim_lock
                0x10002d34       0x18 CMakeFiles/gc_adapter_rp2040.dir/C_/Program_Files/Raspberry_Pi/Pico_SDK_v1.5.1/pico-sdk/src/rp2_common/hardware_claim/claim.c.obj
                0x10002d34                hw_claim_lock
 .text.hw_claim_unlock
                0x10002d4c       0x14 CMakeFiles/gc_adapter_rp2040.dir/C_/Program_Files/Raspberry_Pi/Pico_SDK_v1.5.1/pico-sdk/src/rp2_common/hardware_claim/claim.c.obj
                0x10002d4c                hw_claim_unlock
 .text.hw_claim_or_assert
                0x10002d60       0x32 CMakeFiles/gc_adapter_rp2040.dir/C_/Program_Files/Raspberry_Pi/Pico_SDK_v1.5.1/pico-sdk/src/rp2_common/hardware_claim/claim.c.obj
                0x10002d60                hw_claim_or_assert
 .text.hw_claim_unused_from_range
                0x10002d92       0x50 CMakeFiles/gc_adapter_rp2040.dir/C_/Program_Files/Raspberry_Pi/Pico_SDK_v1.5.1/pico-sdk/src/rp2_common/hardware_claim/claim.c.obj
                0x10002d92                hw_claim_unused_from_range
 *fill*         0x10002de2        0x2 
 .text.spin_locks_reset
                0x10002de4       0x20 CMakeFiles/gc_adapter_rp2040.dir/C_/Program_Files/Raspberry_Pi/Pico_SDK_v1.5.1/pico-sdk/src/rp2_common/hardware_sync/sync.c.obj
                0x10002de4                spin_locks_reset
 .text.next_striped_spin_lock_num
                0x10002e04       0x1c CMakeFiles/gc_adapter_rp2040.dir/C_/Program_Files/Raspberry_Pi/Pico_SDK_v1.5.1/pico-sdk/src/rp2_common/hardware_sync/sync.c.obj
                0x10002e04                next_striped_spin_lock_num
 .text.spin_lock_claim_unused
                0x10002e20       0x20 CMakeFiles/gc_adapter_rp2040.dir/C_/Program_Files/Raspberry_Pi/Pico_SDK_v1.5.1/pico-sdk/src/rp2_common/hardware_sync/sync.c.obj
                0x10002e20                spin_lock_claim_unused
 .text.set_raw_irq_handler_and_unlock
                0x10002e40       0x28 CMakeFiles/gc_adapter_rp2040.dir/C_/Program_Files/Raspberry_Pi/Pico_SDK_v1.5.1/pico-sdk/src/rp2_common/hardware_irq/irq.c.obj
 .text.make_branch
                0x10002e68       0x48 CMakeFiles/gc_adapter_rp2040.dir/C_/Program_Files/Raspberry_Pi/Pico_SDK_v1.5.1/pico-sdk/src/rp2_common/hardware_irq/irq.c.obj
 .text.insert_branch_and_link
                0x10002eb0       0x40 CMakeFiles/gc_adapter_rp2040.dir/C_/Program_Files/Raspberry_Pi/Pico_SDK_v1.5.1/pico-sdk/src/rp2_common/hardware_irq/irq.c.obj
 .text.irq_is_enabled
                0x10002ef0       0x18 CMakeFiles/gc_adapter_rp2040.dir/C_/Program_Files/Raspberry_Pi/Pico_SDK_v1.5.1/pico-sdk/src/rp2_common/hardware_irq/irq.c.obj
                0x10002ef0                irq_is_enabled
 .text.irq_set_mask_enabled
                0x10002f08       0x20 CMakeFiles/gc_adapter_rp2040.dir/C_/Program_Files/Raspberry_Pi/Pico_SDK_v1.5.1/pico-sdk/src/rp2_common/hardware_irq/irq.c.obj
                0x10002f08                irq_set_mask_enabled
 .text.irq_set_enabled
                0x10002f28        0xe CMakeFiles/gc_adapter_rp2040.dir/C_/Program_Files/Raspberry_Pi/Pico_SDK_v1.5.1/pico-sdk/src/rp2_common/hardware_irq/irq.c.obj
                0x10002f28                irq_set_enabled
 *fill*         0x10002f36        0x2 
 .text.irq_get_vtable_handler
                0x10002f38       0x10 CMakeFiles/gc_adapter_rp2040.dir/C_/Program_Files/Raspberry_Pi/Pico_SDK_v1.5.1/pico-sdk/src/rp2_common/hardware_irq/irq.c.obj
                0x10002f38                irq_get_vtable_handler
 .text.irq_set_exclusive_handler
                0x10002f48       0x54 CMakeFiles/gc_adapter_rp2040.dir/C_/Program_Files/Raspberry_Pi/Pico_SDK_v1.5.1/pico-sdk/src/rp2_common/hardware_irq/irq.c.obj
                0x10002f48                irq_set_exclusive_handler
 .text.irq_add_shared_handler
                0x10002f9c      0x234 CMakeFiles/gc_adapter_rp2040.dir/C_/Program_Files/Raspberry_Pi/Pico_SDK_v1.5.1/pico-sdk/src/rp2_common/hardware_irq/irq.c.obj
                0x10002f9c                irq_add_shared_handler
 .text.irq_remove_handler
                0x100031d0      0x1ac CMakeFiles/gc_adapter_rp2040.dir/C_/Program_Files/Raspberry_Pi/Pico_SDK_v1.5.1/pico-sdk/src/rp2_common/hardware_irq/irq.c.obj
                0x100031d0                irq_remove_handler
 .text.irq_add_tail_to_free_list
                0x1000337c       0xf0 CMakeFiles/gc_adapter_rp2040.dir/C_/Program_Files/Raspberry_Pi/Pico_SDK_v1.5.1/pico-sdk/src/rp2_common/hardware_irq/irq.c.obj
                0x1000337c                irq_add_tail_to_free_list
 .text.irq_init_priorities
                0x1000346c       0x1c CMakeFiles/gc_adapter_rp2040.dir/C_/Program_Files/Raspberry_Pi/Pico_SDK_v1.5.1/pico-sdk/src/rp2_common/hardware_irq/irq.c.obj
                0x1000346c                irq_init_priorities
 .text.lock_init
                0x10003488       0x10 CMakeFiles/gc_adapter_rp2040.dir/C_/Program_Files/Raspberry_Pi/Pico_SDK_v1.5.1/pico-sdk/src/common/pico_sync/lock_core.c.obj
                0x10003488                lock_init
 .text.mutex_init
                0x10003498       0x1a CMakeFiles/gc_adapter_rp2040.dir/C_/Program_Files/Raspberry_Pi/Pico_SDK_v1.5.1/pico-sdk/src/common/pico_sync/mutex.c.obj
                0x10003498                mutex_init
 .text.recursive_mutex_init
                0x100034b2       0x1e CMakeFiles/gc_adapter_rp2040.dir/C_/Program_Files/Raspberry_Pi/Pico_SDK_v1.5.1/pico-sdk/src/common/pico_sync/mutex.c.obj
                0x100034b2                recursive_mutex_init
 .text.critical_section_init_with_lock_num
                0x100034d0       0x14 CMakeFiles/gc_adapter_rp2040.dir/C_/Program_Files/Raspberry_Pi/Pico_SDK_v1.5.1/pico-sdk/src/common/pico_sync/critical_section.c.obj
                0x100034d0                critical_section_init_with_lock_num
 .text.critical_section_init
                0x100034e4       0x14 CMakeFiles/gc_adapter_rp2040.dir/C_/Program_Files/Raspberry_Pi/Pico_SDK_v1.5.1/pico-sdk/src/common/pico_sync/critical_section.c.obj
                0x100034e4                critical_section_init
 .text.alarm_pool_post_alloc_init
                0x100034f8       0x40 CMakeFiles/gc_adapter_rp2040.dir/C_/Program_Files/Raspberry_Pi/Pico_SDK_v1.5.1/pico-sdk/src/common/pico_time/time.c.obj
 .text.sleep_until_callback
                0x10003538       0x30 CMakeFiles/gc_adapter_rp2040.dir/C_/Program_Files/Raspberry_Pi/Pico_SDK_v1.5.1/pico-sdk/src/common/pico_time/time.c.obj
 .text.timer_pool_entry_comparator
                0x10003568       0x7c CMakeFiles/gc_adapter_rp2040.dir/C_/Program_Files/Raspberry_Pi/Pico_SDK_v1.5.1/pico-sdk/src/common/pico_time/time.c.obj
                0x10003568                timer_pool_entry_comparator
 .text.ph_add_child_node
                0x100035e4       0xa4 CMakeFiles/gc_adapter_rp2040.dir/C_/Program_Files/Raspberry_Pi/Pico_SDK_v1.5.1/pico-sdk/src/common/pico_time/time.c.obj
 .text.ph_merge_nodes
                0x10003688       0x3e CMakeFiles/gc_adapter_rp2040.dir/C_/Program_Files/Raspberry_Pi/Pico_SDK_v1.5.1/pico-sdk/src/common/pico_time/time.c.obj
 *fill*         0x100036c6        0x2 
 .text.add_alarm_under_lock
                0x100036c8      0x174 CMakeFiles/gc_adapter_rp2040.dir/C_/Program_Files/Raspberry_Pi/Pico_SDK_v1.5.1/pico-sdk/src/common/pico_time/time.c.obj
 .text.alarm_pool_alarm_callback
                0x1000383c      0x33c CMakeFiles/gc_adapter_rp2040.dir/C_/Program_Files/Raspberry_Pi/Pico_SDK_v1.5.1/pico-sdk/src/common/pico_time/time.c.obj
 .text.alarm_pool_init_default
                0x10003b78       0x40 CMakeFiles/gc_adapter_rp2040.dir/C_/Program_Files/Raspberry_Pi/Pico_SDK_v1.5.1/pico-sdk/src/common/pico_time/time.c.obj
                0x10003b78                alarm_pool_init_default
 .text.alarm_pool_get_default
                0x10003bb8       0x2c CMakeFiles/gc_adapter_rp2040.dir/C_/Program_Files/Raspberry_Pi/Pico_SDK_v1.5.1/pico-sdk/src/common/pico_time/time.c.obj
                0x10003bb8                alarm_pool_get_default
 .text.alarm_pool_add_alarm_at
                0x10003be4      0x168 CMakeFiles/gc_adapter_rp2040.dir/C_/Program_Files/Raspberry_Pi/Pico_SDK_v1.5.1/pico-sdk/src/common/pico_time/time.c.obj
                0x10003be4                alarm_pool_add_alarm_at
 .text.alarm_pool_cancel_alarm
                0x10003d4c       0xf8 CMakeFiles/gc_adapter_rp2040.dir/C_/Program_Files/Raspberry_Pi/Pico_SDK_v1.5.1/pico-sdk/src/common/pico_time/time.c.obj
                0x10003d4c                alarm_pool_cancel_alarm
 .text.sleep_until
                0x10003e44       0xfc CMakeFiles/gc_adapter_rp2040.dir/C_/Program_Files/Raspberry_Pi/Pico_SDK_v1.5.1/pico-sdk/src/common/pico_time/time.c.obj
                0x10003e44                sleep_until
 .text.sleep_us
                0x10003f40       0x58 CMakeFiles/gc_adapter_rp2040.dir/C_/Program_Files/Raspberry_Pi/Pico_SDK_v1.5.1/pico-sdk/src/common/pico_time/time.c.obj
                0x10003f40                sleep_us
 .text.sleep_ms
                0x10003f98       0x14 CMakeFiles/gc_adapter_rp2040.dir/C_/Program_Files/Raspberry_Pi/Pico_SDK_v1.5.1/pico-sdk/src/common/pico_time/time.c.obj
                0x10003f98                sleep_ms
 .text.best_effort_wfe_or_timeout
                0x10003fac       0xac CMakeFiles/gc_adapter_rp2040.dir/C_/Program_Files/Raspberry_Pi/Pico_SDK_v1.5.1/pico-sdk/src/common/pico_time/time.c.obj
                0x10003fac                best_effort_wfe_or_timeout
 .text.hardware_alarm_irq_handler
                0x10004058       0x90 CMakeFiles/gc_adapter_rp2040.dir/C_/Program_Files/Raspberry_Pi/Pico_SDK_v1.5.1/pico-sdk/src/rp2_common/hardware_timer/timer.c.obj
 .text.hardware_alarm_claim
                0x100040e8       0x18 CMakeFiles/gc_adapter_rp2040.dir/C_/Program_Files/Raspberry_Pi/Pico_SDK_v1.5.1/pico-sdk/src/rp2_common/hardware_timer/timer.c.obj
                0x100040e8                hardware_alarm_claim
 .text.time_us_64
                0x10004100       0x18 CMakeFiles/gc_adapter_rp2040.dir/C_/Program_Files/Raspberry_Pi/Pico_SDK_v1.5.1/pico-sdk/src/rp2_common/hardware_timer/timer.c.obj
                0x10004100                time_us_64
 .text.busy_wait_until
                0x10004118       0x28 CMakeFiles/gc_adapter_rp2040.dir/C_/Program_Files/Raspberry_Pi/Pico_SDK_v1.5.1/pico-sdk/src/rp2_common/hardware_timer/timer.c.obj
                0x10004118                busy_wait_until
 .text.hardware_alarm_set_callback
                0x10004140       0x90 CMakeFiles/gc_adapter_rp2040.dir/C_/Program_Files/Raspberry_Pi/Pico_SDK_v1.5.1/pico-sdk/src/rp2_common/hardware_timer/timer.c.obj
                0x10004140                hardware_alarm_set_callback
 .text.hardware_alarm_set_target
                0x100041d0       0xe8 CMakeFiles/gc_adapter_rp2040.dir/C_/Program_Files/Raspberry_Pi/Pico_SDK_v1.5.1/pico-sdk/src/rp2_common/hardware_timer/timer.c.obj
                0x100041d0                hardware_alarm_set_target
 .text.hardware_alarm_cancel
                0x100042b8       0x40 CMakeFiles/gc_adapter_rp2040.dir/C_/Program_Files/Raspberry_Pi/Pico_SDK_v1.5.1/pico-sdk/src/rp2_common/hardware_timer/timer.c.obj
                0x100042b8                hardware_alarm_cancel
 .text.ph_add_child_node
                0x100042f8       0xa4 CMakeFiles/gc_adapter_rp2040.dir/C_/Program_Files/Raspberry_Pi/Pico_SDK_v1.5.1/pico-sdk/src/common/pico_util/pheap.c.obj
 .text.ph_merge_nodes
                0x1000439c       0x3e CMakeFiles/gc_adapter_rp2040.dir/C_/Program_Files/Raspberry_Pi/Pico_SDK_v1.5.1/pico-sdk/src/common/pico_util/pheap.c.obj
 *fill*         0x100043da        0x2 
 .text.ph_clear
                0x100043dc       0x70 CMakeFiles/gc_adapter_rp2040.dir/C_/Program_Files/Raspberry_Pi/Pico_SDK_v1.5.1/pico-sdk/src/common/pico_util/pheap.c.obj
                0x100043dc                ph_clear
 .text.ph_post_alloc_init
                0x1000444c        0xe CMakeFiles/gc_adapter_rp2040.dir/C_/Program_Files/Raspberry_Pi/Pico_SDK_v1.5.1/pico-sdk/src/common/pico_util/pheap.c.obj
                0x1000444c                ph_post_alloc_init
 *fill*         0x1000445a        0x2 
 .text.ph_merge_two_pass
                0x1000445c       0xa8 CMakeFiles/gc_adapter_rp2040.dir/C_/Program_Files/Raspberry_Pi/Pico_SDK_v1.5.1/pico-sdk/src/common/pico_util/pheap.c.obj
                0x1000445c                ph_merge_two_pass
 .text.ph_remove_any_head
                0x10004504      0x128 CMakeFiles/gc_adapter_rp2040.dir/C_/Program_Files/Raspberry_Pi/Pico_SDK_v1.5.1/pico-sdk/src/common/pico_util/pheap.c.obj
 .text.ph_remove_head
                0x1000462c       0x14 CMakeFiles/gc_adapter_rp2040.dir/C_/Program_Files/Raspberry_Pi/Pico_SDK_v1.5.1/pico-sdk/src/common/pico_util/pheap.c.obj
                0x1000462c                ph_remove_head
 .text.ph_remove_and_free_node
                0x10004640       0xf8 CMakeFiles/gc_adapter_rp2040.dir/C_/Program_Files/Raspberry_Pi/Pico_SDK_v1.5.1/pico-sdk/src/common/pico_util/pheap.c.obj
                0x10004640                ph_remove_and_free_node
 .text.clock_configure
                0x10004738      0x108 CMakeFiles/gc_adapter_rp2040.dir/C_/Program_Files/Raspberry_Pi/Pico_SDK_v1.5.1/pico-sdk/src/rp2_common/hardware_clocks/clocks.c.obj
                0x10004738                clock_configure
 .text.clocks_init
                0x10004840      0x100 CMakeFiles/gc_adapter_rp2040.dir/C_/Program_Files/Raspberry_Pi/Pico_SDK_v1.5.1/pico-sdk/src/rp2_common/hardware_clocks/clocks.c.obj
                0x10004840                clocks_init
 .text.clock_get_hz
                0x10004940        0xc CMakeFiles/gc_adapter_rp2040.dir/C_/Program_Files/Raspberry_Pi/Pico_SDK_v1.5.1/pico-sdk/src/rp2_common/hardware_clocks/clocks.c.obj
                0x10004940                clock_get_hz
 .text.pll_init
                0x1000494c      0x120 CMakeFiles/gc_adapter_rp2040.dir/C_/Program_Files/Raspberry_Pi/Pico_SDK_v1.5.1/pico-sdk/src/rp2_common/hardware_pll/pll.c.obj
                0x1000494c                pll_init
 .text.watchdog_start_tick
                0x10004a6c       0x10 CMakeFiles/gc_adapter_rp2040.dir/C_/Program_Files/Raspberry_Pi/Pico_SDK_v1.5.1/pico-sdk/src/rp2_common/hardware_watchdog/watchdog.c.obj
                0x10004a6c                watchdog_start_tick
 .text.watchdog_update
                0x10004a7c       0x14 CMakeFiles/gc_adapter_rp2040.dir/C_/Program_Files/Raspberry_Pi/Pico_SDK_v1.5.1/pico-sdk/src/rp2_common/hardware_watchdog/watchdog.c.obj
                0x10004a7c                watchdog_update
 .text._watchdog_enable
                0x10004a90       0x78 CMakeFiles/gc_adapter_rp2040.dir/C_/Program_Files/Raspberry_Pi/Pico_SDK_v1.5.1/pico-sdk/src/rp2_common/hardware_watchdog/watchdog.c.obj
                0x10004a90                _watchdog_enable
 .text.watchdog_reboot
                0x10004b08       0x48 CMakeFiles/gc_adapter_rp2040.dir/C_/Program_Files/Raspberry_Pi/Pico_SDK_v1.5.1/pico-sdk/src/rp2_common/hardware_watchdog/watchdog.c.obj
                0x10004b08                watchdog_reboot
 .text.xosc_init
                0x10004b50       0x2c CMakeFiles/gc_adapter_rp2040.dir/C_/Program_Files/Raspberry_Pi/Pico_SDK_v1.5.1/pico-sdk/src/rp2_common/hardware_xosc/xosc.c.obj
                0x10004b50                xosc_init
 .text._exit    0x10004b7c        0x4 CMakeFiles/gc_adapter_rp2040.dir/C_/Program_Files/Raspberry_Pi/Pico_SDK_v1.5.1/pico-sdk/src/rp2_common/pico_runtime/runtime.c.obj
                0x10004b7c                _exit
 .text.exit     0x10004b80        0x6 CMakeFiles/gc_adapter_rp2040.dir/C_/Program_Files/Raspberry_Pi/Pico_SDK_v1.5.1/pico-sdk/src/rp2_common/pico_runtime/runtime.c.obj
                0x10004b80                exit
 *fill*         0x10004b86        0x2 
 .text.__assert_func
                0x10004b88       0x3c CMakeFiles/gc_adapter_rp2040.dir/C_/Program_Files/Raspberry_Pi/Pico_SDK_v1.5.1/pico-sdk/src/rp2_common/pico_runtime/runtime.c.obj
                0x10004b88                __assert_func
 .text.runtime_init
                0x10004bc4       0xf8 CMakeFiles/gc_adapter_rp2040.dir/C_/Program_Files/Raspberry_Pi/Pico_SDK_v1.5.1/pico-sdk/src/rp2_common/pico_runtime/runtime.c.obj
                0x10004bc4                runtime_init
 .text.panic    0x10004cbc       0x30 CMakeFiles/gc_adapter_rp2040.dir/C_/Program_Files/Raspberry_Pi/Pico_SDK_v1.5.1/pico-sdk/src/rp2_common/pico_runtime/runtime.c.obj
                0x10004cbc                panic
 .text._out_null
                0x10004cec        0x2 CMakeFiles/gc_adapter_rp2040.dir/C_/Program_Files/Raspberry_Pi/Pico_SDK_v1.5.1/pico-sdk/src/rp2_common/pico_printf/printf.c.obj
 .text._out_fct
                0x10004cee        0xe CMakeFiles/gc_adapter_rp2040.dir/C_/Program_Files/Raspberry_Pi/Pico_SDK_v1.5.1/pico-sdk/src/rp2_common/pico_printf/printf.c.obj
 .text._atoi    0x10004cfc       0x24 CMakeFiles/gc_adapter_rp2040.dir/C_/Program_Files/Raspberry_Pi/Pico_SDK_v1.5.1/pico-sdk/src/rp2_common/pico_printf/printf.c.obj
 .text._out_rev
                0x10004d20       0xae CMakeFiles/gc_adapter_rp2040.dir/C_/Program_Files/Raspberry_Pi/Pico_SDK_v1.5.1/pico-sdk/src/rp2_common/pico_printf/printf.c.obj
 .text._ntoa_format
                0x10004dce      0x112 CMakeFiles/gc_adapter_rp2040.dir/C_/Program_Files/Raspberry_Pi/Pico_SDK_v1.5.1/pico-sdk/src/rp2_common/pico_printf/printf.c.obj
 .text._ntoa_long
                0x10004ee0       0xbc CMakeFiles/gc_adapter_rp2040.dir/C_/Program_Files/Raspberry_Pi/Pico_SDK_v1.5.1/pico-sdk/src/rp2_common/pico_printf/printf.c.obj
 .text._ntoa_long_long
                0x10004f9c       0xe2 CMakeFiles/gc_adapter_rp2040.dir/C_/Program_Files/Raspberry_Pi/Pico_SDK_v1.5.1/pico-sdk/src/rp2_common/pico_printf/printf.c.obj
 *fill*         0x1000507e        0x2 
 .text._etoa    0x10005080      0x414 CMakeFiles/gc_adapter_rp2040.dir/C_/Program_Files/Raspberry_Pi/Pico_SDK_v1.5.1/pico-sdk/src/rp2_common/pico_printf/printf.c.obj
 .text._ftoa    0x10005494      0x354 CMakeFiles/gc_adapter_rp2040.dir/C_/Program_Files/Raspberry_Pi/Pico_SDK_v1.5.1/pico-sdk/src/rp2_common/pico_printf/printf.c.obj
 .text._vsnprintf
                0x100057e8      0x624 CMakeFiles/gc_adapter_rp2040.dir/C_/Program_Files/Raspberry_Pi/Pico_SDK_v1.5.1/pico-sdk/src/rp2_common/pico_printf/printf.c.obj
 .text.vfctprintf
                0x10005e0c       0x20 CMakeFiles/gc_adapter_rp2040.dir/C_/Program_Files/Raspberry_Pi/Pico_SDK_v1.5.1/pico-sdk/src/rp2_common/pico_printf/printf.c.obj
                0x10005e0c                vfctprintf
 .text          0x10005e2c       0x10 CMakeFiles/gc_adapter_rp2040.dir/C_/Program_Files/Raspberry_Pi/Pico_SDK_v1.5.1/pico-sdk/src/rp2_common/pico_bit_ops/bit_ops_aeabi.S.obj
 .text.rom_func_lookup
                0x10005e3c       0x10 CMakeFiles/gc_adapter_rp2040.dir/C_/Program_Files/Raspberry_Pi/Pico_SDK_v1.5.1/pico-sdk/src/rp2_common/pico_bootrom/bootrom.c.obj
                0x10005e3c                rom_func_lookup
 .text.rom_data_lookup
                0x10005e4c       0x10 CMakeFiles/gc_adapter_rp2040.dir/C_/Program_Files/Raspberry_Pi/Pico_SDK_v1.5.1/pico-sdk/src/rp2_common/pico_bootrom/bootrom.c.obj
                0x10005e4c                rom_data_lookup
 .text.rom_funcs_lookup
                0x10005e5c       0x36 CMakeFiles/gc_adapter_rp2040.dir/C_/Program_Files/Raspberry_Pi/Pico_SDK_v1.5.1/pico-sdk/src/rp2_common/pico_bootrom/bootrom.c.obj
                0x10005e5c                rom_funcs_lookup
 *fill*         0x10005e92        0x2 
 .text.__wrap___aeabi_idiv
                0x10005e94       0x50 CMakeFiles/gc_adapter_rp2040.dir/C_/Program_Files/Raspberry_Pi/Pico_SDK_v1.5.1/pico-sdk/src/rp2_common/pico_divider/divider.S.obj
                0x10005e94                __wrap___aeabi_idivmod
                0x10005e94                divmod_s32s32
                0x10005e94                div_s32s32
                0x10005e94                __wrap___aeabi_idiv
                0x10005e9c                divmod_s32s32_unsafe
                0x10005ec8                divmod_s32s32_savestate
 .text.__wrap___aeabi_uidiv
                0x10005ee4       0x4c CMakeFiles/gc_adapter_rp2040.dir/C_/Program_Files/Raspberry_Pi/Pico_SDK_v1.5.1/pico-sdk/src/rp2_common/pico_divider/divider.S.obj
                0x10005ee4                __wrap___aeabi_uidiv
                0x10005ee4                __wrap___aeabi_uidivmod
                0x10005ee4                div_u32u32
                0x10005ee4                divmod_u32u32
                0x10005eec                divmod_u32u32_unsafe
                0x10005f14                divmod_u32u32_savestate
 .text.__wrap___aeabi_ldiv
                0x10005f30      0x424 CMakeFiles/gc_adapter_rp2040.dir/C_/Program_Files/Raspberry_Pi/Pico_SDK_v1.5.1/pico-sdk/src/rp2_common/pico_divider/divider.S.obj
                0x10005f30                div_s64s64
                0x10005f30                divmod_s64s64
                0x10005f30                __wrap___aeabi_ldivmod
                0x10005f60                divmod_u64u64
                0x10005f60                div_u64u64
                0x10005f60                __wrap___aeabi_uldivmod
                0x10005f70                divmod_u64u64_savestate
                0x10005f90                divmod_s64s64_unsafe
                0x10006018                divmod_u64u64_unsafe
 .text.__wrap___aeabi_darithmetic
                0x10006354       0x80 CMakeFiles/gc_adapter_rp2040.dir/C_/Program_Files/Raspberry_Pi/Pico_SDK_v1.5.1/pico-sdk/src/rp2_common/pico_double/double_aeabi.S.obj
                0x10006354                __wrap___aeabi_drsub
                0x1000635a                __wrap___aeabi_dsub
                0x1000636c                __wrap___aeabi_dadd
                0x1000637e                __wrap___aeabi_ddiv
                0x100063ba                __wrap___aeabi_dmul
 .text.__wrap___aeabi_cdcmple
                0x100063d4       0x6c CMakeFiles/gc_adapter_rp2040.dir/C_/Program_Files/Raspberry_Pi/Pico_SDK_v1.5.1/pico-sdk/src/rp2_common/pico_double/double_aeabi.S.obj
                0x100063d4                __wrap___aeabi_cdrcmple
                0x100063e4                __wrap___aeabi_cdcmpeq
                0x100063e4                __wrap___aeabi_cdcmple
 .text.__wrap___aeabi_dcmplt
                0x10006440        0xc CMakeFiles/gc_adapter_rp2040.dir/C_/Program_Files/Raspberry_Pi/Pico_SDK_v1.5.1/pico-sdk/src/rp2_common/pico_double/double_aeabi.S.obj
                0x10006440                __wrap___aeabi_dcmplt
 .text.__wrap___aeabi_dcmple
                0x1000644c       0x10 CMakeFiles/gc_adapter_rp2040.dir/C_/Program_Files/Raspberry_Pi/Pico_SDK_v1.5.1/pico-sdk/src/rp2_common/pico_double/double_aeabi.S.obj
                0x1000644c                __wrap___aeabi_dcmple
 .text.__wrap___aeabi_dcmpge
                0x1000645c       0x10 CMakeFiles/gc_adapter_rp2040.dir/C_/Program_Files/Raspberry_Pi/Pico_SDK_v1.5.1/pico-sdk/src/rp2_common/pico_double/double_aeabi.S.obj
                0x1000645c                __wrap___aeabi_dcmpge
 .text.__wrap___aeabi_dcmpgt
                0x1000646c        0xa CMakeFiles/gc_adapter_rp2040.dir/C_/Program_Files/Raspberry_Pi/Pico_SDK_v1.5.1/pico-sdk/src/rp2_common/pico_double/double_aeabi.S.obj
                0x1000646c                __wrap___aeabi_dcmpgt
 .text.__wrap___aeabi_dcmpun
                0x10006476       0x1c CMakeFiles/gc_adapter_rp2040.dir/C_/Program_Files/Raspberry_Pi/Pico_SDK_v1.5.1/pico-sdk/src/rp2_common/pico_double/double_aeabi.S.obj
                0x10006476                __wrap___aeabi_dcmpun
 *fill*         0x10006492        0x2 
 .text.__wrap___aeabi_i2d
                0x10006494       0x38 CMakeFiles/gc_adapter_rp2040.dir/C_/Program_Files/Raspberry_Pi/Pico_SDK_v1.5.1/pico-sdk/src/rp2_common/pico_double/double_aeabi.S.obj
                0x10006494                __wrap___aeabi_ui2d
                0x1000649c                __wrap___aeabi_i2d
 .text.__wrap___aeabi_d2iz
                0x100064cc       0x48 CMakeFiles/gc_adapter_rp2040.dir/C_/Program_Files/Raspberry_Pi/Pico_SDK_v1.5.1/pico-sdk/src/rp2_common/pico_double/double_aeabi.S.obj
                0x100064cc                double2int_z
                0x100064cc                __wrap___aeabi_d2iz
 .text.__wrap___aeabi_d2uiz
                0x10006514       0x18 CMakeFiles/gc_adapter_rp2040.dir/C_/Program_Files/Raspberry_Pi/Pico_SDK_v1.5.1/pico-sdk/src/rp2_common/pico_double/double_aeabi.S.obj
                0x10006514                __wrap___aeabi_d2uiz
                0x10006514                double2uint
 .text.__wrap___aeabi_d2f
                0x1000652c       0x18 CMakeFiles/gc_adapter_rp2040.dir/C_/Program_Files/Raspberry_Pi/Pico_SDK_v1.5.1/pico-sdk/src/rp2_common/pico_double/double_aeabi.S.obj
                0x1000652c                __wrap___aeabi_d2f
 .text.__aeabi_double_init
                0x10006544       0xc8 CMakeFiles/gc_adapter_rp2040.dir/C_/Program_Files/Raspberry_Pi/Pico_SDK_v1.5.1/pico-sdk/src/rp2_common/pico_double/double_init_rom.c.obj
                0x10006544                __aeabi_double_init
 .text.double_table_shim_on_use_helper
                0x1000660c       0x34 CMakeFiles/gc_adapter_rp2040.dir/C_/Program_Files/Raspberry_Pi/Pico_SDK_v1.5.1/pico-sdk/src/rp2_common/pico_double/double_v1_rom_shim.S.obj
                0x1000660c                double_table_shim_on_use_helper
 .text.__wrap___aeabi_dsub
                0x10006640       0x10 CMakeFiles/gc_adapter_rp2040.dir/C_/Program_Files/Raspberry_Pi/Pico_SDK_v1.5.1/pico-sdk/src/rp2_common/pico_double/double_v1_rom_shim.S.obj
                0x10006640                drsub_shim
                0x10006646                dsub_shim
 .text.dadd_shim
                0x10006650      0x15c CMakeFiles/gc_adapter_rp2040.dir/C_/Program_Files/Raspberry_Pi/Pico_SDK_v1.5.1/pico-sdk/src/rp2_common/pico_double/double_v1_rom_shim.S.obj
                0x10006650                dadd_shim
 .text.dmul_shim
                0x100067ac      0x15c CMakeFiles/gc_adapter_rp2040.dir/C_/Program_Files/Raspberry_Pi/Pico_SDK_v1.5.1/pico-sdk/src/rp2_common/pico_double/double_v1_rom_shim.S.obj
                0x100067ac                dmul_shim
 .text.ddiv_shim
                0x10006908      0x1b0 CMakeFiles/gc_adapter_rp2040.dir/C_/Program_Files/Raspberry_Pi/Pico_SDK_v1.5.1/pico-sdk/src/rp2_common/pico_double/double_v1_rom_shim.S.obj
                0x10006908                ddiv_shim
 .text.double2uint_shim
                0x10006ab8        0xe CMakeFiles/gc_adapter_rp2040.dir/C_/Program_Files/Raspberry_Pi/Pico_SDK_v1.5.1/pico-sdk/src/rp2_common/pico_double/double_v1_rom_shim.S.obj
                0x10006ab8                double2uint_shim
                0x10006aba                double2ufix_shim
 *fill*         0x10006ac6        0x2 
 .text.double2uint64_shim
                0x10006ac8       0x70 CMakeFiles/gc_adapter_rp2040.dir/C_/Program_Files/Raspberry_Pi/Pico_SDK_v1.5.1/pico-sdk/src/rp2_common/pico_double/double_v1_rom_shim.S.obj
                0x10006ac8                double2uint64_shim
                0x10006aca                double2ufix64_shim
                0x10006aea                d2fix_a
 .text.double2float_shim
                0x10006b38       0x5c CMakeFiles/gc_adapter_rp2040.dir/C_/Program_Files/Raspberry_Pi/Pico_SDK_v1.5.1/pico-sdk/src/rp2_common/pico_double/double_v1_rom_shim.S.obj
                0x10006b38                double2float_shim
 .text.dunpacks
                0x10006b94       0x3c CMakeFiles/gc_adapter_rp2040.dir/C_/Program_Files/Raspberry_Pi/Pico_SDK_v1.5.1/pico-sdk/src/rp2_common/pico_double/double_v1_rom_shim.S.obj
                0x10006b94                dunpacks
 .text.__aeabi_lmul
                0x10006bd0       0x32 CMakeFiles/gc_adapter_rp2040.dir/C_/Program_Files/Raspberry_Pi/Pico_SDK_v1.5.1/pico-sdk/src/rp2_common/pico_int64_ops/pico_int64_ops_aeabi.S.obj
                0x10006bd0                __wrap___aeabi_lmul
 *fill*         0x10006c02        0x2 
 .text.__wrap___aeabi_farithmetic
                0x10006c04       0x58 CMakeFiles/gc_adapter_rp2040.dir/C_/Program_Files/Raspberry_Pi/Pico_SDK_v1.5.1/pico-sdk/src/rp2_common/pico_float/float_aeabi.S.obj
                0x10006c04                __wrap___aeabi_frsub
                0x10006c0a                __wrap___aeabi_fsub
                0x10006c14                __wrap___aeabi_fadd
                0x10006c1e                __wrap___aeabi_fdiv
                0x10006c4a                __wrap___aeabi_fmul
 .text.__wrap___aeabi_cfcmple
                0x10006c5c       0x50 CMakeFiles/gc_adapter_rp2040.dir/C_/Program_Files/Raspberry_Pi/Pico_SDK_v1.5.1/pico-sdk/src/rp2_common/pico_float/float_aeabi.S.obj
                0x10006c5c                __wrap___aeabi_cfrcmple
                0x10006c68                __wrap___aeabi_cfcmple
                0x10006c68                __wrap___aeabi_cfcmpeq
 .text.__wrap___aeabi_fcmplt
                0x10006cac        0xc CMakeFiles/gc_adapter_rp2040.dir/C_/Program_Files/Raspberry_Pi/Pico_SDK_v1.5.1/pico-sdk/src/rp2_common/pico_float/float_aeabi.S.obj
                0x10006cac                __wrap___aeabi_fcmplt
 .text.__wrap___aeabi_fcmpgt
                0x10006cb8        0xa CMakeFiles/gc_adapter_rp2040.dir/C_/Program_Files/Raspberry_Pi/Pico_SDK_v1.5.1/pico-sdk/src/rp2_common/pico_float/float_aeabi.S.obj
                0x10006cb8                __wrap___aeabi_fcmpgt
 .text.__wrap___aeabi_ui2f
                0x10006cc2        0xa CMakeFiles/gc_adapter_rp2040.dir/C_/Program_Files/Raspberry_Pi/Pico_SDK_v1.5.1/pico-sdk/src/rp2_common/pico_float/float_aeabi.S.obj
                0x10006cc2                __wrap___aeabi_ui2f
 .text.__wrap___aeabi_i2f
                0x10006ccc       0x44 CMakeFiles/gc_adapter_rp2040.dir/C_/Program_Files/Raspberry_Pi/Pico_SDK_v1.5.1/pico-sdk/src/rp2_common/pico_float/float_aeabi.S.obj
                0x10006ccc                __wrap___aeabi_i2f
 .text.__wrap___aeabi_f2iz
                0x10006d10       0x4e CMakeFiles/gc_adapter_rp2040.dir/C_/Program_Files/Raspberry_Pi/Pico_SDK_v1.5.1/pico-sdk/src/rp2_common/pico_float/float_aeabi.S.obj
                0x10006d10                float2int_z
                0x10006d10                __wrap___aeabi_f2iz
 *fill*         0x10006d5e        0x2 
 .text.float2int
                0x10006d60       0x14 CMakeFiles/gc_adapter_rp2040.dir/C_/Program_Files/Raspberry_Pi/Pico_SDK_v1.5.1/pico-sdk/src/rp2_common/pico_float/float_aeabi.S.obj
                0x10006d60                float2int
 .text.__wrap___aeabi_f2uiz
                0x10006d74       0x10 CMakeFiles/gc_adapter_rp2040.dir/C_/Program_Files/Raspberry_Pi/Pico_SDK_v1.5.1/pico-sdk/src/rp2_common/pico_float/float_aeabi.S.obj
                0x10006d74                __wrap___aeabi_f2uiz
 .text.__wrap___aeabi_f2d
                0x10006d84       0x14 CMakeFiles/gc_adapter_rp2040.dir/C_/Program_Files/Raspberry_Pi/Pico_SDK_v1.5.1/pico-sdk/src/rp2_common/pico_float/float_aeabi.S.obj
                0x10006d84                __wrap___aeabi_f2d
 .text.__aeabi_float_init
                0x10006d98       0xfc CMakeFiles/gc_adapter_rp2040.dir/C_/Program_Files/Raspberry_Pi/Pico_SDK_v1.5.1/pico-sdk/src/rp2_common/pico_float/float_init_rom.c.obj
                0x10006d98                __aeabi_float_init
 .text.float_table_shim_on_use_helper
                0x10006e94       0x34 CMakeFiles/gc_adapter_rp2040.dir/C_/Program_Files/Raspberry_Pi/Pico_SDK_v1.5.1/pico-sdk/src/rp2_common/pico_float/float_v1_rom_shim.S.obj
                0x10006e94                float_table_shim_on_use_helper
 .text.float232_shims
                0x10006ec8       0x18 CMakeFiles/gc_adapter_rp2040.dir/C_/Program_Files/Raspberry_Pi/Pico_SDK_v1.5.1/pico-sdk/src/rp2_common/pico_float/float_v1_rom_shim.S.obj
                0x10006ec8                float2int_shim
                0x10006eca                float2fix_shim
 .text.float2double_shim
                0x10006ee0       0x30 CMakeFiles/gc_adapter_rp2040.dir/C_/Program_Files/Raspberry_Pi/Pico_SDK_v1.5.1/pico-sdk/src/rp2_common/pico_float/float_v1_rom_shim.S.obj
                0x10006ee0                float2double_shim
 .text          0x10006f10       0x10 CMakeFiles/gc_adapter_rp2040.dir/C_/Program_Files/Raspberry_Pi/Pico_SDK_v1.5.1/pico-sdk/src/rp2_common/pico_mem_ops/mem_ops_aeabi.S.obj
                0x10006f10                __aeabi_mem_init
 .text.memset   0x10006f20        0xc CMakeFiles/gc_adapter_rp2040.dir/C_/Program_Files/Raspberry_Pi/Pico_SDK_v1.5.1/pico-sdk/src/rp2_common/pico_mem_ops/mem_ops_aeabi.S.obj
                0x10006f20                __wrap_memset
 .text.memcpy   0x10006f2c        0xc CMakeFiles/gc_adapter_rp2040.dir/C_/Program_Files/Raspberry_Pi/Pico_SDK_v1.5.1/pico-sdk/src/rp2_common/pico_mem_ops/mem_ops_aeabi.S.obj
                0x10006f2c                __wrap_memcpy
                0x10006f2c                __wrap___aeabi_memcpy
 .text.stdio_out_chars_no_crlf
                0x10006f38        0xe CMakeFiles/gc_adapter_rp2040.dir/C_/Program_Files/Raspberry_Pi/Pico_SDK_v1.5.1/pico-sdk/src/rp2_common/pico_stdio/stdio.c.obj
 *fill*         0x10006f46        0x2 
 .text.stdio_out_chars_crlf
                0x10006f48       0x80 CMakeFiles/gc_adapter_rp2040.dir/C_/Program_Files/Raspberry_Pi/Pico_SDK_v1.5.1/pico-sdk/src/rp2_common/pico_stdio/stdio.c.obj
 .text.stdio_stack_buffer_flush
                0x10006fc8       0x44 CMakeFiles/gc_adapter_rp2040.dir/C_/Program_Files/Raspberry_Pi/Pico_SDK_v1.5.1/pico-sdk/src/rp2_common/pico_stdio/stdio.c.obj
 .text.stdio_buffered_printer
                0x1000700c       0x20 CMakeFiles/gc_adapter_rp2040.dir/C_/Program_Files/Raspberry_Pi/Pico_SDK_v1.5.1/pico-sdk/src/rp2_common/pico_stdio/stdio.c.obj
 .text.stdout_serialize_begin
                0x1000702c       0x5c CMakeFiles/gc_adapter_rp2040.dir/C_/Program_Files/Raspberry_Pi/Pico_SDK_v1.5.1/pico-sdk/src/rp2_common/pico_stdio/stdio.c.obj
                0x1000702c                stdout_serialize_begin
 .text.stdout_serialize_end
                0x10007088       0x10 CMakeFiles/gc_adapter_rp2040.dir/C_/Program_Files/Raspberry_Pi/Pico_SDK_v1.5.1/pico-sdk/src/rp2_common/pico_stdio/stdio.c.obj
                0x10007088                stdout_serialize_end
 .text.stdio_put_string
                0x10007098       0x98 CMakeFiles/gc_adapter_rp2040.dir/C_/Program_Files/Raspberry_Pi/Pico_SDK_v1.5.1/pico-sdk/src/rp2_common/pico_stdio/stdio.c.obj
 .text.__wrap_putchar
                0x10007130       0x1c CMakeFiles/gc_adapter_rp2040.dir/C_/Program_Files/Raspberry_Pi/Pico_SDK_v1.5.1/pico-sdk/src/rp2_common/pico_stdio/stdio.c.obj
                0x10007130                __wrap_putchar
 .text.stdio_flush
                0x1000714c       0x20 CMakeFiles/gc_adapter_rp2040.dir/C_/Program_Files/Raspberry_Pi/Pico_SDK_v1.5.1/pico-sdk/src/rp2_common/pico_stdio/stdio.c.obj
                0x1000714c                stdio_flush
 .text.__wrap_puts
                0x1000716c       0x1e CMakeFiles/gc_adapter_rp2040.dir/C_/Program_Files/Raspberry_Pi/Pico_SDK_v1.5.1/pico-sdk/src/rp2_common/pico_stdio/stdio.c.obj
                0x1000716c                __wrap_puts
 *fill*         0x1000718a        0x2 
 .text.__wrap_vprintf
                0x1000718c       0x40 CMakeFiles/gc_adapter_rp2040.dir/C_/Program_Files/Raspberry_Pi/Pico_SDK_v1.5.1/pico-sdk/src/rp2_common/pico_stdio/stdio.c.obj
                0x1000718c                __wrap_vprintf
 .text.__wrap_printf
                0x100071cc       0x18 CMakeFiles/gc_adapter_rp2040.dir/C_/Program_Files/Raspberry_Pi/Pico_SDK_v1.5.1/pico-sdk/src/rp2_common/pico_stdio/stdio.c.obj
                0x100071cc                __wrap_printf
 .text.stdio_init_all
                0x100071e4        0x4 CMakeFiles/gc_adapter_rp2040.dir/C_/Program_Files/Raspberry_Pi/Pico_SDK_v1.5.1/pico-sdk/src/rp2_common/pico_stdio/stdio.c.obj
                0x100071e4                stdio_init_all
 .text.splitmix64
                0x100071e8       0x5c CMakeFiles/gc_adapter_rp2040.dir/C_/Program_Files/Raspberry_Pi/Pico_SDK_v1.5.1/pico-sdk/src/rp2_common/pico_rand/rand.c.obj
 .text.sdbm_hash64_sram
                0x10007244       0x64 CMakeFiles/gc_adapter_rp2040.dir/C_/Program_Files/Raspberry_Pi/Pico_SDK_v1.5.1/pico-sdk/src/rp2_common/pico_rand/rand.c.obj
 .text.xoroshiro128ss
                0x100072a8       0xb8 CMakeFiles/gc_adapter_rp2040.dir/C_/Program_Files/Raspberry_Pi/Pico_SDK_v1.5.1/pico-sdk/src/rp2_common/pico_rand/rand.c.obj
 .text.capture_additional_rosc_samples
                0x10007360      0x1a4 CMakeFiles/gc_adapter_rp2040.dir/C_/Program_Files/Raspberry_Pi/Pico_SDK_v1.5.1/pico-sdk/src/rp2_common/pico_rand/rand.c.obj
 .text.initialise_rand
                0x10007504      0x118 CMakeFiles/gc_adapter_rp2040.dir/C_/Program_Files/Raspberry_Pi/Pico_SDK_v1.5.1/pico-sdk/src/rp2_common/pico_rand/rand.c.obj
 .text.get_rand_64
                0x1000761c      0x11c CMakeFiles/gc_adapter_rp2040.dir/C_/Program_Files/Raspberry_Pi/Pico_SDK_v1.5.1/pico-sdk/src/rp2_common/pico_rand/rand.c.obj
                0x1000761c                get_rand_64
 .text.get_rand_32
                0x10007738        0x8 CMakeFiles/gc_adapter_rp2040.dir/C_/Program_Files/Raspberry_Pi/Pico_SDK_v1.5.1/pico-sdk/src/rp2_common/pico_rand/rand.c.obj
                0x10007738                get_rand_32
 .text._retrieve_unique_id_on_boot
                0x10007740       0x10 CMakeFiles/gc_adapter_rp2040.dir/C_/Program_Files/Raspberry_Pi/Pico_SDK_v1.5.1/pico-sdk/src/rp2_common/pico_unique_id/unique_id.c.obj
 .text.pico_get_unique_board_id
                0x10007750       0x10 CMakeFiles/gc_adapter_rp2040.dir/C_/Program_Files/Raspberry_Pi/Pico_SDK_v1.5.1/pico-sdk/src/rp2_common/pico_unique_id/unique_id.c.obj
                0x10007750                pico_get_unique_board_id
 .text.flash_get_unique_id
                0x10007760       0x46 CMakeFiles/gc_adapter_rp2040.dir/C_/Program_Files/Raspberry_Pi/Pico_SDK_v1.5.1/pico-sdk/src/rp2_common/hardware_flash/flash.c.obj
                0x10007760                flash_get_unique_id
 *fill*         0x100077a6        0x2 
 .text._pio_can_add_program_at_offset
                0x100077a8       0x3c CMakeFiles/gc_adapter_rp2040.dir/C_/Program_Files/Raspberry_Pi/Pico_SDK_v1.5.1/pico-sdk/src/rp2_common/hardware_pio/pio.c.obj
 .text._pio_find_offset_for_program
                0x100077e4       0x7c CMakeFiles/gc_adapter_rp2040.dir/C_/Program_Files/Raspberry_Pi/Pico_SDK_v1.5.1/pico-sdk/src/rp2_common/hardware_pio/pio.c.obj
 .text._pio_add_program_at_offset
                0x10007860       0x78 CMakeFiles/gc_adapter_rp2040.dir/C_/Program_Files/Raspberry_Pi/Pico_SDK_v1.5.1/pico-sdk/src/rp2_common/hardware_pio/pio.c.obj
 .text.pio_add_program
                0x100078d8       0x38 CMakeFiles/gc_adapter_rp2040.dir/C_/Program_Files/Raspberry_Pi/Pico_SDK_v1.5.1/pico-sdk/src/rp2_common/hardware_pio/pio.c.obj
                0x100078d8                pio_add_program
 .text.pio_sm_set_consecutive_pindirs
                0x10007910       0xa4 CMakeFiles/gc_adapter_rp2040.dir/C_/Program_Files/Raspberry_Pi/Pico_SDK_v1.5.1/pico-sdk/src/rp2_common/hardware_pio/pio.c.obj
                0x10007910                pio_sm_set_consecutive_pindirs
 .text.pio_sm_init
                0x100079b4       0xe4 CMakeFiles/gc_adapter_rp2040.dir/C_/Program_Files/Raspberry_Pi/Pico_SDK_v1.5.1/pico-sdk/src/rp2_common/hardware_pio/pio.c.obj
                0x100079b4                pio_sm_init
 .text.hw_endpoint_get_by_addr
                0x10007a98       0x18 CMakeFiles/gc_adapter_rp2040.dir/C_/Program_Files/Raspberry_Pi/Pico_SDK_v1.5.1/pico-sdk/lib/tinyusb/src/portable/raspberrypi/rp2040/dcd_rp2040.c.obj
 .text._hw_endpoint_alloc
                0x10007ab0       0x70 CMakeFiles/gc_adapter_rp2040.dir/C_/Program_Files/Raspberry_Pi/Pico_SDK_v1.5.1/pico-sdk/lib/tinyusb/src/portable/raspberrypi/rp2040/dcd_rp2040.c.obj
 .text.hw_endpoint_init
                0x10007b20       0x88 CMakeFiles/gc_adapter_rp2040.dir/C_/Program_Files/Raspberry_Pi/Pico_SDK_v1.5.1/pico-sdk/lib/tinyusb/src/portable/raspberrypi/rp2040/dcd_rp2040.c.obj
 .text.hw_endpoint_xfer
                0x10007ba8       0x14 CMakeFiles/gc_adapter_rp2040.dir/C_/Program_Files/Raspberry_Pi/Pico_SDK_v1.5.1/pico-sdk/lib/tinyusb/src/portable/raspberrypi/rp2040/dcd_rp2040.c.obj
 .text.dcd_int_enable
                0x10007bbc       0x2c CMakeFiles/gc_adapter_rp2040.dir/C_/Program_Files/Raspberry_Pi/Pico_SDK_v1.5.1/pico-sdk/lib/tinyusb/src/portable/raspberrypi/rp2040/dcd_rp2040.c.obj
                0x10007bbc                dcd_int_enable
 .text.dcd_set_address
                0x10007be8       0x2c CMakeFiles/gc_adapter_rp2040.dir/C_/Program_Files/Raspberry_Pi/Pico_SDK_v1.5.1/pico-sdk/lib/tinyusb/src/portable/raspberrypi/rp2040/dcd_rp2040.c.obj
                0x10007be8                dcd_set_address
 .text.dcd_remote_wakeup
                0x10007c14       0x38 CMakeFiles/gc_adapter_rp2040.dir/C_/Program_Files/Raspberry_Pi/Pico_SDK_v1.5.1/pico-sdk/lib/tinyusb/src/portable/raspberrypi/rp2040/dcd_rp2040.c.obj
                0x10007c14                dcd_remote_wakeup
 .text.dcd_connect
                0x10007c4c       0x10 CMakeFiles/gc_adapter_rp2040.dir/C_/Program_Files/Raspberry_Pi/Pico_SDK_v1.5.1/pico-sdk/lib/tinyusb/src/portable/raspberrypi/rp2040/dcd_rp2040.c.obj
                0x10007c4c                dcd_connect
 .text.dcd_init
                0x10007c5c       0x80 CMakeFiles/gc_adapter_rp2040.dir/C_/Program_Files/Raspberry_Pi/Pico_SDK_v1.5.1/pico-sdk/lib/tinyusb/src/portable/raspberrypi/rp2040/dcd_rp2040.c.obj
                0x10007c5c                dcd_init
 .text.dcd_edpt0_status_complete
                0x10007cdc       0x1c CMakeFiles/gc_adapter_rp2040.dir/C_/Program_Files/Raspberry_Pi/Pico_SDK_v1.5.1/pico-sdk/lib/tinyusb/src/portable/raspberrypi/rp2040/dcd_rp2040.c.obj
                0x10007cdc                dcd_edpt0_status_complete
 .text.dcd_edpt_open
                0x10007cf8       0x40 CMakeFiles/gc_adapter_rp2040.dir/C_/Program_Files/Raspberry_Pi/Pico_SDK_v1.5.1/pico-sdk/lib/tinyusb/src/portable/raspberrypi/rp2040/dcd_rp2040.c.obj
                0x10007cf8                dcd_edpt_open
 .text.dcd_edpt_close_all
                0x10007d38        0x8 CMakeFiles/gc_adapter_rp2040.dir/C_/Program_Files/Raspberry_Pi/Pico_SDK_v1.5.1/pico-sdk/lib/tinyusb/src/portable/raspberrypi/rp2040/dcd_rp2040.c.obj
                0x10007d38                dcd_edpt_close_all
 .text.dcd_edpt_xfer
                0x10007d40       0x34 CMakeFiles/gc_adapter_rp2040.dir/C_/Program_Files/Raspberry_Pi/Pico_SDK_v1.5.1/pico-sdk/lib/tinyusb/src/portable/raspberrypi/rp2040/dcd_rp2040.c.obj
                0x10007d40                dcd_edpt_xfer
 .text.dcd_edpt_stall
                0x10007d74       0x2c CMakeFiles/gc_adapter_rp2040.dir/C_/Program_Files/Raspberry_Pi/Pico_SDK_v1.5.1/pico-sdk/lib/tinyusb/src/portable/raspberrypi/rp2040/dcd_rp2040.c.obj
                0x10007d74                dcd_edpt_stall
 .text.dcd_edpt_clear_stall
                0x10007da0       0x20 CMakeFiles/gc_adapter_rp2040.dir/C_/Program_Files/Raspberry_Pi/Pico_SDK_v1.5.1/pico-sdk/lib/tinyusb/src/portable/raspberrypi/rp2040/dcd_rp2040.c.obj
                0x10007da0                dcd_edpt_clear_stall
 .text.rp2040_usb_init
                0x10007dc0       0x4c CMakeFiles/gc_adapter_rp2040.dir/C_/Program_Files/Raspberry_Pi/Pico_SDK_v1.5.1/pico-sdk/lib/tinyusb/src/portable/raspberrypi/rp2040/rp2040_usb.c.obj
                0x10007dc0                rp2040_usb_init
 .text.hw_endpoint_xfer_start
                0x10007e0c       0x50 CMakeFiles/gc_adapter_rp2040.dir/C_/Program_Files/Raspberry_Pi/Pico_SDK_v1.5.1/pico-sdk/lib/tinyusb/src/portable/raspberrypi/rp2040/rp2040_usb.c.obj
                0x10007e0c                hw_endpoint_xfer_start
 .text.configuration_reset
                0x10007e5c       0x88 CMakeFiles/gc_adapter_rp2040.dir/C_/Program_Files/Raspberry_Pi/Pico_SDK_v1.5.1/pico-sdk/lib/tinyusb/src/device/usbd.c.obj
 .text.usbd_reset
                0x10007ee4        0xc CMakeFiles/gc_adapter_rp2040.dir/C_/Program_Files/Raspberry_Pi/Pico_SDK_v1.5.1/pico-sdk/lib/tinyusb/src/device/usbd.c.obj
 .text.invoke_class_control
                0x10007ef0       0x1a CMakeFiles/gc_adapter_rp2040.dir/C_/Program_Files/Raspberry_Pi/Pico_SDK_v1.5.1/pico-sdk/lib/tinyusb/src/device/usbd.c.obj
 *fill*         0x10007f0a        0x2 
 .text.process_set_config
                0x10007f0c      0x184 CMakeFiles/gc_adapter_rp2040.dir/C_/Program_Files/Raspberry_Pi/Pico_SDK_v1.5.1/pico-sdk/lib/tinyusb/src/device/usbd.c.obj
 .text.process_get_descriptor
                0x10008090       0xdc CMakeFiles/gc_adapter_rp2040.dir/C_/Program_Files/Raspberry_Pi/Pico_SDK_v1.5.1/pico-sdk/lib/tinyusb/src/device/usbd.c.obj
 .text.tud_mounted
                0x1000816c       0x10 CMakeFiles/gc_adapter_rp2040.dir/C_/Program_Files/Raspberry_Pi/Pico_SDK_v1.5.1/pico-sdk/lib/tinyusb/src/device/usbd.c.obj
                0x1000816c                tud_mounted
 .text.tud_suspended
                0x1000817c       0x10 CMakeFiles/gc_adapter_rp2040.dir/C_/Program_Files/Raspberry_Pi/Pico_SDK_v1.5.1/pico-sdk/lib/tinyusb/src/device/usbd.c.obj
                0x1000817c                tud_suspended
 .text.tud_remote_wakeup
                0x1000818c       0x34 CMakeFiles/gc_adapter_rp2040.dir/C_/Program_Files/Raspberry_Pi/Pico_SDK_v1.5.1/pico-sdk/lib/tinyusb/src/device/usbd.c.obj
                0x1000818c                tud_remote_wakeup
 .text.tud_inited
                0x100081c0       0x14 CMakeFiles/gc_adapter_rp2040.dir/C_/Program_Files/Raspberry_Pi/Pico_SDK_v1.5.1/pico-sdk/lib/tinyusb/src/device/usbd.c.obj
                0x100081c0                tud_inited
 .text.tud_init
                0x100081d4       0xd0 CMakeFiles/gc_adapter_rp2040.dir/C_/Program_Files/Raspberry_Pi/Pico_SDK_v1.5.1/pico-sdk/lib/tinyusb/src/device/usbd.c.obj
                0x100081d4                tud_init
 .text.usbd_edpt_open
                0x100082a4       0x34 CMakeFiles/gc_adapter_rp2040.dir/C_/Program_Files/Raspberry_Pi/Pico_SDK_v1.5.1/pico-sdk/lib/tinyusb/src/device/usbd.c.obj
                0x100082a4                usbd_edpt_open
 .text.usbd_open_edpt_pair
                0x100082d8       0x62 CMakeFiles/gc_adapter_rp2040.dir/C_/Program_Files/Raspberry_Pi/Pico_SDK_v1.5.1/pico-sdk/lib/tinyusb/src/device/usbd.c.obj
                0x100082d8                usbd_open_edpt_pair
 *fill*         0x1000833a        0x2 
 .text.usbd_edpt_claim
                0x1000833c       0x28 CMakeFiles/gc_adapter_rp2040.dir/C_/Program_Files/Raspberry_Pi/Pico_SDK_v1.5.1/pico-sdk/lib/tinyusb/src/device/usbd.c.obj
                0x1000833c                usbd_edpt_claim
 .text.usbd_edpt_release
                0x10008364       0x28 CMakeFiles/gc_adapter_rp2040.dir/C_/Program_Files/Raspberry_Pi/Pico_SDK_v1.5.1/pico-sdk/lib/tinyusb/src/device/usbd.c.obj
                0x10008364                usbd_edpt_release
 .text.usbd_edpt_xfer
                0x1000838c       0x78 CMakeFiles/gc_adapter_rp2040.dir/C_/Program_Files/Raspberry_Pi/Pico_SDK_v1.5.1/pico-sdk/lib/tinyusb/src/device/usbd.c.obj
                0x1000838c                usbd_edpt_xfer
 .text.usbd_edpt_busy
                0x10008404       0x1c CMakeFiles/gc_adapter_rp2040.dir/C_/Program_Files/Raspberry_Pi/Pico_SDK_v1.5.1/pico-sdk/lib/tinyusb/src/device/usbd.c.obj
                0x10008404                usbd_edpt_busy
 .text.usbd_edpt_stall
                0x10008420       0x48 CMakeFiles/gc_adapter_rp2040.dir/C_/Program_Files/Raspberry_Pi/Pico_SDK_v1.5.1/pico-sdk/lib/tinyusb/src/device/usbd.c.obj
                0x10008420                usbd_edpt_stall
 .text.usbd_edpt_clear_stall
                0x10008468       0x48 CMakeFiles/gc_adapter_rp2040.dir/C_/Program_Files/Raspberry_Pi/Pico_SDK_v1.5.1/pico-sdk/lib/tinyusb/src/device/usbd.c.obj
                0x10008468                usbd_edpt_clear_stall
 .text.usbd_edpt_stalled
                0x100084b0       0x1c CMakeFiles/gc_adapter_rp2040.dir/C_/Program_Files/Raspberry_Pi/Pico_SDK_v1.5.1/pico-sdk/lib/tinyusb/src/device/usbd.c.obj
                0x100084b0                usbd_edpt_stalled
 .text.process_control_request
                0x100084cc      0x37c CMakeFiles/gc_adapter_rp2040.dir/C_/Program_Files/Raspberry_Pi/Pico_SDK_v1.5.1/pico-sdk/lib/tinyusb/src/device/usbd.c.obj
 .text.tud_task_ext
                0x10008848      0x1b8 CMakeFiles/gc_adapter_rp2040.dir/C_/Program_Files/Raspberry_Pi/Pico_SDK_v1.5.1/pico-sdk/lib/tinyusb/src/device/usbd.c.obj
                0x10008848                tud_task_ext
 .text._data_stage_xact
                0x10008a00       0x58 CMakeFiles/gc_adapter_rp2040.dir/C_/Program_Files/Raspberry_Pi/Pico_SDK_v1.5.1/pico-sdk/lib/tinyusb/src/device/usbd_control.c.obj
 .text.tud_control_status
                0x10008a58       0x38 CMakeFiles/gc_adapter_rp2040.dir/C_/Program_Files/Raspberry_Pi/Pico_SDK_v1.5.1/pico-sdk/lib/tinyusb/src/device/usbd_control.c.obj
                0x10008a58                tud_control_status
 .text.tud_control_xfer
                0x10008a90       0x74 CMakeFiles/gc_adapter_rp2040.dir/C_/Program_Files/Raspberry_Pi/Pico_SDK_v1.5.1/pico-sdk/lib/tinyusb/src/device/usbd_control.c.obj
                0x10008a90                tud_control_xfer
 .text.usbd_control_reset
                0x10008b04       0x14 CMakeFiles/gc_adapter_rp2040.dir/C_/Program_Files/Raspberry_Pi/Pico_SDK_v1.5.1/pico-sdk/lib/tinyusb/src/device/usbd_control.c.obj
                0x10008b04                usbd_control_reset
 .text.usbd_control_set_complete_callback
                0x10008b18        0xc CMakeFiles/gc_adapter_rp2040.dir/C_/Program_Files/Raspberry_Pi/Pico_SDK_v1.5.1/pico-sdk/lib/tinyusb/src/device/usbd_control.c.obj
                0x10008b18                usbd_control_set_complete_callback
 .text.usbd_control_set_request
                0x10008b24       0x1c CMakeFiles/gc_adapter_rp2040.dir/C_/Program_Files/Raspberry_Pi/Pico_SDK_v1.5.1/pico-sdk/lib/tinyusb/src/device/usbd_control.c.obj
                0x10008b24                usbd_control_set_request
 .text.usbd_control_xfer_cb
                0x10008b40       0xcc CMakeFiles/gc_adapter_rp2040.dir/C_/Program_Files/Raspberry_Pi/Pico_SDK_v1.5.1/pico-sdk/lib/tinyusb/src/device/usbd_control.c.obj
                0x10008b40                usbd_control_xfer_cb
 .text._prep_out_transaction
                0x10008c0c       0x48 CMakeFiles/gc_adapter_rp2040.dir/C_/Program_Files/Raspberry_Pi/Pico_SDK_v1.5.1/pico-sdk/lib/tinyusb/src/class/cdc/cdc_device.c.obj
 .text.tud_cdc_n_write_flush
                0x10008c54       0xc8 CMakeFiles/gc_adapter_rp2040.dir/C_/Program_Files/Raspberry_Pi/Pico_SDK_v1.5.1/pico-sdk/lib/tinyusb/src/class/cdc/cdc_device.c.obj
                0x10008c54                tud_cdc_n_write_flush
 .text.cdcd_init
                0x10008d1c       0xc0 CMakeFiles/gc_adapter_rp2040.dir/C_/Program_Files/Raspberry_Pi/Pico_SDK_v1.5.1/pico-sdk/lib/tinyusb/src/class/cdc/cdc_device.c.obj
                0x10008d1c                cdcd_init
 .text.cdcd_reset
                0x10008ddc       0x50 CMakeFiles/gc_adapter_rp2040.dir/C_/Program_Files/Raspberry_Pi/Pico_SDK_v1.5.1/pico-sdk/lib/tinyusb/src/class/cdc/cdc_device.c.obj
                0x10008ddc                cdcd_reset
 .text.cdcd_open
                0x10008e2c       0xd8 CMakeFiles/gc_adapter_rp2040.dir/C_/Program_Files/Raspberry_Pi/Pico_SDK_v1.5.1/pico-sdk/lib/tinyusb/src/class/cdc/cdc_device.c.obj
                0x10008e2c                cdcd_open
 .text.cdcd_control_xfer_cb
                0x10008f04      0x130 CMakeFiles/gc_adapter_rp2040.dir/C_/Program_Files/Raspberry_Pi/Pico_SDK_v1.5.1/pico-sdk/lib/tinyusb/src/class/cdc/cdc_device.c.obj
                0x10008f04                cdcd_control_xfer_cb
 .text.cdcd_xfer_cb
                0x10009034      0x12c CMakeFiles/gc_adapter_rp2040.dir/C_/Program_Files/Raspberry_Pi/Pico_SDK_v1.5.1/pico-sdk/lib/tinyusb/src/class/cdc/cdc_device.c.obj
                0x10009034                cdcd_xfer_cb
 .text.tud_hid_n_ready
                0x10009160       0x50 CMakeFiles/gc_adapter_rp2040.dir/C_/Program_Files/Raspberry_Pi/Pico_SDK_v1.5.1/pico-sdk/lib/tinyusb/src/class/hid/hid_device.c.obj
                0x10009160                tud_hid_n_ready
 .text.tud_hid_n_report
                0x100091b0       0x84 CMakeFiles/gc_adapter_rp2040.dir/C_/Program_Files/Raspberry_Pi/Pico_SDK_v1.5.1/pico-sdk/lib/tinyusb/src/class/hid/hid_device.c.obj
                0x100091b0                tud_hid_n_report
 .text.hidd_reset
                0x10009234       0x14 CMakeFiles/gc_adapter_rp2040.dir/C_/Program_Files/Raspberry_Pi/Pico_SDK_v1.5.1/pico-sdk/lib/tinyusb/src/class/hid/hid_device.c.obj
                0x10009234                hidd_reset
 .text.hidd_init
                0x10009248        0xa CMakeFiles/gc_adapter_rp2040.dir/C_/Program_Files/Raspberry_Pi/Pico_SDK_v1.5.1/pico-sdk/lib/tinyusb/src/class/hid/hid_device.c.obj
                0x10009248                hidd_init
 *fill*         0x10009252        0x2 
 .text.hidd_open
                0x10009254       0xc0 CMakeFiles/gc_adapter_rp2040.dir/C_/Program_Files/Raspberry_Pi/Pico_SDK_v1.5.1/pico-sdk/lib/tinyusb/src/class/hid/hid_device.c.obj
                0x10009254                hidd_open
 .text.hidd_control_xfer_cb
                0x10009314      0x278 CMakeFiles/gc_adapter_rp2040.dir/C_/Program_Files/Raspberry_Pi/Pico_SDK_v1.5.1/pico-sdk/lib/tinyusb/src/class/hid/hid_device.c.obj
                0x10009314                hidd_control_xfer_cb
 .text.hidd_xfer_cb
                0x1000958c       0x84 CMakeFiles/gc_adapter_rp2040.dir/C_/Program_Files/Raspberry_Pi/Pico_SDK_v1.5.1/pico-sdk/lib/tinyusb/src/class/hid/hid_device.c.obj
                0x1000958c                hidd_xfer_cb
 .text._prep_out_transaction
                0x10009610       0x2c CMakeFiles/gc_adapter_rp2040.dir/C_/Program_Files/Raspberry_Pi/Pico_SDK_v1.5.1/pico-sdk/lib/tinyusb/src/class/vendor/vendor_device.c.obj
 .text.maybe_transmit
                0x1000963c       0x3e CMakeFiles/gc_adapter_rp2040.dir/C_/Program_Files/Raspberry_Pi/Pico_SDK_v1.5.1/pico-sdk/lib/tinyusb/src/class/vendor/vendor_device.c.obj
 *fill*         0x1000967a        0x2 
 .text.tud_vendor_n_read
                0x1000967c       0x2c CMakeFiles/gc_adapter_rp2040.dir/C_/Program_Files/Raspberry_Pi/Pico_SDK_v1.5.1/pico-sdk/lib/tinyusb/src/class/vendor/vendor_device.c.obj
                0x1000967c                tud_vendor_n_read
 .text.tud_vendor_n_write
                0x100096a8       0x3c CMakeFiles/gc_adapter_rp2040.dir/C_/Program_Files/Raspberry_Pi/Pico_SDK_v1.5.1/pico-sdk/lib/tinyusb/src/class/vendor/vendor_device.c.obj
                0x100096a8                tud_vendor_n_write
 .text.tud_vendor_n_flush
                0x100096e4       0x1c CMakeFiles/gc_adapter_rp2040.dir/C_/Program_Files/Raspberry_Pi/Pico_SDK_v1.5.1/pico-sdk/lib/tinyusb/src/class/vendor/vendor_device.c.obj
                0x100096e4                tud_vendor_n_flush
 .text.vendord_init
                0x10009700       0xa8 CMakeFiles/gc_adapter_rp2040.dir/C_/Program_Files/Raspberry_Pi/Pico_SDK_v1.5.1/pico-sdk/lib/tinyusb/src/class/vendor/vendor_device.c.obj
                0x10009700                vendord_init
 .text.vendord_reset
                0x100097a8       0x40 CMakeFiles/gc_adapter_rp2040.dir/C_/Program_Files/Raspberry_Pi/Pico_SDK_v1.5.1/pico-sdk/lib/tinyusb/src/class/vendor/vendor_device.c.obj
                0x100097a8                vendord_reset
 .text.vendord_open
                0x100097e8       0xd4 CMakeFiles/gc_adapter_rp2040.dir/C_/Program_Files/Raspberry_Pi/Pico_SDK_v1.5.1/pico-sdk/lib/tinyusb/src/class/vendor/vendor_device.c.obj
                0x100097e8                vendord_open
 .text.vendord_xfer_cb
                0x100098bc       0x7c CMakeFiles/gc_adapter_rp2040.dir/C_/Program_Files/Raspberry_Pi/Pico_SDK_v1.5.1/pico-sdk/lib/tinyusb/src/class/vendor/vendor_device.c.obj
                0x100098bc                vendord_xfer_cb
 .text.tusb_init
                0x10009938        0xa CMakeFiles/gc_adapter_rp2040.dir/C_/Program_Files/Raspberry_Pi/Pico_SDK_v1.5.1/pico-sdk/lib/tinyusb/src/tusb.c.obj
                0x10009938                tusb_init
 .text.tusb_inited
                0x10009942        0xe CMakeFiles/gc_adapter_rp2040.dir/C_/Program_Files/Raspberry_Pi/Pico_SDK_v1.5.1/pico-sdk/lib/tinyusb/src/tusb.c.obj
                0x10009942                tusb_inited
 .text.tu_edpt_claim
                0x10009950       0x50 CMakeFiles/gc_adapter_rp2040.dir/C_/Program_Files/Raspberry_Pi/Pico_SDK_v1.5.1/pico-sdk/lib/tinyusb/src/tusb.c.obj
                0x10009950                tu_edpt_claim
 .text.tu_edpt_release
                0x100099a0       0x3c CMakeFiles/gc_adapter_rp2040.dir/C_/Program_Files/Raspberry_Pi/Pico_SDK_v1.5.1/pico-sdk/lib/tinyusb/src/tusb.c.obj
                0x100099a0                tu_edpt_release
 .text.tu_edpt_validate
                0x100099dc       0x78 CMakeFiles/gc_adapter_rp2040.dir/C_/Program_Files/Raspberry_Pi/Pico_SDK_v1.5.1/pico-sdk/lib/tinyusb/src/tusb.c.obj
                0x100099dc                tu_edpt_validate
 .text.tu_edpt_bind_driver
                0x10009a54       0x26 CMakeFiles/gc_adapter_rp2040.dir/C_/Program_Files/Raspberry_Pi/Pico_SDK_v1.5.1/pico-sdk/lib/tinyusb/src/tusb.c.obj
                0x10009a54                tu_edpt_bind_driver
 .text.advance_index
                0x10009a7a       0x1a CMakeFiles/gc_adapter_rp2040.dir/C_/Program_Files/Raspberry_Pi/Pico_SDK_v1.5.1/pico-sdk/lib/tinyusb/src/common/tusb_fifo.c.obj
 .text._tu_fifo_peek
                0x10009a94       0x56 CMakeFiles/gc_adapter_rp2040.dir/C_/Program_Files/Raspberry_Pi/Pico_SDK_v1.5.1/pico-sdk/lib/tinyusb/src/common/tusb_fifo.c.obj
 .text._ff_pull_const_addr
                0x10009aea       0x4c CMakeFiles/gc_adapter_rp2040.dir/C_/Program_Files/Raspberry_Pi/Pico_SDK_v1.5.1/pico-sdk/lib/tinyusb/src/common/tusb_fifo.c.obj
 .text._ff_pull_n
                0x10009b36      0x110 CMakeFiles/gc_adapter_rp2040.dir/C_/Program_Files/Raspberry_Pi/Pico_SDK_v1.5.1/pico-sdk/lib/tinyusb/src/common/tusb_fifo.c.obj
 .text._tu_fifo_peek_n
                0x10009c46       0x6a CMakeFiles/gc_adapter_rp2040.dir/C_/Program_Files/Raspberry_Pi/Pico_SDK_v1.5.1/pico-sdk/lib/tinyusb/src/common/tusb_fifo.c.obj
 .text._tu_fifo_read_n
                0x10009cb0       0x4e CMakeFiles/gc_adapter_rp2040.dir/C_/Program_Files/Raspberry_Pi/Pico_SDK_v1.5.1/pico-sdk/lib/tinyusb/src/common/tusb_fifo.c.obj
 .text._ff_push_const_addr
                0x10009cfe       0x40 CMakeFiles/gc_adapter_rp2040.dir/C_/Program_Files/Raspberry_Pi/Pico_SDK_v1.5.1/pico-sdk/lib/tinyusb/src/common/tusb_fifo.c.obj
 .text._ff_push_n
                0x10009d3e      0x10c CMakeFiles/gc_adapter_rp2040.dir/C_/Program_Files/Raspberry_Pi/Pico_SDK_v1.5.1/pico-sdk/lib/tinyusb/src/common/tusb_fifo.c.obj
 .text._tu_fifo_write_n
                0x10009e4a       0xf0 CMakeFiles/gc_adapter_rp2040.dir/C_/Program_Files/Raspberry_Pi/Pico_SDK_v1.5.1/pico-sdk/lib/tinyusb/src/common/tusb_fifo.c.obj
 .text.tu_fifo_config
                0x10009f3a       0x7c CMakeFiles/gc_adapter_rp2040.dir/C_/Program_Files/Raspberry_Pi/Pico_SDK_v1.5.1/pico-sdk/lib/tinyusb/src/common/tusb_fifo.c.obj
                0x10009f3a                tu_fifo_config
 .text.tu_fifo_count
                0x10009fb6       0x2a CMakeFiles/gc_adapter_rp2040.dir/C_/Program_Files/Raspberry_Pi/Pico_SDK_v1.5.1/pico-sdk/lib/tinyusb/src/common/tusb_fifo.c.obj
                0x10009fb6                tu_fifo_count
 .text.tu_fifo_empty
                0x10009fe0       0x10 CMakeFiles/gc_adapter_rp2040.dir/C_/Program_Files/Raspberry_Pi/Pico_SDK_v1.5.1/pico-sdk/lib/tinyusb/src/common/tusb_fifo.c.obj
                0x10009fe0                tu_fifo_empty
 .text.tu_fifo_full
                0x10009ff0       0x28 CMakeFiles/gc_adapter_rp2040.dir/C_/Program_Files/Raspberry_Pi/Pico_SDK_v1.5.1/pico-sdk/lib/tinyusb/src/common/tusb_fifo.c.obj
                0x10009ff0                tu_fifo_full
 .text.tu_fifo_remaining
                0x1000a018       0x2c CMakeFiles/gc_adapter_rp2040.dir/C_/Program_Files/Raspberry_Pi/Pico_SDK_v1.5.1/pico-sdk/lib/tinyusb/src/common/tusb_fifo.c.obj
                0x1000a018                tu_fifo_remaining
 .text.tu_fifo_read
                0x1000a044       0x42 CMakeFiles/gc_adapter_rp2040.dir/C_/Program_Files/Raspberry_Pi/Pico_SDK_v1.5.1/pico-sdk/lib/tinyusb/src/common/tusb_fifo.c.obj
                0x1000a044                tu_fifo_read
 .text.tu_fifo_read_n
                0x1000a086        0xa CMakeFiles/gc_adapter_rp2040.dir/C_/Program_Files/Raspberry_Pi/Pico_SDK_v1.5.1/pico-sdk/lib/tinyusb/src/common/tusb_fifo.c.obj
                0x1000a086                tu_fifo_read_n
 .text.tu_fifo_write
                0x1000a090       0x64 CMakeFiles/gc_adapter_rp2040.dir/C_/Program_Files/Raspberry_Pi/Pico_SDK_v1.5.1/pico-sdk/lib/tinyusb/src/common/tusb_fifo.c.obj
                0x1000a090                tu_fifo_write
 .text.tu_fifo_write_n
                0x1000a0f4        0xa CMakeFiles/gc_adapter_rp2040.dir/C_/Program_Files/Raspberry_Pi/Pico_SDK_v1.5.1/pico-sdk/lib/tinyusb/src/common/tusb_fifo.c.obj
                0x1000a0f4                tu_fifo_write_n
 .text.tu_fifo_clear
                0x1000a0fe       0x3e CMakeFiles/gc_adapter_rp2040.dir/C_/Program_Files/Raspberry_Pi/Pico_SDK_v1.5.1/pico-sdk/lib/tinyusb/src/common/tusb_fifo.c.obj
                0x1000a0fe                tu_fifo_clear
 .text.tu_fifo_set_overwritable
                0x1000a13c       0x46 CMakeFiles/gc_adapter_rp2040.dir/C_/Program_Files/Raspberry_Pi/Pico_SDK_v1.5.1/pico-sdk/lib/tinyusb/src/common/tusb_fifo.c.obj
                0x1000a13c                tu_fifo_set_overwritable
 *fill*         0x1000a182        0x2 
 .text.strlen   0x1000a184       0x5c c:/progra~1/raspbe~1/picosd~1.1/gcc-ar~1/bin/../lib/gcc/arm-none-eabi/10.3.1/../../../../arm-none-eabi/lib/thumb/v6-m/nofp\libg.a(lib_a-strlen-stub.o)
                0x1000a184                strlen
 *(.fini)
 .fini          0x1000a1e0        0x4 c:/progra~1/raspbe~1/picosd~1.1/gcc-ar~1/bin/../lib/gcc/arm-none-eabi/10.3.1/thumb/v6-m/nofp/crti.o
                0x1000a1e0                _fini
 *fill*         0x1000a1e4        0x4 
 .fini.__stub   0x1000a1e8       0xe0 linker stubs
 *crtbegin.o(.ctors)
 *crtbegin?.o(.ctors)
 *(EXCLUDE_FILE(*crtend.o *crtend?.o) .ctors)
 *(SORT_BY_NAME(.ctors.*))
 *(.ctors)
 *crtbegin.o(.dtors)
 *crtbegin?.o(.dtors)
 *(EXCLUDE_FILE(*crtend.o *crtend?.o) .dtors)
 *(SORT_BY_NAME(.dtors.*))
 *(.dtors)
 *(.eh_frame*)
 .eh_frame      0x1000a2c8        0x0 c:/progra~1/raspbe~1/picosd~1.1/gcc-ar~1/bin/../lib/gcc/arm-none-eabi/10.3.1/thumb/v6-m/nofp/crtbegin.o
                0x1000a2c8                . = ALIGN (0x4)

.glue_7         0x1000a2c8        0x0
 .glue_7        0x1000a2c8        0x0 linker stubs

.glue_7t        0x1000a2c8        0x0
 .glue_7t       0x1000a2c8        0x0 linker stubs

.vfp11_veneer   0x1000a2c8        0x0
 .vfp11_veneer  0x1000a2c8        0x0 linker stubs

.v4_bx          0x1000a2c8        0x0
 .v4_bx         0x1000a2c8        0x0 linker stubs

.iplt           0x1000a2c8        0x0
 .iplt          0x1000a2c8        0x0 c:/progra~1/raspbe~1/picosd~1.1/gcc-ar~1/bin/../lib/gcc/arm-none-eabi/10.3.1/thumb/v6-m/nofp/crtbegin.o

.rodata         0x1000a2c8     0x2308
 *(EXCLUDE_FILE(*libm.a: *libc.a:*lib_a-mem*.o *libgcc.a:) .rodata*)
 .rodata._led_defs
                0x1000a2c8        0x4 CMakeFiles/gc_adapter_rp2040.dir/src/joybus_itf.c.obj
                0x1000a2c8                _led_defs
 .rodata.joybus_program
                0x1000a2cc        0x6 CMakeFiles/gc_adapter_rp2040.dir/src/joybus_itf.c.obj
 *fill*         0x1000a2d2        0x2 
 .rodata.joybus_program_instructions
                0x1000a2d4       0x2c CMakeFiles/gc_adapter_rp2040.dir/src/joybus_itf.c.obj
 .rodata.ws2812_program
                0x1000a300        0x6 CMakeFiles/gc_adapter_rp2040.dir/src/rgb_itf.c.obj
 *fill*         0x1000a306        0x2 
 .rodata.ws2812_program_instructions
                0x1000a308        0x8 CMakeFiles/gc_adapter_rp2040.dir/src/rgb_itf.c.obj
 .rodata.desc_bos
                0x1000a310       0x39 CMakeFiles/gc_adapter_rp2040.dir/common/usb/desc_bos.c.obj
                0x1000a310                desc_bos
 *fill*         0x1000a349        0x3 
 .rodata.desc_ms_os_20
                0x1000a34c       0xb2 CMakeFiles/gc_adapter_rp2040.dir/common/usb/desc_bos.c.obj
                0x1000a34c                desc_ms_os_20
 *fill*         0x1000a3fe        0x2 
 .rodata.tud_vendor_rx_cb.str1.4
                0x1000a400       0x16 CMakeFiles/gc_adapter_rp2040.dir/common/adapter_tusb.c.obj
 *fill*         0x1000a416        0x2 
 .rodata.tud_vendor_control_xfer_cb.str1.4
                0x1000a418       0x13 CMakeFiles/gc_adapter_rp2040.dir/common/adapter_tusb.c.obj
 *fill*         0x1000a42b        0x1 
 .rodata.MS_OS_Descriptor
                0x1000a42c       0x12 CMakeFiles/gc_adapter_rp2040.dir/common/adapter_tusb.c.obj
 *fill*         0x1000a43e        0x2 
 .rodata.desc_url
                0x1000a440       0x20 CMakeFiles/gc_adapter_rp2040.dir/common/adapter_tusb.c.obj
                0x1000a440                desc_url
 .rodata.str1.4
                0x1000a460       0x4f CMakeFiles/gc_adapter_rp2040.dir/common/adapter_defines.c.obj
 *fill*         0x1000a4af        0x1 
 .rodata.settings_load.str1.4
                0x1000a4b0       0x2f CMakeFiles/gc_adapter_rp2040.dir/common/adapter_settings.c.obj
 *fill*         0x1000a4df        0x1 
 .rodata.tud_xinput_driver
                0x1000a4e0       0x18 CMakeFiles/gc_adapter_rp2040.dir/common/usb/xinput_driver.c.obj
                0x1000a4e0                tud_xinput_driver
 .rodata.xid_configuration_descriptor
                0x1000a4f8       0xa5 CMakeFiles/gc_adapter_rp2040.dir/common/usb/xinput_driver.c.obj
                0x1000a4f8                xid_configuration_descriptor
 *fill*         0x1000a59d        0x3 
 .rodata.xid_device_descriptor
                0x1000a5a0       0x12 CMakeFiles/gc_adapter_rp2040.dir/common/usb/xinput_driver.c.obj
                0x1000a5a0                xid_device_descriptor
 *fill*         0x1000a5b2        0x2 
 .rodata.ginputd_control_xfer_cb
                0x1000a5b4       0x30 CMakeFiles/gc_adapter_rp2040.dir/common/usb/ginput_driver.c.obj
 .rodata.gc_hid_report_descriptor
                0x1000a5e4       0x6a CMakeFiles/gc_adapter_rp2040.dir/common/usb/ginput_driver.c.obj
                0x1000a5e4                gc_hid_report_descriptor
 *fill*         0x1000a64e        0x2 
 .rodata.ginput_configuration_descriptor
                0x1000a650       0x29 CMakeFiles/gc_adapter_rp2040.dir/common/usb/ginput_driver.c.obj
                0x1000a650                ginput_configuration_descriptor
 *fill*         0x1000a679        0x3 
 .rodata.ginput_device_descriptor
                0x1000a67c       0x12 CMakeFiles/gc_adapter_rp2040.dir/common/usb/ginput_driver.c.obj
                0x1000a67c                ginput_device_descriptor
 *fill*         0x1000a68e        0x2 
 .rodata.ginputslippi_configuration_descriptor
                0x1000a690       0x29 CMakeFiles/gc_adapter_rp2040.dir/common/usb/ginput_driver.c.obj
                0x1000a690                ginputslippi_configuration_descriptor
 *fill*         0x1000a6b9        0x3 
 .rodata.tud_ginput_driver
                0x1000a6bc       0x18 CMakeFiles/gc_adapter_rp2040.dir/common/usb/ginput_driver.c.obj
                0x1000a6bc                tud_ginput_driver
 .rodata.info_handler.str1.4
                0x1000a6d4       0x34 CMakeFiles/gc_adapter_rp2040.dir/common/switch/switch_commands.c.obj
 .rodata.command_handler.str1.4